ASxxxx Linker V03.00 + NoICE + sdld,  page 1.
Hexadecimal  [32-Bits]

Area                       Addr        Size        Decimal Bytes (Attributes)
--------------------       ----        ----        ------- ----- ------------
.  .ABS.               00000000    00000000 =           0. bytes (ABS,CON)

        Value  Global            Value  Global            Value  Global    
        -----  ------            -----  ------            -----  ------    
     00000000  .__.ABS.  |    00000000  _rRAMG    |    00000000  l__BASE  
     00000000  l__BSS    |    00000000  l__CABS   |    00000000  l__CODE_0
     00000000  l__DABS   |    00000000  l__HEADER |    00000000  l__HEAP  
     00000000  l__HEAP_E |    00000000  l__HRAM   |    00000000  l__LIT   
     00000000  s__CABS   |    00000000  s__DABS   |    00000000  s__HEADER
     00000000  s__HEADER |    00000000  s__HEADER |    00000000  s__HEADER
     00000000  s__HEADER |    00000000  s__HEADER |    00000000  s__HEADER
     00000000  s__HEADER |    00000000  s__HEADER |    00000000  s__HEADER
     00000000  s__HEADER |    00000000  s__HEADER |    00000000  s__HEADER
     00000000  s__HEADER |    00000000  s__HEADER |    00000000  s__HEADER
     00000000  s__HEADER |    00000000  s__HEADER |    00000000  s__HEADER
     00000000  s__HRAM   |    00000000  s__HRAM12 |    00000001  l__GSFINA
     00000001  l__HEADER |    00000001  l__HEADER |    00000001  l__HEADER
     00000001  l__HEADER |    00000001  l__HEADER |    00000001  l__HEADER
     00000001  l__HEADER |    00000002  l__HEADER |    00000002  l__HEADER
     00000002  l__HEADER |    00000003  l__HEADER |    00000003  l__HRAM12
     00000005  l__HEADER |    00000006  l__HEADER |    00000007  l__HEADER
     00000008  l__HEADER |    0000002A  l__GSINIT |    00000030  l__HEADER
     00000034  l__INITIA |    00000034  l__INITIA |    0000004C  l__HEADER
     0000005A  l__DATA   |    00000084  l__HEADER |    00000170  l__HOME  
     00000200  s__CODE   |    00000CDC  l__CODE   |    00000EDC  s__HOME  
     0000104C  s__BASE   |    0000104C  s__CODE_0 |    0000104C  s__INITIA
     0000104C  s__LIT    |    00001080  s__GSINIT |    000010AA  s__GSFINA
     00002000  _rROMB0   |    00003000  _rROMB1   |    00004000  _rRAMB   
     00008000  __VRAM    |    00008000  __VRAM800 |    00008800  __VRAM880
     00009000  __VRAM900 |    00009800  __SCRN0   |    00009C00  __SCRN1  
     0000A000  __SRAM    |    0000C000  __RAM     |    0000C000  _shadow_O
     0000C0A0  s__DATA   |    0000C0FA  s__BSS    |    0000C0FA  s__INITIA
     0000C12E  s__HEAP   |    0000C12E  s__HEAP_E |    0000D000  __RAMBANK
     0000E000  .STACK    |    0000FE00  __OAMRAM  |    0000FF00  _P1_REG  
     0000FF00  __IO      |    0000FF01  _SB_REG   |    0000FF02  _SC_REG  
     0000FF04  _DIV_REG  |    0000FF05  _TIMA_REG |    0000FF06  _TMA_REG 
     0000FF07  _TAC_REG  |    0000FF0F  _IF_REG   |    0000FF10  _NR10_REG
     0000FF11  _NR11_REG |    0000FF12  _NR12_REG |    0000FF13  _NR13_REG
     0000FF14  _NR14_REG |    0000FF16  _NR21_REG |    0000FF17  _NR22_REG
     0000FF18  _NR23_REG |    0000FF19  _NR24_REG |    0000FF1A  _NR30_REG
     0000FF1B  _NR31_REG |    0000FF1C  _NR32_REG |    0000FF1D  _NR33_REG
     0000FF1E  _NR34_REG |    0000FF20  _NR41_REG |    0000FF21  _NR42_REG
     0000FF22  _NR43_REG |    0000FF23  _NR44_REG |    0000FF24  _NR50_REG
     0000FF25  _NR51_REG |    0000FF26  _NR52_REG |    0000FF30  _AUD3WAVE
     0000FF30  _PCM_SAMP |    0000FF30  __AUD3WAV |    0000FF40  _LCDC_REG
     0000FF41  _STAT_REG |    0000FF42  _SCY_REG  |    0000FF43  _SCX_REG 
     0000FF44  _LY_REG   |    0000FF45  _LYC_REG  |    0000FF46  _DMA_REG 
     0000FF47  _BGP_REG  |    0000FF48  _OBP0_REG |    0000FF49  _OBP1_REG
     0000FF4A  _WY_REG   |    0000FF4B  _WX_REG   |    0000FF4D  _KEY1_REG
     0000FF4F  _VBK_REG  |    0000FF51  _HDMA1_RE |    0000FF52  _HDMA2_RE
     0000FF53  _HDMA3_RE |    0000FF54  _HDMA4_RE |    0000FF55  _HDMA5_RE
     0000FF56  _RP_REG   |    0000FF68  _BCPS_REG |    0000FF69  _BCPD_REG
     0000FF6A  _OCPS_REG |    0000FF6B  _OCPD_REG |    0000FF70  _SVBK_REG
     0000FF76  _PCM12_RE |    0000FF77  _PCM34_RE |    0000FF80  .refresh_
ASxxxx Linker V03.00 + NoICE + sdld,  page 2.
Hexadecimal  [32-Bits]

Area                       Addr        Size        Decimal Bytes (Attributes)
--------------------       ----        ----        ------- ----- ------------
.  .ABS.               00000000    00000000 =           0. bytes (ABS,CON)

        Value  Global            Value  Global            Value  Global    
        -----  ------            -----  ------            -----  ------    
     0000FF80  __HRAM    |    0000FFFF  _IE_REG  
ASxxxx Linker V03.00 + NoICE + sdld,  page 3.
Hexadecimal  [32-Bits]

Area                       Addr        Size        Decimal Bytes (Attributes)
--------------------       ----        ----        ------- ----- ------------
_CODE                  00000200    00000CDC =        3292. bytes (REL,CON)

        Value  Global            Value  Global            Value  Global    
        -----  ------            -----  ------            -----  ------    
     00000200  A$lcc3242 |    00000200  C$tactics |    00000200  G$change_
     00000200  _change_t |    00000201  A$lcc3242 |    00000202  A$lcc3242
     00000203  A$lcc3242 |    00000203  C$tactics |    00000204  A$lcc3242
     00000205  A$lcc3242 |    00000205  C$tactics |    00000207  A$lcc3242
     00000207  C$tactics |    00000207  C$tactics |    00000209  A$lcc3242
     0000020B  A$lcc3242 |    0000020D  A$lcc3242 |    0000020E  A$lcc3242
     00000210  A$lcc3242 |    00000212  A$lcc3242 |    00000212  C$tactics
     00000213  A$lcc3242 |    00000215  A$lcc3242 |    00000216  A$lcc3242
     00000217  A$lcc3242 |    00000218  A$lcc3242 |    00000219  A$lcc3242
     0000021B  A$lcc3242 |    0000021D  A$lcc3242 |    0000021D  C$tactics
     00000220  A$lcc3242 |    00000222  A$lcc3242 |    00000224  A$lcc3242
     00000224  C$tactics |    00000226  A$lcc3242 |    00000227  A$lcc3242
     00000228  A$lcc3242 |    00000229  A$lcc3242 |    0000022A  A$lcc3242
     0000022D  A$lcc3242 |    0000022E  A$lcc3242 |    0000022F  A$lcc3242
     00000232  A$lcc3242 |    00000232  C$tactics |    00000235  A$lcc3242
     00000237  A$lcc3242 |    00000238  A$lcc3242 |    0000023A  A$lcc3242
     0000023B  A$lcc3242 |    0000023C  A$lcc3242 |    0000023D  A$lcc3242
     00000240  A$lcc3242 |    00000241  A$lcc3242 |    00000242  A$lcc3242
     00000242  C$tactics |    00000243  A$lcc3242 |    00000243  C$tactics
     00000245  A$lcc3242 |    00000246  A$lcc3242 |    00000248  A$lcc3242
     0000024A  A$lcc3242 |    0000024B  A$lcc3242 |    0000024D  A$lcc3242
     0000024F  A$lcc3242 |    00000250  A$lcc3242 |    00000253  A$lcc3242
     00000254  A$lcc3242 |    00000254  C$tactics |    00000256  A$lcc3242
     00000257  A$lcc3242 |    00000259  A$lcc3242 |    0000025A  A$lcc3242
     0000025A  C$tactics |    0000025A  XG$change |    0000025B  G$Tiles$0
     0000025B  _Tiles    |    0000061B  G$Letters |    0000061B  _Letters 
     000008FB  G$colors$ |    000008FB  _colors   |    0000093B  G$pallete
     0000093B  _palleteT |    00000948  G$MAP$0_0 |    00000948  _MAP     
     000009D8  A$lcc3242 |    000009D8  C$tactics |    000009D8  G$setup_b
     000009D8  _setup_ba |    000009DA  A$lcc3242 |    000009DA  C$tactics
     000009DC  A$lcc3242 |    000009DE  A$lcc3242 |    000009DE  C$tactics
     000009E0  A$lcc3242 |    000009E2  A$lcc3242 |    000009E4  A$lcc3242
     000009E5  A$lcc3242 |    000009E7  A$lcc3242 |    000009EA  A$lcc3242
     000009EA  C$tactics |    000009EB  A$lcc3242 |    000009ED  A$lcc3242
     000009EF  A$lcc3242 |    000009F0  A$lcc3242 |    000009F2  A$lcc3242
     000009F5  A$lcc3242 |    000009F5  C$tactics |    000009F6  A$lcc3242
     000009F7  A$lcc3242 |    000009F9  A$lcc3242 |    000009FA  A$lcc3242
     000009FB  A$lcc3242 |    000009FC  A$lcc3242 |    000009FD  A$lcc3242
     000009FE  A$lcc3242 |    000009FF  A$lcc3242 |    00000A00  A$lcc3242
     00000A01  A$lcc3242 |    00000A02  A$lcc3242 |    00000A03  A$lcc3242
     00000A05  A$lcc3242 |    00000A07  A$lcc3242 |    00000A08  A$lcc3242
     00000A09  A$lcc3242 |    00000A0A  A$lcc3242 |    00000A0B  A$lcc3242
     00000A0C  A$lcc3242 |    00000A0D  A$lcc3242 |    00000A0E  A$lcc3242
     00000A10  A$lcc3242 |    00000A11  A$lcc3242 |    00000A12  A$lcc3242
     00000A13  A$lcc3242 |    00000A15  A$lcc3242 |    00000A16  A$lcc3242
     00000A18  A$lcc3242 |    00000A19  A$lcc3242 |    00000A1A  A$lcc3242
     00000A1B  A$lcc3242 |    00000A1D  A$lcc3242 |    00000A1F  A$lcc3242
     00000A20  A$lcc3242 |    00000A21  A$lcc3242 |    00000A22  A$lcc3242
     00000A23  A$lcc3242 |    00000A24  A$lcc3242 |    00000A25  A$lcc3242
     00000A28  A$lcc3242 |    00000A29  A$lcc3242 |    00000A2A  A$lcc3242
ASxxxx Linker V03.00 + NoICE + sdld,  page 4.
Hexadecimal  [32-Bits]

Area                       Addr        Size        Decimal Bytes (Attributes)
--------------------       ----        ----        ------- ----- ------------
_CODE                  00000200    00000CDC =        3292. bytes (REL,CON)

        Value  Global            Value  Global            Value  Global    
        -----  ------            -----  ------            -----  ------    
     00000A2B  A$lcc3242 |    00000A2D  A$lcc3242 |    00000A2E  A$lcc3242
     00000A2F  A$lcc3242 |    00000A30  A$lcc3242 |    00000A32  A$lcc3242
     00000A33  A$lcc3242 |    00000A34  A$lcc3242 |    00000A35  A$lcc3242
     00000A37  A$lcc3242 |    00000A38  A$lcc3242 |    00000A39  A$lcc3242
     00000A3B  A$lcc3242 |    00000A3D  A$lcc3242 |    00000A3E  A$lcc3242
     00000A3F  A$lcc3242 |    00000A40  A$lcc3242 |    00000A41  A$lcc3242
     00000A42  A$lcc3242 |    00000A44  A$lcc3242 |    00000A46  A$lcc3242
     00000A48  A$lcc3242 |    00000A49  A$lcc3242 |    00000A4A  A$lcc3242
     00000A4B  A$lcc3242 |    00000A4C  A$lcc3242 |    00000A4D  A$lcc3242
     00000A4E  A$lcc3242 |    00000A4F  A$lcc3242 |    00000A50  A$lcc3242
     00000A50  C$tactics |    00000A53  A$lcc3242 |    00000A55  A$lcc3242
     00000A56  A$lcc3242 |    00000A57  A$lcc3242 |    00000A57  C$tactics
     00000A59  A$lcc3242 |    00000A5A  A$lcc3242 |    00000A5B  A$lcc3242
     00000A5C  A$lcc3242 |    00000A5E  A$lcc3242 |    00000A5F  A$lcc3242
     00000A61  A$lcc3242 |    00000A62  A$lcc3242 |    00000A64  A$lcc3242
     00000A65  A$lcc3242 |    00000A67  A$lcc3242 |    00000A68  A$lcc3242
     00000A6A  A$lcc3242 |    00000A6B  A$lcc3242 |    00000A6C  A$lcc3242
     00000A6D  A$lcc3242 |    00000A70  A$lcc3242 |    00000A71  A$lcc3242
     00000A72  A$lcc3242 |    00000A72  C$tactics |    00000A74  A$lcc3242
     00000A75  A$lcc3242 |    00000A78  A$lcc3242 |    00000A78  C$tactics
     00000A7A  A$lcc3242 |    00000A7B  A$lcc3242 |    00000A7E  A$lcc3242
     00000A7E  C$tactics |    00000A7F  A$lcc3242 |    00000A81  A$lcc3242
     00000A83  A$lcc3242 |    00000A83  C$tactics |    00000A83  XG$setup_
     00000A84  A$lcc3242 |    00000A84  C$tactics |    00000A84  G$main$0$
     00000A84  _main     |    00000A86  A$lcc3242 |    00000A86  C$tactics
     00000A89  A$lcc3242 |    00000A89  C$tactics |    00000A8C  A$lcc3242
     00000A8C  C$tactics |    00000A8D  A$lcc3242 |    00000A8F  A$lcc3242
     00000A8F  C$tactics |    00000A92  A$lcc3242 |    00000A93  A$lcc3242
     00000A96  A$lcc3242 |    00000A97  A$lcc3242 |    00000A9A  A$lcc3242
     00000A9C  A$lcc3242 |    00000A9C  C$tactics |    00000A9F  A$lcc3242
     00000AA0  A$lcc3242 |    00000AA3  A$lcc3242 |    00000AA4  A$lcc3242
     00000AA7  A$lcc3242 |    00000AA9  A$lcc3242 |    00000AA9  C$tactics
     00000AAB  A$lcc3242 |    00000AAD  A$lcc3242 |    00000AAF  A$lcc3242
     00000AB0  A$lcc3242 |    00000AB2  A$lcc3242 |    00000AB5  A$lcc3242
     00000AB5  C$tactics |    00000AB6  A$lcc3242 |    00000AB8  A$lcc3242
     00000ABA  A$lcc3242 |    00000ABB  A$lcc3242 |    00000ABD  A$lcc3242
     00000AC0  A$lcc3242 |    00000AC0  C$tactics |    00000AC1  A$lcc3242
     00000AC2  A$lcc3242 |    00000AC4  A$lcc3242 |    00000AC5  A$lcc3242
     00000AC6  A$lcc3242 |    00000AC7  A$lcc3242 |    00000AC8  A$lcc3242
     00000ACA  A$lcc3242 |    00000ACB  A$lcc3242 |    00000ACD  A$lcc3242
     00000ACE  A$lcc3242 |    00000AD0  A$lcc3242 |    00000AD1  A$lcc3242
     00000AD3  A$lcc3242 |    00000AD5  A$lcc3242 |    00000AD7  A$lcc3242
     00000AD8  A$lcc3242 |    00000AD9  A$lcc3242 |    00000ADA  A$lcc3242
     00000ADB  A$lcc3242 |    00000ADC  A$lcc3242 |    00000ADD  A$lcc3242
     00000ADE  A$lcc3242 |    00000ADF  A$lcc3242 |    00000AE0  A$lcc3242
     00000AE2  A$lcc3242 |    00000AE3  A$lcc3242 |    00000AE4  A$lcc3242
     00000AE5  A$lcc3242 |    00000AE7  A$lcc3242 |    00000AE8  A$lcc3242
     00000AEA  A$lcc3242 |    00000AEB  A$lcc3242 |    00000AEC  A$lcc3242
     00000AED  A$lcc3242 |    00000AEF  A$lcc3242 |    00000AF1  A$lcc3242
     00000AF2  A$lcc3242 |    00000AF3  A$lcc3242 |    00000AF4  A$lcc3242
     00000AF5  A$lcc3242 |    00000AF6  A$lcc3242 |    00000AF7  A$lcc3242
ASxxxx Linker V03.00 + NoICE + sdld,  page 5.
Hexadecimal  [32-Bits]

Area                       Addr        Size        Decimal Bytes (Attributes)
--------------------       ----        ----        ------- ----- ------------
_CODE                  00000200    00000CDC =        3292. bytes (REL,CON)

        Value  Global            Value  Global            Value  Global    
        -----  ------            -----  ------            -----  ------    
     00000AFA  A$lcc3242 |    00000AFB  A$lcc3242 |    00000AFC  A$lcc3242
     00000AFD  A$lcc3242 |    00000AFE  A$lcc3242 |    00000B00  A$lcc3242
     00000B01  A$lcc3242 |    00000B03  A$lcc3242 |    00000B04  A$lcc3242
     00000B05  A$lcc3242 |    00000B06  A$lcc3242 |    00000B07  A$lcc3242
     00000B08  A$lcc3242 |    00000B09  A$lcc3242 |    00000B0B  A$lcc3242
     00000B0D  A$lcc3242 |    00000B0E  A$lcc3242 |    00000B0F  A$lcc3242
     00000B10  A$lcc3242 |    00000B11  A$lcc3242 |    00000B12  A$lcc3242
     00000B14  A$lcc3242 |    00000B15  A$lcc3242 |    00000B16  A$lcc3242
     00000B17  A$lcc3242 |    00000B19  A$lcc3242 |    00000B1A  A$lcc3242
     00000B1C  A$lcc3242 |    00000B1D  A$lcc3242 |    00000B1E  A$lcc3242
     00000B1F  A$lcc3242 |    00000B20  A$lcc3242 |    00000B21  A$lcc3242
     00000B22  A$lcc3242 |    00000B23  A$lcc3242 |    00000B24  A$lcc3242
     00000B26  A$lcc3242 |    00000B27  A$lcc3242 |    00000B28  A$lcc3242
     00000B29  A$lcc3242 |    00000B2B  A$lcc3242 |    00000B2C  A$lcc3242
     00000B2D  A$lcc3242 |    00000B2E  A$lcc3242 |    00000B2F  A$lcc3242
     00000B30  A$lcc3242 |    00000B31  A$lcc3242 |    00000B32  A$lcc3242
     00000B34  A$lcc3242 |    00000B35  A$lcc3242 |    00000B36  A$lcc3242
     00000B36  C$tactics |    00000B37  A$lcc3242 |    00000B38  A$lcc3242
     00000B39  A$lcc3242 |    00000B3B  A$lcc3242 |    00000B3C  A$lcc3242
     00000B3D  A$lcc3242 |    00000B3E  A$lcc3242 |    00000B3F  A$lcc3242
     00000B40  A$lcc3242 |    00000B42  A$lcc3242 |    00000B43  A$lcc3242
     00000B44  A$lcc3242 |    00000B45  A$lcc3242 |    00000B46  A$lcc3242
     00000B48  A$lcc3242 |    00000B49  A$lcc3242 |    00000B4B  A$lcc3242
     00000B4C  A$lcc3242 |    00000B4D  A$lcc3242 |    00000B4E  A$lcc3242
     00000B4F  A$lcc3242 |    00000B50  A$lcc3242 |    00000B51  A$lcc3242
     00000B51  C$tactics |    00000B53  A$lcc3242 |    00000B54  A$lcc3242
     00000B56  A$lcc3242 |    00000B57  A$lcc3242 |    00000B59  A$lcc3242
     00000B5A  A$lcc3242 |    00000B5C  A$lcc3242 |    00000B5D  A$lcc3242
     00000B5F  A$lcc3242 |    00000B61  A$lcc3242 |    00000B63  A$lcc3242
     00000B64  A$lcc3242 |    00000B66  A$lcc3242 |    00000B67  A$lcc3242
     00000B69  A$lcc3242 |    00000B6A  A$lcc3242 |    00000B6B  A$lcc3242
     00000B6C  A$lcc3242 |    00000B6D  A$lcc3242 |    00000B6F  A$lcc3242
     00000B70  A$lcc3242 |    00000B71  A$lcc3242 |    00000B72  A$lcc3242
     00000B73  A$lcc3242 |    00000B74  A$lcc3242 |    00000B75  A$lcc3242
     00000B77  A$lcc3242 |    00000B78  A$lcc3242 |    00000B79  A$lcc3242
     00000B7A  A$lcc3242 |    00000B7C  A$lcc3242 |    00000B7D  A$lcc3242
     00000B7E  A$lcc3242 |    00000B7F  A$lcc3242 |    00000B80  A$lcc3242
     00000B83  A$lcc3242 |    00000B84  A$lcc3242 |    00000B85  A$lcc3242
     00000B86  A$lcc3242 |    00000B88  A$lcc3242 |    00000B89  A$lcc3242
     00000B8A  A$lcc3242 |    00000B8B  A$lcc3242 |    00000B8D  A$lcc3242
     00000B8E  A$lcc3242 |    00000B8F  A$lcc3242 |    00000B90  A$lcc3242
     00000B91  A$lcc3242 |    00000B92  A$lcc3242 |    00000B92  C$tactics
     00000B93  A$lcc3242 |    00000B94  A$lcc3242 |    00000B95  A$lcc3242
     00000B96  A$lcc3242 |    00000B99  A$lcc3242 |    00000B99  C$tactics
     00000B9B  A$lcc3242 |    00000B9C  A$lcc3242 |    00000B9F  A$lcc3242
     00000B9F  C$tactics |    00000BA2  A$lcc3242 |    00000BA3  A$lcc3242
     00000BA6  A$lcc3242 |    00000BA7  A$lcc3242 |    00000BAA  A$lcc3242
     00000BAC  A$lcc3242 |    00000BAF  A$lcc3242 |    00000BB1  A$lcc3242
     00000BB4  A$lcc3242 |    00000BB6  A$lcc3242 |    00000BB9  A$lcc3242
     00000BBB  A$lcc3242 |    00000BBE  A$lcc3242 |    00000BC0  A$lcc3242
     00000BC0  C$tactics |    00000BC3  A$lcc3242 |    00000BC4  A$lcc3242
ASxxxx Linker V03.00 + NoICE + sdld,  page 6.
Hexadecimal  [32-Bits]

Area                       Addr        Size        Decimal Bytes (Attributes)
--------------------       ----        ----        ------- ----- ------------
_CODE                  00000200    00000CDC =        3292. bytes (REL,CON)

        Value  Global            Value  Global            Value  Global    
        -----  ------            -----  ------            -----  ------    
     00000BC6  A$lcc3242 |    00000BC7  A$lcc3242 |    00000BC8  A$lcc3242
     00000BCB  A$lcc3242 |    00000BCC  A$lcc3242 |    00000BCF  A$lcc3242
     00000BD1  A$lcc3242 |    00000BD1  C$tactics |    00000BD4  A$lcc3242
     00000BD7  A$lcc3242 |    00000BD7  C$tactics |    00000BDA  A$lcc3242
     00000BDA  C$tactics |    00000BDD  A$lcc3242 |    00000BDE  A$lcc3242
     00000BE1  A$lcc3242 |    00000BE2  A$lcc3242 |    00000BE5  A$lcc3242
     00000BE7  A$lcc3242 |    00000BE7  C$tactics |    00000BEA  A$lcc3242
     00000BEB  A$lcc3242 |    00000BEC  A$lcc3242 |    00000BED  A$lcc3242
     00000BEE  A$lcc3242 |    00000BF1  A$lcc3242 |    00000BF3  A$lcc3242
     00000BF6  A$lcc3242 |    00000BF8  A$lcc3242 |    00000BF8  C$tactics
     00000BFA  A$lcc3242 |    00000BFC  A$lcc3242 |    00000BFD  A$lcc3242
     00000BFD  C$tactics |    00000BFF  A$lcc3242 |    00000C01  A$lcc3242
     00000C01  C$tactics |    00000C01  C$tactics |    00000C04  A$lcc3242
     00000C05  A$lcc3242 |    00000C06  A$lcc3242 |    00000C08  A$lcc3242
     00000C08  C$tactics |    00000C09  A$lcc3242 |    00000C0B  A$lcc3242
     00000C0B  C$tactics |    00000C0E  A$lcc3242 |    00000C0F  A$lcc3242
     00000C0F  C$tactics |    00000C11  A$lcc3242 |    00000C13  A$lcc3242
     00000C13  C$tactics |    00000C16  A$lcc3242 |    00000C17  A$lcc3242
     00000C18  A$lcc3242 |    00000C1A  A$lcc3242 |    00000C1A  C$tactics
     00000C1B  A$lcc3242 |    00000C1D  A$lcc3242 |    00000C1D  C$tactics
     00000C1F  A$lcc3242 |    00000C21  A$lcc3242 |    00000C21  C$tactics
     00000C24  A$lcc3242 |    00000C25  A$lcc3242 |    00000C27  A$lcc3242
     00000C29  A$lcc3242 |    00000C29  C$tactics |    00000C2A  A$lcc3242
     00000C2C  A$lcc3242 |    00000C2C  C$tactics |    00000C2E  A$lcc3242
     00000C30  A$lcc3242 |    00000C30  C$tactics |    00000C33  A$lcc3242
     00000C34  A$lcc3242 |    00000C35  A$lcc3242 |    00000C37  A$lcc3242
     00000C37  C$tactics |    00000C38  A$lcc3242 |    00000C3A  A$lcc3242
     00000C3A  C$tactics |    00000C3C  A$lcc3242 |    00000C3E  A$lcc3242
     00000C3E  C$tactics |    00000C41  A$lcc3242 |    00000C42  A$lcc3242
     00000C44  A$lcc3242 |    00000C46  A$lcc3242 |    00000C46  C$tactics
     00000C47  A$lcc3242 |    00000C47  C$tactics |    00000C48  A$lcc3242
     00000C49  A$lcc3242 |    00000C4B  A$lcc3242 |    00000C4B  C$tactics
     00000C4E  A$lcc3242 |    00000C50  A$lcc3242 |    00000C50  C$tactics
     00000C53  A$lcc3242 |    00000C54  A$lcc3242 |    00000C56  A$lcc3242
     00000C57  A$lcc3242 |    00000C58  A$lcc3242 |    00000C59  A$lcc3242
     00000C5A  A$lcc3242 |    00000C5B  A$lcc3242 |    00000C5C  A$lcc3242
     00000C5F  A$lcc3242 |    00000C60  A$lcc3242 |    00000C61  A$lcc3242
     00000C62  A$lcc3242 |    00000C65  A$lcc3242 |    00000C66  A$lcc3242
     00000C68  A$lcc3242 |    00000C69  A$lcc3242 |    00000C6A  A$lcc3242
     00000C6A  C$tactics |    00000C6C  A$lcc3242 |    00000C6D  A$lcc3242
     00000C6E  A$lcc3242 |    00000C71  A$lcc3242 |    00000C72  A$lcc3242
     00000C73  A$lcc3242 |    00000C74  A$lcc3242 |    00000C75  A$lcc3242
     00000C75  C$tactics |    00000C76  A$lcc3242 |    00000C77  A$lcc3242
     00000C7A  A$lcc3242 |    00000C7A  C$tactics |    00000C7D  A$lcc3242
     00000C80  A$lcc3242 |    00000C81  A$lcc3242 |    00000C83  A$lcc3242
     00000C83  C$tactics |    00000C84  A$lcc3242 |    00000C86  A$lcc3242
     00000C86  C$tactics |    00000C89  A$lcc3242 |    00000C8B  A$lcc3242
     00000C8D  A$lcc3242 |    00000C8E  A$lcc3242 |    00000C90  A$lcc3242
     00000C91  A$lcc3242 |    00000C94  A$lcc3242 |    00000C95  A$lcc3242
     00000C97  A$lcc3242 |    00000C98  A$lcc3242 |    00000C99  A$lcc3242
     00000C9A  A$lcc3242 |    00000C9B  A$lcc3242 |    00000C9C  A$lcc3242
ASxxxx Linker V03.00 + NoICE + sdld,  page 7.
Hexadecimal  [32-Bits]

Area                       Addr        Size        Decimal Bytes (Attributes)
--------------------       ----        ----        ------- ----- ------------
_CODE                  00000200    00000CDC =        3292. bytes (REL,CON)

        Value  Global            Value  Global            Value  Global    
        -----  ------            -----  ------            -----  ------    
     00000C9D  A$lcc3242 |    00000C9F  A$lcc3242 |    00000CA1  A$lcc3242
     00000CA3  A$lcc3242 |    00000CA5  A$lcc3242 |    00000CA6  A$lcc3242
     00000CA8  A$lcc3242 |    00000CAA  A$lcc3242 |    00000CAC  A$lcc3242
     00000CAD  A$lcc3242 |    00000CAF  A$lcc3242 |    00000CAF  C$tactics
     00000CB2  A$lcc3242 |    00000CB3  A$lcc3242 |    00000CB3  C$tactics
     00000CB6  A$lcc3242 |    00000CB9  A$lcc3242 |    00000CBA  A$lcc3242
     00000CBC  A$lcc3242 |    00000CBC  C$tactics |    00000CBD  A$lcc3242
     00000CBF  A$lcc3242 |    00000CBF  C$tactics |    00000CC2  A$lcc3242
     00000CC4  A$lcc3242 |    00000CC6  A$lcc3242 |    00000CC7  A$lcc3242
     00000CC9  A$lcc3242 |    00000CCA  A$lcc3242 |    00000CCD  A$lcc3242
     00000CCE  A$lcc3242 |    00000CD0  A$lcc3242 |    00000CD1  A$lcc3242
     00000CD2  A$lcc3242 |    00000CD3  A$lcc3242 |    00000CD4  A$lcc3242
     00000CD5  A$lcc3242 |    00000CD6  A$lcc3242 |    00000CD8  A$lcc3242
     00000CDA  A$lcc3242 |    00000CDC  A$lcc3242 |    00000CDE  A$lcc3242
     00000CDF  A$lcc3242 |    00000CE1  A$lcc3242 |    00000CE3  A$lcc3242
     00000CE5  A$lcc3242 |    00000CE6  A$lcc3242 |    00000CE8  A$lcc3242
     00000CE8  C$tactics |    00000CEB  A$lcc3242 |    00000CEC  A$lcc3242
     00000CEC  C$tactics |    00000CEF  A$lcc3242 |    00000CF1  A$lcc3242
     00000CF3  A$lcc3242 |    00000CF6  A$lcc3242 |    00000CF6  C$tactics
     00000CF9  A$lcc3242 |    00000CFB  A$lcc3242 |    00000CFD  A$lcc3242
     00000D00  A$lcc3242 |    00000D01  A$lcc3242 |    00000D01  C$tactics
     00000D02  A$lcc3242 |    00000D02  C$tactics |    00000D04  A$lcc3242
     00000D06  A$lcc3242 |    00000D07  A$lcc3242 |    00000D09  A$lcc3242
     00000D0A  A$lcc3242 |    00000D0B  A$lcc3242 |    00000D0E  A$lcc3242
     00000D0F  A$lcc3242 |    00000D11  A$lcc3242 |    00000D11  C$tactics
     00000D12  A$lcc3242 |    00000D14  A$lcc3242 |    00000D16  A$lcc3242
     00000D18  A$lcc3242 |    00000D18  C$tactics |    00000D19  A$lcc3242
     00000D1B  A$lcc3242 |    00000D1C  A$lcc3242 |    00000D1F  A$lcc3242
     00000D20  A$lcc3242 |    00000D22  A$lcc3242 |    00000D22  C$tactics
     00000D24  A$lcc3242 |    00000D26  A$lcc3242 |    00000D28  A$lcc3242
     00000D28  C$tactics |    00000D2A  A$lcc3242 |    00000D2D  A$lcc3242
     00000D2E  A$lcc3242 |    00000D30  A$lcc3242 |    00000D30  C$tactics
     00000D32  A$lcc3242 |    00000D34  A$lcc3242 |    00000D36  A$lcc3242
     00000D38  A$lcc3242 |    00000D38  C$tactics |    00000D3A  A$lcc3242
     00000D3B  A$lcc3242 |    00000D3E  A$lcc3242 |    00000D3F  A$lcc3242
     00000D41  A$lcc3242 |    00000D41  C$tactics |    00000D43  A$lcc3242
     00000D45  A$lcc3242 |    00000D47  A$lcc3242 |    00000D4A  A$lcc3242
     00000D4D  A$lcc3242 |    00000D4E  A$lcc3242 |    00000D50  A$lcc3242
     00000D52  A$lcc3242 |    00000D54  A$lcc3242 |    00000D55  A$lcc3242
     00000D58  A$lcc3242 |    00000D5B  A$lcc3242 |    00000D5C  A$lcc3242
     00000D5E  A$lcc3242 |    00000D60  A$lcc3242 |    00000D62  A$lcc3242
     00000D63  A$lcc3242 |    00000D66  A$lcc3242 |    00000D67  A$lcc3242
     00000D68  A$lcc3242 |    00000D69  A$lcc3242 |    00000D6C  A$lcc3242
     00000D6F  A$lcc3242 |    00000D70  A$lcc3242 |    00000D72  A$lcc3242
     00000D74  A$lcc3242 |    00000D76  A$lcc3242 |    00000D77  A$lcc3242
     00000D7A  A$lcc3242 |    00000D7D  A$lcc3242 |    00000D7E  A$lcc3242
     00000D80  A$lcc3242 |    00000D82  A$lcc3242 |    00000D84  A$lcc3242
     00000D85  A$lcc3242 |    00000D88  A$lcc3242 |    00000D89  A$lcc3242
     00000D8A  A$lcc3242 |    00000D8B  A$lcc3242 |    00000D8E  A$lcc3242
     00000D91  A$lcc3242 |    00000D92  A$lcc3242 |    00000D94  A$lcc3242
     00000D96  A$lcc3242 |    00000D98  A$lcc3242 |    00000D99  A$lcc3242
ASxxxx Linker V03.00 + NoICE + sdld,  page 8.
Hexadecimal  [32-Bits]

Area                       Addr        Size        Decimal Bytes (Attributes)
--------------------       ----        ----        ------- ----- ------------
_CODE                  00000200    00000CDC =        3292. bytes (REL,CON)

        Value  Global            Value  Global            Value  Global    
        -----  ------            -----  ------            -----  ------    
     00000D9C  A$lcc3242 |    00000D9F  A$lcc3242 |    00000DA0  A$lcc3242
     00000DA2  A$lcc3242 |    00000DA4  A$lcc3242 |    00000DA6  A$lcc3242
     00000DA7  A$lcc3242 |    00000DAA  A$lcc3242 |    00000DAB  A$lcc3242
     00000DAC  A$lcc3242 |    00000DAD  A$lcc3242 |    00000DB0  A$lcc3242
     00000DB3  A$lcc3242 |    00000DB4  A$lcc3242 |    00000DB6  A$lcc3242
     00000DB8  A$lcc3242 |    00000DBA  A$lcc3242 |    00000DBB  A$lcc3242
     00000DBE  A$lcc3242 |    00000DC1  A$lcc3242 |    00000DC2  A$lcc3242
     00000DC4  A$lcc3242 |    00000DC6  A$lcc3242 |    00000DC8  A$lcc3242
     00000DC9  A$lcc3242 |    00000DCC  A$lcc3242 |    00000DCD  A$lcc3242
     00000DCE  A$lcc3242 |    00000DCF  A$lcc3242 |    00000DCF  C$tactics
     00000DD2  A$lcc3242 |    00000DD3  A$lcc3242 |    00000DD3  C$tactics
     00000DD4  A$lcc3242 |    00000DD6  A$lcc3242 |    00000DD8  A$lcc3242
     00000DD8  C$tactics |    00000DDB  A$lcc3242 |    00000DDD  A$lcc3242
     00000DE0  A$lcc3242 |    00000DE2  A$lcc3242 |    00000DE5  A$lcc3242
     00000DE7  A$lcc3242 |    00000DEA  A$lcc3242 |    00000DEC  A$lcc3242
     00000DEF  A$lcc3242 |    00000DF1  A$lcc3242 |    00000DF1  C$tactics
     00000DF3  A$lcc3242 |    00000DF3  C$tactics |    00000DF6  A$lcc3242
     00000DF8  A$lcc3242 |    00000DFA  A$lcc3242 |    00000DFD  A$lcc3242
     00000DFF  A$lcc3242 |    00000E02  A$lcc3242 |    00000E04  A$lcc3242
     00000E07  A$lcc3242 |    00000E09  A$lcc3242 |    00000E0C  A$lcc3242
     00000E0E  A$lcc3242 |    00000E0E  C$tactics |    00000E0E  C$tactics
     00000E11  A$lcc3242 |    00000E11  C$tactics |    00000E13  A$lcc3242
     00000E15  A$lcc3242 |    00000E15  C$tactics |    00000E17  A$lcc3242
     00000E19  A$lcc3242 |    00000E1B  A$lcc3242 |    00000E1B  C$tactics
     00000E1D  A$lcc3242 |    00000E1F  A$lcc3242 |    00000E22  A$lcc3242
     00000E24  A$lcc3242 |    00000E24  C$tactics |    00000E24  XG$main$0
     00000E25  Ftactics$ |    00000E2C  Ftactics$ |    00000E33  Ftactics$
     00000E3A  Ftactics$ |    00000E41  Ftactics$ |    00000E48  Ftactics$
     00000E4F  Ftactics$ |    00000E56  Ftactics$ |    00000E5D  Ftactics$
     00000E64  Ftactics$ |    00000E6B  Ftactics$ |    00000E72  _copy_win
     00000E91  _set_spri |    00000E96  _set_bkg_ |    00000E99  .set_pale
     00000EB8  _set_spri |    00000EBD  _set_bkg_ |    00000EC0  .set_pale
ASxxxx Linker V03.00 + NoICE + sdld,  page 9.
Hexadecimal  [32-Bits]

Area                       Addr        Size        Decimal Bytes (Attributes)
--------------------       ----        ----        ------- ----- ------------
_HEADER0               00000000    00000001 =           1. bytes (ABS,CON)

        Value  Global            Value  Global            Value  Global    
        -----  ------            -----  ------            -----  ------    
     00000020  .call_hl 
ASxxxx Linker V03.00 + NoICE + sdld,  page 10.
Hexadecimal  [32-Bits]

Area                       Addr        Size        Decimal Bytes (Attributes)
--------------------       ----        ----        ------- ----- ------------
_HEADER1               00000000    00000005 =           5. bytes (ABS,CON)

        Value  Global            Value  Global            Value  Global    
        -----  ------            -----  ------            -----  ------    
     00000028  .MemsetSm
ASxxxx Linker V03.00 + NoICE + sdld,  page 11.
Hexadecimal  [32-Bits]

Area                       Addr        Size        Decimal Bytes (Attributes)
--------------------       ----        ----        ------- ----- ------------
_HEADER2               00000000    00000007 =           7. bytes (ABS,CON)

        Value  Global            Value  Global            Value  Global    
        -----  ------            -----  ------            -----  ------    
     00000030  .MemcpySm
ASxxxx Linker V03.00 + NoICE + sdld,  page 12.
Hexadecimal  [32-Bits]

Area                       Addr        Size        Decimal Bytes (Attributes)
--------------------       ----        ----        ------- ----- ------------
_HEADER3               00000000    00000008 =           8. bytes (ABS,CON)

        Value  Global            Value  Global            Value  Global    
        -----  ------            -----  ------            -----  ------    
ASxxxx Linker V03.00 + NoICE + sdld,  page 13.
Hexadecimal  [32-Bits]

Area                       Addr        Size        Decimal Bytes (Attributes)
--------------------       ----        ----        ------- ----- ------------
_HEADER4               00000000    0000004C =          76. bytes (ABS,CON)

        Value  Global            Value  Global            Value  Global    
        -----  ------            -----  ------            -----  ------    
     00000080  .int      |    0000008F  _wait_int |    0000009C  __standar
     000000AC  _refresh_
ASxxxx Linker V03.00 + NoICE + sdld,  page 14.
Hexadecimal  [32-Bits]

Area                       Addr        Size        Decimal Bytes (Attributes)
--------------------       ----        ----        ------- ----- ------------
_HEADER5               00000000    00000002 =           2. bytes (ABS,CON)

        Value  Global            Value  Global            Value  Global    
        -----  ------            -----  ------            -----  ------    
ASxxxx Linker V03.00 + NoICE + sdld,  page 15.
Hexadecimal  [32-Bits]

Area                       Addr        Size        Decimal Bytes (Attributes)
--------------------       ----        ----        ------- ----- ------------
_HEADER6               00000000    00000030 =          48. bytes (ABS,CON)

        Value  Global            Value  Global            Value  Global    
        -----  ------            -----  ------            -----  ------    
ASxxxx Linker V03.00 + NoICE + sdld,  page 16.
Hexadecimal  [32-Bits]

Area                       Addr        Size        Decimal Bytes (Attributes)
--------------------       ----        ----        ------- ----- ------------
_HEADER7               00000000    00000006 =           6. bytes (ABS,CON)

        Value  Global            Value  Global            Value  Global    
        -----  ------            -----  ------            -----  ------    
ASxxxx Linker V03.00 + NoICE + sdld,  page 17.
Hexadecimal  [32-Bits]

Area                       Addr        Size        Decimal Bytes (Attributes)
--------------------       ----        ----        ------- ----- ------------
_HEADER8               00000000    00000003 =           3. bytes (ABS,CON)

        Value  Global            Value  Global            Value  Global    
        -----  ------            -----  ------            -----  ------    
ASxxxx Linker V03.00 + NoICE + sdld,  page 18.
Hexadecimal  [32-Bits]

Area                       Addr        Size        Decimal Bytes (Attributes)
--------------------       ----        ----        ------- ----- ------------
_HEADER9               00000000    00000001 =           1. bytes (ABS,CON)

        Value  Global            Value  Global            Value  Global    
        -----  ------            -----  ------            -----  ------    
ASxxxx Linker V03.00 + NoICE + sdld,  page 19.
Hexadecimal  [32-Bits]

Area                       Addr        Size        Decimal Bytes (Attributes)
--------------------       ----        ----        ------- ----- ------------
_HEADERa               00000000    00000001 =           1. bytes (ABS,CON)

        Value  Global            Value  Global            Value  Global    
        -----  ------            -----  ------            -----  ------    
ASxxxx Linker V03.00 + NoICE + sdld,  page 20.
Hexadecimal  [32-Bits]

Area                       Addr        Size        Decimal Bytes (Attributes)
--------------------       ----        ----        ------- ----- ------------
_HEADERb               00000000    00000001 =           1. bytes (ABS,CON)

        Value  Global            Value  Global            Value  Global    
        -----  ------            -----  ------            -----  ------    
ASxxxx Linker V03.00 + NoICE + sdld,  page 21.
Hexadecimal  [32-Bits]

Area                       Addr        Size        Decimal Bytes (Attributes)
--------------------       ----        ----        ------- ----- ------------
_HEADERc               00000000    00000002 =           2. bytes (ABS,CON)

        Value  Global            Value  Global            Value  Global    
        -----  ------            -----  ------            -----  ------    
ASxxxx Linker V03.00 + NoICE + sdld,  page 22.
Hexadecimal  [32-Bits]

Area                       Addr        Size        Decimal Bytes (Attributes)
--------------------       ----        ----        ------- ----- ------------
_HEADERd               00000000    00000001 =           1. bytes (ABS,CON)

        Value  Global            Value  Global            Value  Global    
        -----  ------            -----  ------            -----  ------    
ASxxxx Linker V03.00 + NoICE + sdld,  page 23.
Hexadecimal  [32-Bits]

Area                       Addr        Size        Decimal Bytes (Attributes)
--------------------       ----        ----        ------- ----- ------------
_HEADERe               00000000    00000001 =           1. bytes (ABS,CON)

        Value  Global            Value  Global            Value  Global    
        -----  ------            -----  ------            -----  ------    
ASxxxx Linker V03.00 + NoICE + sdld,  page 24.
Hexadecimal  [32-Bits]

Area                       Addr        Size        Decimal Bytes (Attributes)
--------------------       ----        ----        ------- ----- ------------
_HEADERf               00000000    00000002 =           2. bytes (ABS,CON)

        Value  Global            Value  Global            Value  Global    
        -----  ------            -----  ------            -----  ------    
ASxxxx Linker V03.00 + NoICE + sdld,  page 25.
Hexadecimal  [32-Bits]

Area                       Addr        Size        Decimal Bytes (Attributes)
--------------------       ----        ----        ------- ----- ------------
_HEADER10              00000000    00000084 =         132. bytes (ABS,CON)

        Value  Global            Value  Global            Value  Global    
        -----  ------            -----  ------            -----  ------    
     00000150  .reset    |    00000150  _reset    |    00000157  .code_sta
     000001B9  _exit     |    000001BD  _set_inte
ASxxxx Linker V03.00 + NoICE + sdld,  page 26.
Hexadecimal  [32-Bits]

Area                       Addr        Size        Decimal Bytes (Attributes)
--------------------       ----        ----        ------- ----- ------------
_HEADER11              00000000    00000001 =           1. bytes (ABS,CON)

        Value  Global            Value  Global            Value  Global    
        -----  ------            -----  ------            -----  ------    
ASxxxx Linker V03.00 + NoICE + sdld,  page 27.
Hexadecimal  [32-Bits]

Area                       Addr        Size        Decimal Bytes (Attributes)
--------------------       ----        ----        ------- ----- ------------
_HOME                  00000EDC    00000170 =         368. bytes (REL,CON)

        Value  Global            Value  Global            Value  Global    
        -----  ------            -----  ------            -----  ------    
     00000EDC  .memset_s |    00000EE5  .memcpy_s |    00000F02  .remove_V
     00000F05  .remove_i |    00000F22  .add_VBL  |    00000F25  .add_int 
     00000F30  .wait_vbl |    00000F30  _wait_vbl |    00000F40  .display_
     00000F40  _display_ |    00000F58  _remove_V |    00000F63  _add_VBL 
     00000F6E  _set_tile |    00000F73  _set_bkg_ |    00000F73  _set_win_
     00000F7B  _set_spri |    00000FAB  _init_win |    00000FB4  _init_bkg
     00000FBD  _vmemset  |    00000FCE  .padup    |    00000FCE  _waitpadu
     00000FDE  .jpad     |    00000FDE  _joypad   |    00001006  _waitpad 
     00001007  .wait_pad |    0000100E  .init_wtt |    00001016  .init_btt
     00001024  .init_tt  |    00001027  .init_vra
ASxxxx Linker V03.00 + NoICE + sdld,  page 28.
Hexadecimal  [32-Bits]

Area                       Addr        Size        Decimal Bytes (Attributes)
--------------------       ----        ----        ------- ----- ------------
_INITIALIZER           0000104C    00000034 =          52. bytes (REL,CON)

        Value  Global            Value  Global            Value  Global    
        -----  ------            -----  ------            -----  ------    
     0000104C  Ftactics$ |    00001066  Ftactics$
ASxxxx Linker V03.00 + NoICE + sdld,  page 29.
Hexadecimal  [32-Bits]

Area                       Addr        Size        Decimal Bytes (Attributes)
--------------------       ----        ----        ------- ----- ------------
_GSINIT                00001080    0000002A =          42. bytes (REL,CON)

        Value  Global            Value  Global            Value  Global    
        -----  ------            -----  ------            -----  ------    
     00001080  gsinit    |    0000108C  A$lcc3242 |    0000108C  C$tactics
     0000108F  A$lcc3242 |    00001091  A$lcc3242 |    00001091  C$tactics
     00001094  A$lcc3242 |    00001096  A$lcc3242 |    00001096  C$tactics
     00001099  A$lcc3242 |    0000109B  A$lcc3242 |    0000109B  C$tactics
     0000109E  A$lcc3242 |    000010A0  A$lcc3242 |    000010A0  C$tactics
     000010A3  A$lcc3242 |    000010A5  A$lcc3242 |    000010A5  C$tactics
     000010A8  A$lcc3242
ASxxxx Linker V03.00 + NoICE + sdld,  page 30.
Hexadecimal  [32-Bits]

Area                       Addr        Size        Decimal Bytes (Attributes)
--------------------       ----        ----        ------- ----- ------------
_GSFINAL               000010AA    00000001 =           1. bytes (REL,CON)

        Value  Global            Value  Global            Value  Global    
        -----  ------            -----  ------            -----  ------    
ASxxxx Linker V03.00 + NoICE + sdld,  page 31.
Hexadecimal  [32-Bits]

Area                       Addr        Size        Decimal Bytes (Attributes)
--------------------       ----        ----        ------- ----- ------------
_DATA                  0000C0A0    0000005A =          90. bytes (REL,CON)

        Value  Global            Value  Global            Value  Global    
        -----  ------            -----  ------            -----  ------    
     0000C0A0  __cpu     |    0000C0A1  __is_GBA  |    0000C0A2  .mode    
     0000C0A3  .sys_time |    0000C0A3  _sys_time |    0000C0A5  .int_0x40
     0000C0B1  G$windowB |    0000C0B1  _windowBu |    0000C0F1  Ltactics.
     0000C0F2  Ltactics. |    0000C0F3  Ltactics. |    0000C0F4  Ltactics.
     0000C0F5  Ltactics. |    0000C0F6  Ltactics. |    0000C0F7  Ltactics.
     0000C0F8  Ltactics. |    0000C0F9  Ltactics.
ASxxxx Linker V03.00 + NoICE + sdld,  page 32.
Hexadecimal  [32-Bits]

Area                       Addr        Size        Decimal Bytes (Attributes)
--------------------       ----        ----        ------- ----- ------------
_INITIALIZED           0000C0FA    00000034 =          52. bytes (REL,CON)

        Value  Global            Value  Global            Value  Global    
        -----  ------            -----  ------            -----  ------    
     0000C0FA  G$display |    0000C0FA  _displayT |    0000C114  G$letter_
     0000C114  _letter_t
ASxxxx Linker V03.00 + NoICE + sdld,  page 33.
Hexadecimal  [32-Bits]

Area                       Addr        Size        Decimal Bytes (Attributes)
--------------------       ----        ----        ------- ----- ------------
_HRAM12                00000000    00000003 =           3. bytes (ABS,CON)

        Value  Global            Value  Global            Value  Global    
        -----  ------            -----  ------            -----  ------    
     0000FF90  __current |    0000FF92  __shadow_
ASxxxx Linker V03.00 + NoICE + sdld,  page 34.

Files Linked                              [ module(s) ]

C:\Users\gerzy\OneDrive - Florida Polytechnic University\Documents\Merpcraft Stuff\codeforces\gmamer_boy\gbdk\lib/gb/crt0.o
                                          [ Runtime ]
C:\Users\gerzy\AppData\Local\Temp/lcc324240.o
                                          [ tactics ]
C:\Users\gerzy\AppData\Local\Temp/lcc324241.o
                                          [  ]


Libraries Linked                          [ object file ]

C:\Users\gerzy\OneDrive - Florida Polytechnic University\Documents\Merpcraft Stuff\codeforces\gmamer_boy\gbdk\lib/gb/gb.lib
                                          [ sfr.o ]
C:\Users\gerzy\OneDrive - Florida Polytechnic University\Documents\Merpcraft Stuff\codeforces\gmamer_boy\gbdk\lib/gb/gb.lib
                                          [ cgb_palettes.o ]
C:\Users\gerzy\OneDrive - Florida Polytechnic University\Documents\Merpcraft Stuff\codeforces\gmamer_boy\gbdk\lib/gb/gb.lib
                                          [ set_data.o ]
C:\Users\gerzy\OneDrive - Florida Polytechnic University\Documents\Merpcraft Stuff\codeforces\gmamer_boy\gbdk\lib/gb/gb.lib
                                          [ init_vram.o ]
C:\Users\gerzy\OneDrive - Florida Polytechnic University\Documents\Merpcraft Stuff\codeforces\gmamer_boy\gbdk\lib/gb/gb.lib
                                          [ pad.o ]
C:\Users\gerzy\OneDrive - Florida Polytechnic University\Documents\Merpcraft Stuff\codeforces\gmamer_boy\gbdk\lib/gb/gb.lib
                                          [ init_tt.o ]

ASxxxx Linker V03.00 + NoICE + sdld,  page 35.

User Base Address Definitions

_DATA=0xC0A0
_CODE=0x0200
ASxxxx Linker V03.00 + NoICE + sdld,  page 36.

User Global Definitions

_shadow_OAM=0xC000
.STACK=0xE000
.refresh_OAM=0xFF80

