ASxxxx Linker V03.00 + NoICE + sdld,  page 1.
Hexadecimal  [32-Bits]

Area                       Addr        Size        Decimal Bytes (Attributes)
--------------------       ----        ----        ------- ----- ------------
.  .ABS.               00000000    00000000 =           0. bytes (ABS,CON)

        Value  Global            Value  Global            Value  Global    
        -----  ------            -----  ------            -----  ------    
     00000000  .__.ABS.  |    00000000  _rRAMG    |    00000000  l__BASE  
     00000000  l__BSS    |    00000000  l__CABS   |    00000000  l__CODE_0
     00000000  l__DABS   |    00000000  l__HEADER |    00000000  l__HEAP  
     00000000  l__HEAP_E |    00000000  l__HRAM   |    00000000  l__LIT   
     00000000  s__CABS   |    00000000  s__DABS   |    00000000  s__HEADER
     00000000  s__HEADER |    00000000  s__HEADER |    00000000  s__HEADER
     00000000  s__HEADER |    00000000  s__HEADER |    00000000  s__HEADER
     00000000  s__HEADER |    00000000  s__HEADER |    00000000  s__HEADER
     00000000  s__HEADER |    00000000  s__HEADER |    00000000  s__HEADER
     00000000  s__HEADER |    00000000  s__HEADER |    00000000  s__HEADER
     00000000  s__HEADER |    00000000  s__HEADER |    00000000  s__HEADER
     00000000  s__HRAM   |    00000000  s__HRAM12 |    00000001  l__GSFINA
     00000001  l__HEADER |    00000001  l__HEADER |    00000001  l__HEADER
     00000001  l__HEADER |    00000001  l__HEADER |    00000001  l__HEADER
     00000001  l__HEADER |    00000002  l__HEADER |    00000002  l__HEADER
     00000002  l__HEADER |    00000003  l__HEADER |    00000003  l__HRAM12
     00000005  l__HEADER |    00000006  l__HEADER |    00000007  l__HEADER
     00000008  l__HEADER |    0000002A  l__GSINIT |    00000030  l__HEADER
     0000004C  l__HEADER |    0000004C  l__INITIA |    0000004C  l__INITIA
     0000005A  l__DATA   |    00000084  l__HEADER |    00000170  l__HOME  
     00000200  s__CODE   |    00000B8A  l__CODE   |    00000D8A  s__HOME  
     00000EFA  s__BASE   |    00000EFA  s__CODE_0 |    00000EFA  s__INITIA
     00000EFA  s__LIT    |    00000F46  s__GSINIT |    00000F70  s__GSFINA
     00002000  _rROMB0   |    00003000  _rROMB1   |    00004000  _rRAMB   
     00008000  __VRAM    |    00008000  __VRAM800 |    00008800  __VRAM880
     00009000  __VRAM900 |    00009800  __SCRN0   |    00009C00  __SCRN1  
     0000A000  __SRAM    |    0000C000  __RAM     |    0000C000  _shadow_O
     0000C0A0  s__DATA   |    0000C0FA  s__BSS    |    0000C0FA  s__INITIA
     0000C146  s__HEAP   |    0000C146  s__HEAP_E |    0000D000  __RAMBANK
     0000E000  .STACK    |    0000FE00  __OAMRAM  |    0000FF00  _P1_REG  
     0000FF00  __IO      |    0000FF01  _SB_REG   |    0000FF02  _SC_REG  
     0000FF04  _DIV_REG  |    0000FF05  _TIMA_REG |    0000FF06  _TMA_REG 
     0000FF07  _TAC_REG  |    0000FF0F  _IF_REG   |    0000FF10  _NR10_REG
     0000FF11  _NR11_REG |    0000FF12  _NR12_REG |    0000FF13  _NR13_REG
     0000FF14  _NR14_REG |    0000FF16  _NR21_REG |    0000FF17  _NR22_REG
     0000FF18  _NR23_REG |    0000FF19  _NR24_REG |    0000FF1A  _NR30_REG
     0000FF1B  _NR31_REG |    0000FF1C  _NR32_REG |    0000FF1D  _NR33_REG
     0000FF1E  _NR34_REG |    0000FF20  _NR41_REG |    0000FF21  _NR42_REG
     0000FF22  _NR43_REG |    0000FF23  _NR44_REG |    0000FF24  _NR50_REG
     0000FF25  _NR51_REG |    0000FF26  _NR52_REG |    0000FF30  _AUD3WAVE
     0000FF30  _PCM_SAMP |    0000FF30  __AUD3WAV |    0000FF40  _LCDC_REG
     0000FF41  _STAT_REG |    0000FF42  _SCY_REG  |    0000FF43  _SCX_REG 
     0000FF44  _LY_REG   |    0000FF45  _LYC_REG  |    0000FF46  _DMA_REG 
     0000FF47  _BGP_REG  |    0000FF48  _OBP0_REG |    0000FF49  _OBP1_REG
     0000FF4A  _WY_REG   |    0000FF4B  _WX_REG   |    0000FF4D  _KEY1_REG
     0000FF4F  _VBK_REG  |    0000FF51  _HDMA1_RE |    0000FF52  _HDMA2_RE
     0000FF53  _HDMA3_RE |    0000FF54  _HDMA4_RE |    0000FF55  _HDMA5_RE
     0000FF56  _RP_REG   |    0000FF68  _BCPS_REG |    0000FF69  _BCPD_REG
     0000FF6A  _OCPS_REG |    0000FF6B  _OCPD_REG |    0000FF70  _SVBK_REG
     0000FF76  _PCM12_RE |    0000FF77  _PCM34_RE |    0000FF80  .refresh_
ASxxxx Linker V03.00 + NoICE + sdld,  page 2.
Hexadecimal  [32-Bits]

Area                       Addr        Size        Decimal Bytes (Attributes)
--------------------       ----        ----        ------- ----- ------------
.  .ABS.               00000000    00000000 =           0. bytes (ABS,CON)

        Value  Global            Value  Global            Value  Global    
        -----  ------            -----  ------            -----  ------    
     0000FF80  __HRAM    |    0000FFFF  _IE_REG  
ASxxxx Linker V03.00 + NoICE + sdld,  page 3.
Hexadecimal  [32-Bits]

Area                       Addr        Size        Decimal Bytes (Attributes)
--------------------       ----        ----        ------- ----- ------------
_CODE                  00000200    00000B8A =        2954. bytes (REL,CON)

        Value  Global            Value  Global            Value  Global    
        -----  ------            -----  ------            -----  ------    
     00000200  A$lcc2438 |    00000200  C$tactics |    00000200  G$change_
     00000200  _change_t |    00000201  A$lcc2438 |    00000202  A$lcc2438
     00000203  A$lcc2438 |    00000203  C$tactics |    00000204  A$lcc2438
     00000205  A$lcc2438 |    00000205  C$tactics |    00000207  A$lcc2438
     00000207  C$tactics |    00000207  C$tactics |    00000209  A$lcc2438
     0000020B  A$lcc2438 |    0000020D  A$lcc2438 |    0000020E  A$lcc2438
     00000210  A$lcc2438 |    00000212  A$lcc2438 |    00000212  C$tactics
     00000213  A$lcc2438 |    00000215  A$lcc2438 |    00000216  A$lcc2438
     00000217  A$lcc2438 |    00000218  A$lcc2438 |    00000219  A$lcc2438
     0000021B  A$lcc2438 |    0000021D  A$lcc2438 |    0000021D  C$tactics
     00000220  A$lcc2438 |    00000222  A$lcc2438 |    00000224  A$lcc2438
     00000224  C$tactics |    00000226  A$lcc2438 |    00000227  A$lcc2438
     00000228  A$lcc2438 |    00000229  A$lcc2438 |    0000022A  A$lcc2438
     0000022D  A$lcc2438 |    0000022E  A$lcc2438 |    0000022F  A$lcc2438
     00000232  A$lcc2438 |    00000232  C$tactics |    00000235  A$lcc2438
     00000237  A$lcc2438 |    00000238  A$lcc2438 |    0000023A  A$lcc2438
     0000023B  A$lcc2438 |    0000023C  A$lcc2438 |    0000023D  A$lcc2438
     00000240  A$lcc2438 |    00000241  A$lcc2438 |    00000242  A$lcc2438
     00000242  C$tactics |    00000243  A$lcc2438 |    00000243  C$tactics
     00000245  A$lcc2438 |    00000246  A$lcc2438 |    00000248  A$lcc2438
     0000024A  A$lcc2438 |    0000024B  A$lcc2438 |    0000024D  A$lcc2438
     0000024F  A$lcc2438 |    00000250  A$lcc2438 |    00000253  A$lcc2438
     00000254  A$lcc2438 |    00000254  C$tactics |    00000256  A$lcc2438
     00000257  A$lcc2438 |    00000259  A$lcc2438 |    0000025A  A$lcc2438
     0000025A  C$tactics |    0000025A  XG$change |    0000025B  G$Tiles$0
     0000025B  _Tiles    |    0000061B  G$Letters |    0000061B  _Letters 
     000008FB  G$MAP$0_0 |    000008FB  _MAP      |    0000098B  A$lcc2438
     0000098B  C$tactics |    0000098B  G$main$0$ |    0000098B  _main    
     0000098D  A$lcc2438 |    0000098D  C$tactics |    00000990  A$lcc2438
     00000990  C$tactics |    00000993  A$lcc2438 |    00000993  C$tactics
     00000994  A$lcc2438 |    00000996  A$lcc2438 |    00000996  C$tactics
     00000999  A$lcc2438 |    0000099A  A$lcc2438 |    0000099D  A$lcc2438
     0000099E  A$lcc2438 |    000009A1  A$lcc2438 |    000009A3  A$lcc2438
     000009A3  C$tactics |    000009A6  A$lcc2438 |    000009A7  A$lcc2438
     000009AA  A$lcc2438 |    000009AB  A$lcc2438 |    000009AE  A$lcc2438
     000009B0  A$lcc2438 |    000009B0  C$tactics |    000009B2  A$lcc2438
     000009B3  A$lcc2438 |    000009B5  A$lcc2438 |    000009B8  A$lcc2438
     000009B8  C$tactics |    000009BA  A$lcc2438 |    000009BC  A$lcc2438
     000009BE  A$lcc2438 |    000009BF  A$lcc2438 |    000009C1  A$lcc2438
     000009C4  A$lcc2438 |    000009C4  C$tactics |    000009C6  A$lcc2438
     000009C7  A$lcc2438 |    000009C8  A$lcc2438 |    000009C9  A$lcc2438
     000009CA  A$lcc2438 |    000009CB  A$lcc2438 |    000009CD  A$lcc2438
     000009CE  A$lcc2438 |    000009D0  A$lcc2438 |    000009D1  A$lcc2438
     000009D3  A$lcc2438 |    000009D4  A$lcc2438 |    000009D6  A$lcc2438
     000009D8  A$lcc2438 |    000009DA  A$lcc2438 |    000009DB  A$lcc2438
     000009DC  A$lcc2438 |    000009DD  A$lcc2438 |    000009DE  A$lcc2438
     000009DF  A$lcc2438 |    000009E0  A$lcc2438 |    000009E1  A$lcc2438
     000009E3  A$lcc2438 |    000009E4  A$lcc2438 |    000009E5  A$lcc2438
     000009E6  A$lcc2438 |    000009E8  A$lcc2438 |    000009E9  A$lcc2438
     000009EB  A$lcc2438 |    000009ED  A$lcc2438 |    000009EE  A$lcc2438
ASxxxx Linker V03.00 + NoICE + sdld,  page 4.
Hexadecimal  [32-Bits]

Area                       Addr        Size        Decimal Bytes (Attributes)
--------------------       ----        ----        ------- ----- ------------
_CODE                  00000200    00000B8A =        2954. bytes (REL,CON)

        Value  Global            Value  Global            Value  Global    
        -----  ------            -----  ------            -----  ------    
     000009F0  A$lcc2438 |    000009F1  A$lcc2438 |    000009F2  A$lcc2438
     000009F3  A$lcc2438 |    000009F4  A$lcc2438 |    000009F5  A$lcc2438
     000009F6  A$lcc2438 |    000009F7  A$lcc2438 |    000009F8  A$lcc2438
     000009F9  A$lcc2438 |    000009FA  A$lcc2438 |    000009FB  A$lcc2438
     000009FD  A$lcc2438 |    000009FE  A$lcc2438 |    000009FF  A$lcc2438
     00000A00  A$lcc2438 |    00000A02  A$lcc2438 |    00000A03  A$lcc2438
     00000A04  A$lcc2438 |    00000A05  A$lcc2438 |    00000A06  A$lcc2438
     00000A09  A$lcc2438 |    00000A0A  A$lcc2438 |    00000A0B  A$lcc2438
     00000A0C  A$lcc2438 |    00000A0E  A$lcc2438 |    00000A0F  A$lcc2438
     00000A10  A$lcc2438 |    00000A11  A$lcc2438 |    00000A13  A$lcc2438
     00000A14  A$lcc2438 |    00000A16  A$lcc2438 |    00000A17  A$lcc2438
     00000A19  A$lcc2438 |    00000A1A  A$lcc2438 |    00000A1B  A$lcc2438
     00000A1C  A$lcc2438 |    00000A1D  A$lcc2438 |    00000A1E  A$lcc2438
     00000A1F  A$lcc2438 |    00000A20  A$lcc2438 |    00000A21  A$lcc2438
     00000A22  A$lcc2438 |    00000A23  A$lcc2438 |    00000A25  A$lcc2438
     00000A27  A$lcc2438 |    00000A28  A$lcc2438 |    00000A29  A$lcc2438
     00000A2A  A$lcc2438 |    00000A2B  A$lcc2438 |    00000A2C  A$lcc2438
     00000A2D  A$lcc2438 |    00000A2E  A$lcc2438 |    00000A2F  A$lcc2438
     00000A30  A$lcc2438 |    00000A32  A$lcc2438 |    00000A33  A$lcc2438
     00000A34  A$lcc2438 |    00000A35  A$lcc2438 |    00000A37  A$lcc2438
     00000A38  A$lcc2438 |    00000A3A  A$lcc2438 |    00000A3B  A$lcc2438
     00000A3C  A$lcc2438 |    00000A3D  A$lcc2438 |    00000A3F  A$lcc2438
     00000A41  A$lcc2438 |    00000A43  A$lcc2438 |    00000A44  A$lcc2438
     00000A45  A$lcc2438 |    00000A46  A$lcc2438 |    00000A47  A$lcc2438
     00000A48  A$lcc2438 |    00000A49  A$lcc2438 |    00000A4A  A$lcc2438
     00000A4B  A$lcc2438 |    00000A4C  A$lcc2438 |    00000A4D  A$lcc2438
     00000A4D  C$tactics |    00000A4E  A$lcc2438 |    00000A50  A$lcc2438
     00000A51  A$lcc2438 |    00000A52  A$lcc2438 |    00000A54  A$lcc2438
     00000A55  A$lcc2438 |    00000A57  A$lcc2438 |    00000A58  A$lcc2438
     00000A59  A$lcc2438 |    00000A5A  A$lcc2438 |    00000A5A  C$tactics
     00000A5C  A$lcc2438 |    00000A5D  A$lcc2438 |    00000A5E  A$lcc2438
     00000A5F  A$lcc2438 |    00000A61  A$lcc2438 |    00000A62  A$lcc2438
     00000A64  A$lcc2438 |    00000A65  A$lcc2438 |    00000A67  A$lcc2438
     00000A68  A$lcc2438 |    00000A6A  A$lcc2438 |    00000A6B  A$lcc2438
     00000A6D  A$lcc2438 |    00000A6E  A$lcc2438 |    00000A70  A$lcc2438
     00000A71  A$lcc2438 |    00000A72  A$lcc2438 |    00000A73  A$lcc2438
     00000A74  A$lcc2438 |    00000A75  A$lcc2438 |    00000A76  A$lcc2438
     00000A79  A$lcc2438 |    00000A7A  A$lcc2438 |    00000A7B  A$lcc2438
     00000A7C  A$lcc2438 |    00000A7E  A$lcc2438 |    00000A7F  A$lcc2438
     00000A81  A$lcc2438 |    00000A81  C$tactics |    00000A82  A$lcc2438
     00000A83  A$lcc2438 |    00000A84  A$lcc2438 |    00000A87  A$lcc2438
     00000A87  C$tactics |    00000A88  A$lcc2438 |    00000A8B  A$lcc2438
     00000A8B  C$tactics |    00000A8D  A$lcc2438 |    00000A8F  A$lcc2438
     00000A91  A$lcc2438 |    00000A92  A$lcc2438 |    00000A94  A$lcc2438
     00000A96  A$lcc2438 |    00000A96  C$tactics |    00000A98  A$lcc2438
     00000A99  A$lcc2438 |    00000A9B  A$lcc2438 |    00000A9D  A$lcc2438
     00000A9D  C$tactics |    00000A9F  A$lcc2438 |    00000AA0  A$lcc2438
     00000AA2  A$lcc2438 |    00000AA3  A$lcc2438 |    00000AA4  A$lcc2438
     00000AA5  A$lcc2438 |    00000AA6  A$lcc2438 |    00000AA7  A$lcc2438
     00000AA8  A$lcc2438 |    00000AAA  A$lcc2438 |    00000AAB  A$lcc2438
     00000AAC  A$lcc2438 |    00000AAE  A$lcc2438 |    00000AAF  A$lcc2438
ASxxxx Linker V03.00 + NoICE + sdld,  page 5.
Hexadecimal  [32-Bits]

Area                       Addr        Size        Decimal Bytes (Attributes)
--------------------       ----        ----        ------- ----- ------------
_CODE                  00000200    00000B8A =        2954. bytes (REL,CON)

        Value  Global            Value  Global            Value  Global    
        -----  ------            -----  ------            -----  ------    
     00000AB1  A$lcc2438 |    00000AB1  C$tactics |    00000AB2  A$lcc2438
     00000AB4  A$lcc2438 |    00000AB4  C$tactics |    00000AB6  A$lcc2438
     00000AB7  A$lcc2438 |    00000AB9  A$lcc2438 |    00000AB9  C$tactics
     00000ABC  A$lcc2438 |    00000ABD  A$lcc2438 |    00000AC0  A$lcc2438
     00000AC1  A$lcc2438 |    00000AC4  A$lcc2438 |    00000AC6  A$lcc2438
     00000AC9  A$lcc2438 |    00000ACB  A$lcc2438 |    00000ACE  A$lcc2438
     00000AD0  A$lcc2438 |    00000AD3  A$lcc2438 |    00000AD5  A$lcc2438
     00000AD8  A$lcc2438 |    00000ADA  A$lcc2438 |    00000ADA  C$tactics
     00000ADD  A$lcc2438 |    00000ADE  A$lcc2438 |    00000AE0  A$lcc2438
     00000AE1  A$lcc2438 |    00000AE2  A$lcc2438 |    00000AE5  A$lcc2438
     00000AE6  A$lcc2438 |    00000AE9  A$lcc2438 |    00000AEB  A$lcc2438
     00000AEB  C$tactics |    00000AEE  A$lcc2438 |    00000AF1  A$lcc2438
     00000AF1  C$tactics |    00000AF3  A$lcc2438 |    00000AF5  A$lcc2438
     00000AF6  A$lcc2438 |    00000AF6  C$tactics |    00000AF8  A$lcc2438
     00000AFA  A$lcc2438 |    00000AFA  C$tactics |    00000AFA  C$tactics
     00000AFD  A$lcc2438 |    00000AFE  A$lcc2438 |    00000AFF  A$lcc2438
     00000B01  A$lcc2438 |    00000B01  C$tactics |    00000B02  A$lcc2438
     00000B04  A$lcc2438 |    00000B04  C$tactics |    00000B07  A$lcc2438
     00000B08  A$lcc2438 |    00000B08  C$tactics |    00000B0A  A$lcc2438
     00000B0C  A$lcc2438 |    00000B0C  C$tactics |    00000B0F  A$lcc2438
     00000B10  A$lcc2438 |    00000B11  A$lcc2438 |    00000B13  A$lcc2438
     00000B13  C$tactics |    00000B14  A$lcc2438 |    00000B16  A$lcc2438
     00000B16  C$tactics |    00000B18  A$lcc2438 |    00000B1A  A$lcc2438
     00000B1A  C$tactics |    00000B1D  A$lcc2438 |    00000B1E  A$lcc2438
     00000B20  A$lcc2438 |    00000B22  A$lcc2438 |    00000B22  C$tactics
     00000B23  A$lcc2438 |    00000B25  A$lcc2438 |    00000B25  C$tactics
     00000B27  A$lcc2438 |    00000B29  A$lcc2438 |    00000B29  C$tactics
     00000B2C  A$lcc2438 |    00000B2D  A$lcc2438 |    00000B2E  A$lcc2438
     00000B30  A$lcc2438 |    00000B30  C$tactics |    00000B31  A$lcc2438
     00000B33  A$lcc2438 |    00000B33  C$tactics |    00000B35  A$lcc2438
     00000B37  A$lcc2438 |    00000B37  C$tactics |    00000B3A  A$lcc2438
     00000B3B  A$lcc2438 |    00000B3D  A$lcc2438 |    00000B3F  A$lcc2438
     00000B3F  C$tactics |    00000B40  A$lcc2438 |    00000B40  C$tactics
     00000B41  A$lcc2438 |    00000B42  A$lcc2438 |    00000B44  A$lcc2438
     00000B44  C$tactics |    00000B47  A$lcc2438 |    00000B49  A$lcc2438
     00000B49  C$tactics |    00000B4C  A$lcc2438 |    00000B4D  A$lcc2438
     00000B4F  A$lcc2438 |    00000B50  A$lcc2438 |    00000B51  A$lcc2438
     00000B52  A$lcc2438 |    00000B53  A$lcc2438 |    00000B54  A$lcc2438
     00000B55  A$lcc2438 |    00000B58  A$lcc2438 |    00000B59  A$lcc2438
     00000B5A  A$lcc2438 |    00000B5B  A$lcc2438 |    00000B5E  A$lcc2438
     00000B5F  A$lcc2438 |    00000B61  A$lcc2438 |    00000B62  A$lcc2438
     00000B63  A$lcc2438 |    00000B63  C$tactics |    00000B65  A$lcc2438
     00000B66  A$lcc2438 |    00000B67  A$lcc2438 |    00000B6A  A$lcc2438
     00000B6B  A$lcc2438 |    00000B6C  A$lcc2438 |    00000B6D  A$lcc2438
     00000B6E  A$lcc2438 |    00000B6E  C$tactics |    00000B6F  A$lcc2438
     00000B70  A$lcc2438 |    00000B73  A$lcc2438 |    00000B73  C$tactics
     00000B76  A$lcc2438 |    00000B79  A$lcc2438 |    00000B7A  A$lcc2438
     00000B7C  A$lcc2438 |    00000B7C  C$tactics |    00000B7D  A$lcc2438
     00000B7F  A$lcc2438 |    00000B7F  C$tactics |    00000B82  A$lcc2438
     00000B84  A$lcc2438 |    00000B86  A$lcc2438 |    00000B87  A$lcc2438
     00000B89  A$lcc2438 |    00000B8A  A$lcc2438 |    00000B8D  A$lcc2438
ASxxxx Linker V03.00 + NoICE + sdld,  page 6.
Hexadecimal  [32-Bits]

Area                       Addr        Size        Decimal Bytes (Attributes)
--------------------       ----        ----        ------- ----- ------------
_CODE                  00000200    00000B8A =        2954. bytes (REL,CON)

        Value  Global            Value  Global            Value  Global    
        -----  ------            -----  ------            -----  ------    
     00000B8E  A$lcc2438 |    00000B90  A$lcc2438 |    00000B91  A$lcc2438
     00000B92  A$lcc2438 |    00000B93  A$lcc2438 |    00000B94  A$lcc2438
     00000B95  A$lcc2438 |    00000B96  A$lcc2438 |    00000B98  A$lcc2438
     00000B9A  A$lcc2438 |    00000B9C  A$lcc2438 |    00000B9E  A$lcc2438
     00000B9F  A$lcc2438 |    00000BA1  A$lcc2438 |    00000BA3  A$lcc2438
     00000BA5  A$lcc2438 |    00000BA6  A$lcc2438 |    00000BA8  A$lcc2438
     00000BA8  C$tactics |    00000BAB  A$lcc2438 |    00000BAC  A$lcc2438
     00000BAC  C$tactics |    00000BAF  A$lcc2438 |    00000BB2  A$lcc2438
     00000BB3  A$lcc2438 |    00000BB5  A$lcc2438 |    00000BB5  C$tactics
     00000BB6  A$lcc2438 |    00000BB8  A$lcc2438 |    00000BB8  C$tactics
     00000BBB  A$lcc2438 |    00000BBD  A$lcc2438 |    00000BBF  A$lcc2438
     00000BC0  A$lcc2438 |    00000BC2  A$lcc2438 |    00000BC3  A$lcc2438
     00000BC6  A$lcc2438 |    00000BC7  A$lcc2438 |    00000BC9  A$lcc2438
     00000BCA  A$lcc2438 |    00000BCB  A$lcc2438 |    00000BCC  A$lcc2438
     00000BCD  A$lcc2438 |    00000BCE  A$lcc2438 |    00000BCF  A$lcc2438
     00000BD1  A$lcc2438 |    00000BD3  A$lcc2438 |    00000BD5  A$lcc2438
     00000BD7  A$lcc2438 |    00000BD8  A$lcc2438 |    00000BDA  A$lcc2438
     00000BDC  A$lcc2438 |    00000BDE  A$lcc2438 |    00000BDF  A$lcc2438
     00000BE1  A$lcc2438 |    00000BE1  C$tactics |    00000BE4  A$lcc2438
     00000BE5  A$lcc2438 |    00000BE5  C$tactics |    00000BE8  A$lcc2438
     00000BEA  A$lcc2438 |    00000BEC  A$lcc2438 |    00000BEF  A$lcc2438
     00000BEF  C$tactics |    00000BF2  A$lcc2438 |    00000BF4  A$lcc2438
     00000BF6  A$lcc2438 |    00000BF9  A$lcc2438 |    00000BFA  A$lcc2438
     00000BFA  C$tactics |    00000BFB  A$lcc2438 |    00000BFB  C$tactics
     00000BFD  A$lcc2438 |    00000C00  A$lcc2438 |    00000C01  A$lcc2438
     00000C03  A$lcc2438 |    00000C03  C$tactics |    00000C05  A$lcc2438
     00000C07  A$lcc2438 |    00000C09  A$lcc2438 |    00000C0B  A$lcc2438
     00000C0B  C$tactics |    00000C0D  A$lcc2438 |    00000C0E  A$lcc2438
     00000C11  A$lcc2438 |    00000C12  A$lcc2438 |    00000C14  A$lcc2438
     00000C14  C$tactics |    00000C16  A$lcc2438 |    00000C18  A$lcc2438
     00000C1A  A$lcc2438 |    00000C1A  C$tactics |    00000C1C  A$lcc2438
     00000C1F  A$lcc2438 |    00000C20  A$lcc2438 |    00000C22  A$lcc2438
     00000C22  C$tactics |    00000C24  A$lcc2438 |    00000C26  A$lcc2438
     00000C28  A$lcc2438 |    00000C2A  A$lcc2438 |    00000C2A  C$tactics
     00000C2C  A$lcc2438 |    00000C2D  A$lcc2438 |    00000C30  A$lcc2438
     00000C31  A$lcc2438 |    00000C33  A$lcc2438 |    00000C33  C$tactics
     00000C35  A$lcc2438 |    00000C37  A$lcc2438 |    00000C39  A$lcc2438
     00000C3C  A$lcc2438 |    00000C3F  A$lcc2438 |    00000C40  A$lcc2438
     00000C42  A$lcc2438 |    00000C44  A$lcc2438 |    00000C46  A$lcc2438
     00000C47  A$lcc2438 |    00000C4A  A$lcc2438 |    00000C4D  A$lcc2438
     00000C4E  A$lcc2438 |    00000C50  A$lcc2438 |    00000C52  A$lcc2438
     00000C54  A$lcc2438 |    00000C55  A$lcc2438 |    00000C58  A$lcc2438
     00000C59  A$lcc2438 |    00000C5A  A$lcc2438 |    00000C5B  A$lcc2438
     00000C5E  A$lcc2438 |    00000C61  A$lcc2438 |    00000C62  A$lcc2438
     00000C64  A$lcc2438 |    00000C66  A$lcc2438 |    00000C68  A$lcc2438
     00000C69  A$lcc2438 |    00000C6C  A$lcc2438 |    00000C6F  A$lcc2438
     00000C70  A$lcc2438 |    00000C72  A$lcc2438 |    00000C74  A$lcc2438
     00000C76  A$lcc2438 |    00000C77  A$lcc2438 |    00000C7A  A$lcc2438
     00000C7B  A$lcc2438 |    00000C7C  A$lcc2438 |    00000C7D  A$lcc2438
     00000C80  A$lcc2438 |    00000C83  A$lcc2438 |    00000C84  A$lcc2438
     00000C86  A$lcc2438 |    00000C88  A$lcc2438 |    00000C8A  A$lcc2438
ASxxxx Linker V03.00 + NoICE + sdld,  page 7.
Hexadecimal  [32-Bits]

Area                       Addr        Size        Decimal Bytes (Attributes)
--------------------       ----        ----        ------- ----- ------------
_CODE                  00000200    00000B8A =        2954. bytes (REL,CON)

        Value  Global            Value  Global            Value  Global    
        -----  ------            -----  ------            -----  ------    
     00000C8B  A$lcc2438 |    00000C8E  A$lcc2438 |    00000C91  A$lcc2438
     00000C92  A$lcc2438 |    00000C94  A$lcc2438 |    00000C96  A$lcc2438
     00000C98  A$lcc2438 |    00000C99  A$lcc2438 |    00000C9C  A$lcc2438
     00000C9D  A$lcc2438 |    00000C9E  A$lcc2438 |    00000C9F  A$lcc2438
     00000CA2  A$lcc2438 |    00000CA5  A$lcc2438 |    00000CA6  A$lcc2438
     00000CA8  A$lcc2438 |    00000CAA  A$lcc2438 |    00000CAC  A$lcc2438
     00000CAD  A$lcc2438 |    00000CB0  A$lcc2438 |    00000CB3  A$lcc2438
     00000CB4  A$lcc2438 |    00000CB6  A$lcc2438 |    00000CB8  A$lcc2438
     00000CBA  A$lcc2438 |    00000CBB  A$lcc2438 |    00000CBE  A$lcc2438
     00000CBF  A$lcc2438 |    00000CC0  A$lcc2438 |    00000CC1  A$lcc2438
     00000CC1  C$tactics |    00000CC4  A$lcc2438 |    00000CC5  A$lcc2438
     00000CC5  C$tactics |    00000CC6  A$lcc2438 |    00000CC8  A$lcc2438
     00000CCA  A$lcc2438 |    00000CCA  C$tactics |    00000CCD  A$lcc2438
     00000CCF  A$lcc2438 |    00000CD2  A$lcc2438 |    00000CD4  A$lcc2438
     00000CD7  A$lcc2438 |    00000CD9  A$lcc2438 |    00000CDC  A$lcc2438
     00000CDE  A$lcc2438 |    00000CE1  A$lcc2438 |    00000CE3  A$lcc2438
     00000CE3  C$tactics |    00000CE5  A$lcc2438 |    00000CE5  C$tactics
     00000CE8  A$lcc2438 |    00000CEA  A$lcc2438 |    00000CEC  A$lcc2438
     00000CEF  A$lcc2438 |    00000CF1  A$lcc2438 |    00000CF4  A$lcc2438
     00000CF6  A$lcc2438 |    00000CF9  A$lcc2438 |    00000CFB  A$lcc2438
     00000CFE  A$lcc2438 |    00000D00  A$lcc2438 |    00000D00  C$tactics
     00000D00  C$tactics |    00000D03  A$lcc2438 |    00000D03  C$tactics
     00000D05  A$lcc2438 |    00000D07  A$lcc2438 |    00000D07  C$tactics
     00000D09  A$lcc2438 |    00000D0B  A$lcc2438 |    00000D0D  A$lcc2438
     00000D0D  C$tactics |    00000D0F  A$lcc2438 |    00000D11  A$lcc2438
     00000D14  A$lcc2438 |    00000D16  A$lcc2438 |    00000D16  C$tactics
     00000D16  XG$main$0 |    00000D17  Ftactics$ |    00000D1E  Ftactics$
     00000D25  Ftactics$ |    00000D2C  Ftactics$ |    00000D33  Ftactics$
     00000D3A  Ftactics$ |    00000D41  Ftactics$ |    00000D48  Ftactics$
     00000D4F  Ftactics$ |    00000D56  Ftactics$ |    00000D5D  Ftactics$
     00000D64  Ftactics$ |    00000D6B  _copy_win
ASxxxx Linker V03.00 + NoICE + sdld,  page 8.
Hexadecimal  [32-Bits]

Area                       Addr        Size        Decimal Bytes (Attributes)
--------------------       ----        ----        ------- ----- ------------
_HEADER0               00000000    00000001 =           1. bytes (ABS,CON)

        Value  Global            Value  Global            Value  Global    
        -----  ------            -----  ------            -----  ------    
     00000020  .call_hl 
ASxxxx Linker V03.00 + NoICE + sdld,  page 9.
Hexadecimal  [32-Bits]

Area                       Addr        Size        Decimal Bytes (Attributes)
--------------------       ----        ----        ------- ----- ------------
_HEADER1               00000000    00000005 =           5. bytes (ABS,CON)

        Value  Global            Value  Global            Value  Global    
        -----  ------            -----  ------            -----  ------    
     00000028  .MemsetSm
ASxxxx Linker V03.00 + NoICE + sdld,  page 10.
Hexadecimal  [32-Bits]

Area                       Addr        Size        Decimal Bytes (Attributes)
--------------------       ----        ----        ------- ----- ------------
_HEADER2               00000000    00000007 =           7. bytes (ABS,CON)

        Value  Global            Value  Global            Value  Global    
        -----  ------            -----  ------            -----  ------    
     00000030  .MemcpySm
ASxxxx Linker V03.00 + NoICE + sdld,  page 11.
Hexadecimal  [32-Bits]

Area                       Addr        Size        Decimal Bytes (Attributes)
--------------------       ----        ----        ------- ----- ------------
_HEADER3               00000000    00000008 =           8. bytes (ABS,CON)

        Value  Global            Value  Global            Value  Global    
        -----  ------            -----  ------            -----  ------    
ASxxxx Linker V03.00 + NoICE + sdld,  page 12.
Hexadecimal  [32-Bits]

Area                       Addr        Size        Decimal Bytes (Attributes)
--------------------       ----        ----        ------- ----- ------------
_HEADER4               00000000    0000004C =          76. bytes (ABS,CON)

        Value  Global            Value  Global            Value  Global    
        -----  ------            -----  ------            -----  ------    
     00000080  .int      |    0000008F  _wait_int |    0000009C  __standar
     000000AC  _refresh_
ASxxxx Linker V03.00 + NoICE + sdld,  page 13.
Hexadecimal  [32-Bits]

Area                       Addr        Size        Decimal Bytes (Attributes)
--------------------       ----        ----        ------- ----- ------------
_HEADER5               00000000    00000002 =           2. bytes (ABS,CON)

        Value  Global            Value  Global            Value  Global    
        -----  ------            -----  ------            -----  ------    
ASxxxx Linker V03.00 + NoICE + sdld,  page 14.
Hexadecimal  [32-Bits]

Area                       Addr        Size        Decimal Bytes (Attributes)
--------------------       ----        ----        ------- ----- ------------
_HEADER6               00000000    00000030 =          48. bytes (ABS,CON)

        Value  Global            Value  Global            Value  Global    
        -----  ------            -----  ------            -----  ------    
ASxxxx Linker V03.00 + NoICE + sdld,  page 15.
Hexadecimal  [32-Bits]

Area                       Addr        Size        Decimal Bytes (Attributes)
--------------------       ----        ----        ------- ----- ------------
_HEADER7               00000000    00000006 =           6. bytes (ABS,CON)

        Value  Global            Value  Global            Value  Global    
        -----  ------            -----  ------            -----  ------    
ASxxxx Linker V03.00 + NoICE + sdld,  page 16.
Hexadecimal  [32-Bits]

Area                       Addr        Size        Decimal Bytes (Attributes)
--------------------       ----        ----        ------- ----- ------------
_HEADER8               00000000    00000003 =           3. bytes (ABS,CON)

        Value  Global            Value  Global            Value  Global    
        -----  ------            -----  ------            -----  ------    
ASxxxx Linker V03.00 + NoICE + sdld,  page 17.
Hexadecimal  [32-Bits]

Area                       Addr        Size        Decimal Bytes (Attributes)
--------------------       ----        ----        ------- ----- ------------
_HEADER9               00000000    00000001 =           1. bytes (ABS,CON)

        Value  Global            Value  Global            Value  Global    
        -----  ------            -----  ------            -----  ------    
ASxxxx Linker V03.00 + NoICE + sdld,  page 18.
Hexadecimal  [32-Bits]

Area                       Addr        Size        Decimal Bytes (Attributes)
--------------------       ----        ----        ------- ----- ------------
_HEADERa               00000000    00000001 =           1. bytes (ABS,CON)

        Value  Global            Value  Global            Value  Global    
        -----  ------            -----  ------            -----  ------    
ASxxxx Linker V03.00 + NoICE + sdld,  page 19.
Hexadecimal  [32-Bits]

Area                       Addr        Size        Decimal Bytes (Attributes)
--------------------       ----        ----        ------- ----- ------------
_HEADERb               00000000    00000001 =           1. bytes (ABS,CON)

        Value  Global            Value  Global            Value  Global    
        -----  ------            -----  ------            -----  ------    
ASxxxx Linker V03.00 + NoICE + sdld,  page 20.
Hexadecimal  [32-Bits]

Area                       Addr        Size        Decimal Bytes (Attributes)
--------------------       ----        ----        ------- ----- ------------
_HEADERc               00000000    00000002 =           2. bytes (ABS,CON)

        Value  Global            Value  Global            Value  Global    
        -----  ------            -----  ------            -----  ------    
ASxxxx Linker V03.00 + NoICE + sdld,  page 21.
Hexadecimal  [32-Bits]

Area                       Addr        Size        Decimal Bytes (Attributes)
--------------------       ----        ----        ------- ----- ------------
_HEADERd               00000000    00000001 =           1. bytes (ABS,CON)

        Value  Global            Value  Global            Value  Global    
        -----  ------            -----  ------            -----  ------    
ASxxxx Linker V03.00 + NoICE + sdld,  page 22.
Hexadecimal  [32-Bits]

Area                       Addr        Size        Decimal Bytes (Attributes)
--------------------       ----        ----        ------- ----- ------------
_HEADERe               00000000    00000001 =           1. bytes (ABS,CON)

        Value  Global            Value  Global            Value  Global    
        -----  ------            -----  ------            -----  ------    
ASxxxx Linker V03.00 + NoICE + sdld,  page 23.
Hexadecimal  [32-Bits]

Area                       Addr        Size        Decimal Bytes (Attributes)
--------------------       ----        ----        ------- ----- ------------
_HEADERf               00000000    00000002 =           2. bytes (ABS,CON)

        Value  Global            Value  Global            Value  Global    
        -----  ------            -----  ------            -----  ------    
ASxxxx Linker V03.00 + NoICE + sdld,  page 24.
Hexadecimal  [32-Bits]

Area                       Addr        Size        Decimal Bytes (Attributes)
--------------------       ----        ----        ------- ----- ------------
_HEADER10              00000000    00000084 =         132. bytes (ABS,CON)

        Value  Global            Value  Global            Value  Global    
        -----  ------            -----  ------            -----  ------    
     00000150  .reset    |    00000150  _reset    |    00000157  .code_sta
     000001B9  _exit     |    000001BD  _set_inte
ASxxxx Linker V03.00 + NoICE + sdld,  page 25.
Hexadecimal  [32-Bits]

Area                       Addr        Size        Decimal Bytes (Attributes)
--------------------       ----        ----        ------- ----- ------------
_HEADER11              00000000    00000001 =           1. bytes (ABS,CON)

        Value  Global            Value  Global            Value  Global    
        -----  ------            -----  ------            -----  ------    
ASxxxx Linker V03.00 + NoICE + sdld,  page 26.
Hexadecimal  [32-Bits]

Area                       Addr        Size        Decimal Bytes (Attributes)
--------------------       ----        ----        ------- ----- ------------
_HOME                  00000D8A    00000170 =         368. bytes (REL,CON)

        Value  Global            Value  Global            Value  Global    
        -----  ------            -----  ------            -----  ------    
     00000D8A  .memset_s |    00000D93  .memcpy_s |    00000DB0  .remove_V
     00000DB3  .remove_i |    00000DD0  .add_VBL  |    00000DD3  .add_int 
     00000DDE  .wait_vbl |    00000DDE  _wait_vbl |    00000DEE  .display_
     00000DEE  _display_ |    00000E06  _remove_V |    00000E11  _add_VBL 
     00000E1C  _set_tile |    00000E21  _set_bkg_ |    00000E21  _set_win_
     00000E29  _set_spri |    00000E59  _init_win |    00000E62  _init_bkg
     00000E6B  _vmemset  |    00000E7C  .padup    |    00000E7C  _waitpadu
     00000E8C  .jpad     |    00000E8C  _joypad   |    00000EB4  _waitpad 
     00000EB5  .wait_pad |    00000EBC  .init_wtt |    00000EC4  .init_btt
     00000ED2  .init_tt  |    00000ED5  .init_vra
ASxxxx Linker V03.00 + NoICE + sdld,  page 27.
Hexadecimal  [32-Bits]

Area                       Addr        Size        Decimal Bytes (Attributes)
--------------------       ----        ----        ------- ----- ------------
_INITIALIZER           00000EFA    0000004C =          76. bytes (REL,CON)

        Value  Global            Value  Global            Value  Global    
        -----  ------            -----  ------            -----  ------    
     00000EFA  Ftactics$ |    00000F2C  Ftactics$
ASxxxx Linker V03.00 + NoICE + sdld,  page 28.
Hexadecimal  [32-Bits]

Area                       Addr        Size        Decimal Bytes (Attributes)
--------------------       ----        ----        ------- ----- ------------
_GSINIT                00000F46    0000002A =          42. bytes (REL,CON)

        Value  Global            Value  Global            Value  Global    
        -----  ------            -----  ------            -----  ------    
     00000F46  gsinit    |    00000F52  A$lcc2438 |    00000F52  C$tactics
     00000F55  A$lcc2438 |    00000F57  A$lcc2438 |    00000F57  C$tactics
     00000F5A  A$lcc2438 |    00000F5C  A$lcc2438 |    00000F5C  C$tactics
     00000F5F  A$lcc2438 |    00000F61  A$lcc2438 |    00000F61  C$tactics
     00000F64  A$lcc2438 |    00000F66  A$lcc2438 |    00000F66  C$tactics
     00000F69  A$lcc2438 |    00000F6B  A$lcc2438 |    00000F6B  C$tactics
     00000F6E  A$lcc2438
ASxxxx Linker V03.00 + NoICE + sdld,  page 29.
Hexadecimal  [32-Bits]

Area                       Addr        Size        Decimal Bytes (Attributes)
--------------------       ----        ----        ------- ----- ------------
_GSFINAL               00000F70    00000001 =           1. bytes (REL,CON)

        Value  Global            Value  Global            Value  Global    
        -----  ------            -----  ------            -----  ------    
ASxxxx Linker V03.00 + NoICE + sdld,  page 30.
Hexadecimal  [32-Bits]

Area                       Addr        Size        Decimal Bytes (Attributes)
--------------------       ----        ----        ------- ----- ------------
_DATA                  0000C0A0    0000005A =          90. bytes (REL,CON)

        Value  Global            Value  Global            Value  Global    
        -----  ------            -----  ------            -----  ------    
     0000C0A0  __cpu     |    0000C0A1  __is_GBA  |    0000C0A2  .mode    
     0000C0A3  .sys_time |    0000C0A3  _sys_time |    0000C0A5  .int_0x40
     0000C0B1  G$windowB |    0000C0B1  _windowBu |    0000C0F1  Ltactics.
     0000C0F2  Ltactics. |    0000C0F3  Ltactics. |    0000C0F4  Ltactics.
     0000C0F5  Ltactics. |    0000C0F6  Ltactics. |    0000C0F7  Ltactics.
     0000C0F8  Ltactics. |    0000C0F9  Ltactics.
ASxxxx Linker V03.00 + NoICE + sdld,  page 31.
Hexadecimal  [32-Bits]

Area                       Addr        Size        Decimal Bytes (Attributes)
--------------------       ----        ----        ------- ----- ------------
_INITIALIZED           0000C0FA    0000004C =          76. bytes (REL,CON)

        Value  Global            Value  Global            Value  Global    
        -----  ------            -----  ------            -----  ------    
     0000C0FA  G$display |    0000C0FA  _displayT |    0000C12C  G$letter_
     0000C12C  _letter_t
ASxxxx Linker V03.00 + NoICE + sdld,  page 32.
Hexadecimal  [32-Bits]

Area                       Addr        Size        Decimal Bytes (Attributes)
--------------------       ----        ----        ------- ----- ------------
_HRAM12                00000000    00000003 =           3. bytes (ABS,CON)

        Value  Global            Value  Global            Value  Global    
        -----  ------            -----  ------            -----  ------    
     0000FF90  __current |    0000FF92  __shadow_
ASxxxx Linker V03.00 + NoICE + sdld,  page 33.

Files Linked                              [ module(s) ]

C:\Users\gerzy\OneDrive - Florida Polytechnic University\Documents\Merpcraft Stuff\codeforces\gmamer_boy\gbdk\lib/gb/crt0.o
                                          [ Runtime ]
C:\Users\gerzy\AppData\Local\Temp/lcc243880.o
                                          [ tactics ]
C:\Users\gerzy\AppData\Local\Temp/lcc243881.o
                                          [  ]


Libraries Linked                          [ object file ]

C:\Users\gerzy\OneDrive - Florida Polytechnic University\Documents\Merpcraft Stuff\codeforces\gmamer_boy\gbdk\lib/gb/gb.lib
                                          [ sfr.o ]
C:\Users\gerzy\OneDrive - Florida Polytechnic University\Documents\Merpcraft Stuff\codeforces\gmamer_boy\gbdk\lib/gb/gb.lib
                                          [ set_data.o ]
C:\Users\gerzy\OneDrive - Florida Polytechnic University\Documents\Merpcraft Stuff\codeforces\gmamer_boy\gbdk\lib/gb/gb.lib
                                          [ init_vram.o ]
C:\Users\gerzy\OneDrive - Florida Polytechnic University\Documents\Merpcraft Stuff\codeforces\gmamer_boy\gbdk\lib/gb/gb.lib
                                          [ pad.o ]
C:\Users\gerzy\OneDrive - Florida Polytechnic University\Documents\Merpcraft Stuff\codeforces\gmamer_boy\gbdk\lib/gb/gb.lib
                                          [ init_tt.o ]

ASxxxx Linker V03.00 + NoICE + sdld,  page 34.

User Base Address Definitions

_DATA=0xC0A0
_CODE=0x0200
ASxxxx Linker V03.00 + NoICE + sdld,  page 35.

User Global Definitions

_shadow_OAM=0xC000
.STACK=0xE000
.refresh_OAM=0xFF80

