ASxxxx Linker V03.00 + NoICE + sdld,  page 1.
Hexadecimal  [32-Bits]

Area                       Addr        Size        Decimal Bytes (Attributes)
--------------------       ----        ----        ------- ----- ------------
.  .ABS.               00000000    00000000 =           0. bytes (ABS,CON)

        Value  Global            Value  Global            Value  Global    
        -----  ------            -----  ------            -----  ------    
     00000000  .__.ABS.  |    00000000  _rRAMG    |    00000000  l__BASE  
     00000000  l__BSS    |    00000000  l__CABS   |    00000000  l__CODE_0
     00000000  l__DABS   |    00000000  l__HEADER |    00000000  l__HEAP  
     00000000  l__HEAP_E |    00000000  l__HRAM   |    00000000  l__LIT   
     00000000  s__CABS   |    00000000  s__DABS   |    00000000  s__HEADER
     00000000  s__HEADER |    00000000  s__HEADER |    00000000  s__HEADER
     00000000  s__HEADER |    00000000  s__HEADER |    00000000  s__HEADER
     00000000  s__HEADER |    00000000  s__HEADER |    00000000  s__HEADER
     00000000  s__HEADER |    00000000  s__HEADER |    00000000  s__HEADER
     00000000  s__HEADER |    00000000  s__HEADER |    00000000  s__HEADER
     00000000  s__HEADER |    00000000  s__HEADER |    00000000  s__HEADER
     00000000  s__HRAM   |    00000000  s__HRAM12 |    00000001  l__GSFINA
     00000001  l__HEADER |    00000001  l__HEADER |    00000001  l__HEADER
     00000001  l__HEADER |    00000001  l__HEADER |    00000001  l__HEADER
     00000001  l__HEADER |    00000002  l__HEADER |    00000002  l__HEADER
     00000002  l__HEADER |    00000003  l__HEADER |    00000003  l__HRAM12
     00000005  l__HEADER |    00000006  l__HEADER |    00000007  l__HEADER
     00000008  l__HEADER |    00000016  l__DATA   |    00000020  l__GSINIT
     00000030  l__HEADER |    0000004C  l__HEADER |    00000056  l__INITIA
     00000056  l__INITIA |    00000084  l__HEADER |    0000010F  l__HOME  
     00000200  s__CODE   |    00000EA1  l__CODE   |    000010A1  s__HOME  
     000011B0  s__BASE   |    000011B0  s__CODE_0 |    000011B0  s__INITIA
     000011B0  s__LIT    |    00001206  s__GSINIT |    00001226  s__GSFINA
     00002000  _rROMB0   |    00003000  _rROMB1   |    00004000  _rRAMB   
     00008000  __VRAM    |    00008000  __VRAM800 |    00008800  __VRAM880
     00009000  __VRAM900 |    00009800  __SCRN0   |    00009C00  __SCRN1  
     0000A000  __SRAM    |    0000C000  __RAM     |    0000C000  _shadow_O
     0000C0A0  s__DATA   |    0000C0B6  s__BSS    |    0000C0B6  s__INITIA
     0000C10C  s__HEAP   |    0000C10C  s__HEAP_E |    0000D000  __RAMBANK
     0000E000  .STACK    |    0000FE00  __OAMRAM  |    0000FF00  _P1_REG  
     0000FF00  __IO      |    0000FF01  _SB_REG   |    0000FF02  _SC_REG  
     0000FF04  _DIV_REG  |    0000FF05  _TIMA_REG |    0000FF06  _TMA_REG 
     0000FF07  _TAC_REG  |    0000FF0F  _IF_REG   |    0000FF10  _NR10_REG
     0000FF11  _NR11_REG |    0000FF12  _NR12_REG |    0000FF13  _NR13_REG
     0000FF14  _NR14_REG |    0000FF16  _NR21_REG |    0000FF17  _NR22_REG
     0000FF18  _NR23_REG |    0000FF19  _NR24_REG |    0000FF1A  _NR30_REG
     0000FF1B  _NR31_REG |    0000FF1C  _NR32_REG |    0000FF1D  _NR33_REG
     0000FF1E  _NR34_REG |    0000FF20  _NR41_REG |    0000FF21  _NR42_REG
     0000FF22  _NR43_REG |    0000FF23  _NR44_REG |    0000FF24  _NR50_REG
     0000FF25  _NR51_REG |    0000FF26  _NR52_REG |    0000FF30  _AUD3WAVE
     0000FF30  _PCM_SAMP |    0000FF30  __AUD3WAV |    0000FF40  _LCDC_REG
     0000FF41  _STAT_REG |    0000FF42  _SCY_REG  |    0000FF43  _SCX_REG 
     0000FF44  _LY_REG   |    0000FF45  _LYC_REG  |    0000FF46  _DMA_REG 
     0000FF47  _BGP_REG  |    0000FF48  _OBP0_REG |    0000FF49  _OBP1_REG
     0000FF4A  _WY_REG   |    0000FF4B  _WX_REG   |    0000FF4D  _KEY1_REG
     0000FF4F  _VBK_REG  |    0000FF51  _HDMA1_RE |    0000FF52  _HDMA2_RE
     0000FF53  _HDMA3_RE |    0000FF54  _HDMA4_RE |    0000FF55  _HDMA5_RE
     0000FF56  _RP_REG   |    0000FF68  _BCPS_REG |    0000FF69  _BCPD_REG
     0000FF6A  _OCPS_REG |    0000FF6B  _OCPD_REG |    0000FF70  _SVBK_REG
     0000FF76  _PCM12_RE |    0000FF77  _PCM34_RE |    0000FF80  .refresh_
ASxxxx Linker V03.00 + NoICE + sdld,  page 2.
Hexadecimal  [32-Bits]

Area                       Addr        Size        Decimal Bytes (Attributes)
--------------------       ----        ----        ------- ----- ------------
.  .ABS.               00000000    00000000 =           0. bytes (ABS,CON)

        Value  Global            Value  Global            Value  Global    
        -----  ------            -----  ------            -----  ------    
     0000FF80  __HRAM    |    0000FFFF  _IE_REG  
ASxxxx Linker V03.00 + NoICE + sdld,  page 3.
Hexadecimal  [32-Bits]

Area                       Addr        Size        Decimal Bytes (Attributes)
--------------------       ----        ----        ------- ----- ------------
_CODE                  00000200    00000EA1 =        3745. bytes (REL,CON)

        Value  Global            Value  Global            Value  Global    
        -----  ------            -----  ------            -----  ------    
     00000200  A$lcc2663 |    00000200  C$tactics |    00000200  G$change_
     00000200  _change_t |    00000201  A$lcc2663 |    00000201  C$tactics
     00000203  A$lcc2663 |    00000204  A$lcc2663 |    00000205  A$lcc2663
     00000205  C$tactics |    00000205  C$tactics |    00000207  A$lcc2663
     0000020A  A$lcc2663 |    0000020B  A$lcc2663 |    0000020D  A$lcc2663
     0000020E  A$lcc2663 |    0000020F  A$lcc2663 |    00000210  A$lcc2663
     00000211  A$lcc2663 |    00000213  A$lcc2663 |    00000215  A$lcc2663
     00000215  C$tactics |    00000216  A$lcc2663 |    00000217  A$lcc2663
     00000218  A$lcc2663 |    00000219  A$lcc2663 |    0000021A  A$lcc2663
     0000021B  A$lcc2663 |    0000021D  A$lcc2663 |    0000021F  A$lcc2663
     0000021F  C$tactics |    00000222  A$lcc2663 |    00000224  A$lcc2663
     00000226  A$lcc2663 |    00000226  C$tactics |    00000228  A$lcc2663
     00000229  A$lcc2663 |    0000022A  A$lcc2663 |    0000022B  A$lcc2663
     0000022C  A$lcc2663 |    0000022F  A$lcc2663 |    00000230  A$lcc2663
     00000231  A$lcc2663 |    00000234  A$lcc2663 |    00000234  C$tactics
     00000237  A$lcc2663 |    00000238  A$lcc2663 |    00000239  A$lcc2663
     0000023A  A$lcc2663 |    0000023D  A$lcc2663 |    0000023E  A$lcc2663
     0000023F  A$lcc2663 |    0000023F  C$tactics |    00000240  A$lcc2663
     00000240  C$tactics |    00000241  A$lcc2663 |    00000243  A$lcc2663
     00000244  A$lcc2663 |    00000247  A$lcc2663 |    00000248  A$lcc2663
     00000249  A$lcc2663 |    0000024A  A$lcc2663 |    0000024D  A$lcc2663
     0000024E  A$lcc2663 |    0000024E  C$tactics |    0000024F  A$lcc2663
     00000251  A$lcc2663 |    00000252  A$lcc2663 |    00000253  A$lcc2663
     00000253  C$tactics |    00000253  XG$change |    00000254  G$Tiles$0
     00000254  _Tiles    |    00000A54  G$Letters |    00000A54  _Letters 
     00000D34  G$MAP$0_0 |    00000D34  _MAP      |    00000D8E  A$lcc2663
     00000D8E  C$tactics |    00000D8E  G$main$0$ |    00000D8E  _main    
     00000D90  A$lcc2663 |    00000D90  C$tactics |    00000D93  A$lcc2663
     00000D93  C$tactics |    00000D96  A$lcc2663 |    00000D96  C$tactics
     00000D97  A$lcc2663 |    00000D99  A$lcc2663 |    00000D99  C$tactics
     00000D9C  A$lcc2663 |    00000D9D  A$lcc2663 |    00000DA0  A$lcc2663
     00000DA1  A$lcc2663 |    00000DA4  A$lcc2663 |    00000DA6  A$lcc2663
     00000DA6  C$tactics |    00000DA9  A$lcc2663 |    00000DAA  A$lcc2663
     00000DAD  A$lcc2663 |    00000DAE  A$lcc2663 |    00000DB1  A$lcc2663
     00000DB3  A$lcc2663 |    00000DB3  C$tactics |    00000DB5  A$lcc2663
     00000DB6  A$lcc2663 |    00000DB8  A$lcc2663 |    00000DBB  A$lcc2663
     00000DBB  C$tactics |    00000DBD  A$lcc2663 |    00000DBF  A$lcc2663
     00000DC1  A$lcc2663 |    00000DC2  A$lcc2663 |    00000DC4  A$lcc2663
     00000DC7  A$lcc2663 |    00000DC7  C$tactics |    00000DC9  A$lcc2663
     00000DCA  A$lcc2663 |    00000DCB  A$lcc2663 |    00000DCC  A$lcc2663
     00000DCD  A$lcc2663 |    00000DCE  A$lcc2663 |    00000DD0  A$lcc2663
     00000DD1  A$lcc2663 |    00000DD3  A$lcc2663 |    00000DD4  A$lcc2663
     00000DD6  A$lcc2663 |    00000DD7  A$lcc2663 |    00000DD9  A$lcc2663
     00000DDB  A$lcc2663 |    00000DDD  A$lcc2663 |    00000DDE  A$lcc2663
     00000DDF  A$lcc2663 |    00000DE0  A$lcc2663 |    00000DE1  A$lcc2663
     00000DE2  A$lcc2663 |    00000DE3  A$lcc2663 |    00000DE4  A$lcc2663
     00000DE6  A$lcc2663 |    00000DE7  A$lcc2663 |    00000DE8  A$lcc2663
     00000DE9  A$lcc2663 |    00000DEB  A$lcc2663 |    00000DEC  A$lcc2663
     00000DEE  A$lcc2663 |    00000DF0  A$lcc2663 |    00000DF1  A$lcc2663
     00000DF3  A$lcc2663 |    00000DF4  A$lcc2663 |    00000DF5  A$lcc2663
ASxxxx Linker V03.00 + NoICE + sdld,  page 4.
Hexadecimal  [32-Bits]

Area                       Addr        Size        Decimal Bytes (Attributes)
--------------------       ----        ----        ------- ----- ------------
_CODE                  00000200    00000EA1 =        3745. bytes (REL,CON)

        Value  Global            Value  Global            Value  Global    
        -----  ------            -----  ------            -----  ------    
     00000DF6  A$lcc2663 |    00000DF7  A$lcc2663 |    00000DF8  A$lcc2663
     00000DF9  A$lcc2663 |    00000DFA  A$lcc2663 |    00000DFB  A$lcc2663
     00000DFC  A$lcc2663 |    00000DFD  A$lcc2663 |    00000DFE  A$lcc2663
     00000E00  A$lcc2663 |    00000E01  A$lcc2663 |    00000E02  A$lcc2663
     00000E03  A$lcc2663 |    00000E05  A$lcc2663 |    00000E06  A$lcc2663
     00000E07  A$lcc2663 |    00000E08  A$lcc2663 |    00000E09  A$lcc2663
     00000E0C  A$lcc2663 |    00000E0D  A$lcc2663 |    00000E0E  A$lcc2663
     00000E0F  A$lcc2663 |    00000E11  A$lcc2663 |    00000E12  A$lcc2663
     00000E13  A$lcc2663 |    00000E14  A$lcc2663 |    00000E16  A$lcc2663
     00000E17  A$lcc2663 |    00000E19  A$lcc2663 |    00000E1A  A$lcc2663
     00000E1C  A$lcc2663 |    00000E1D  A$lcc2663 |    00000E1E  A$lcc2663
     00000E1F  A$lcc2663 |    00000E20  A$lcc2663 |    00000E21  A$lcc2663
     00000E22  A$lcc2663 |    00000E23  A$lcc2663 |    00000E24  A$lcc2663
     00000E25  A$lcc2663 |    00000E26  A$lcc2663 |    00000E28  A$lcc2663
     00000E2A  A$lcc2663 |    00000E2B  A$lcc2663 |    00000E2C  A$lcc2663
     00000E2D  A$lcc2663 |    00000E2E  A$lcc2663 |    00000E2F  A$lcc2663
     00000E30  A$lcc2663 |    00000E31  A$lcc2663 |    00000E32  A$lcc2663
     00000E33  A$lcc2663 |    00000E35  A$lcc2663 |    00000E36  A$lcc2663
     00000E37  A$lcc2663 |    00000E38  A$lcc2663 |    00000E3A  A$lcc2663
     00000E3B  A$lcc2663 |    00000E3D  A$lcc2663 |    00000E3E  A$lcc2663
     00000E3F  A$lcc2663 |    00000E40  A$lcc2663 |    00000E42  A$lcc2663
     00000E44  A$lcc2663 |    00000E46  A$lcc2663 |    00000E47  A$lcc2663
     00000E48  A$lcc2663 |    00000E49  A$lcc2663 |    00000E4A  A$lcc2663
     00000E4B  A$lcc2663 |    00000E4C  A$lcc2663 |    00000E4D  A$lcc2663
     00000E4E  A$lcc2663 |    00000E4F  A$lcc2663 |    00000E50  A$lcc2663
     00000E50  C$tactics |    00000E51  A$lcc2663 |    00000E53  A$lcc2663
     00000E54  A$lcc2663 |    00000E55  A$lcc2663 |    00000E57  A$lcc2663
     00000E58  A$lcc2663 |    00000E5A  A$lcc2663 |    00000E5B  A$lcc2663
     00000E5C  A$lcc2663 |    00000E5D  A$lcc2663 |    00000E5D  C$tactics
     00000E5F  A$lcc2663 |    00000E60  A$lcc2663 |    00000E61  A$lcc2663
     00000E62  A$lcc2663 |    00000E64  A$lcc2663 |    00000E65  A$lcc2663
     00000E67  A$lcc2663 |    00000E68  A$lcc2663 |    00000E6A  A$lcc2663
     00000E6B  A$lcc2663 |    00000E6D  A$lcc2663 |    00000E6E  A$lcc2663
     00000E70  A$lcc2663 |    00000E71  A$lcc2663 |    00000E73  A$lcc2663
     00000E74  A$lcc2663 |    00000E75  A$lcc2663 |    00000E76  A$lcc2663
     00000E77  A$lcc2663 |    00000E78  A$lcc2663 |    00000E79  A$lcc2663
     00000E7C  A$lcc2663 |    00000E7D  A$lcc2663 |    00000E7E  A$lcc2663
     00000E7F  A$lcc2663 |    00000E81  A$lcc2663 |    00000E81  C$tactics
     00000E82  A$lcc2663 |    00000E83  A$lcc2663 |    00000E84  A$lcc2663
     00000E87  A$lcc2663 |    00000E87  C$tactics |    00000E88  A$lcc2663
     00000E8B  A$lcc2663 |    00000E8B  C$tactics |    00000E8D  A$lcc2663
     00000E8F  A$lcc2663 |    00000E91  A$lcc2663 |    00000E92  A$lcc2663
     00000E94  A$lcc2663 |    00000E96  A$lcc2663 |    00000E96  C$tactics
     00000E97  A$lcc2663 |    00000E99  A$lcc2663 |    00000E9B  A$lcc2663
     00000E9C  A$lcc2663 |    00000E9E  A$lcc2663 |    00000EA0  A$lcc2663
     00000EA0  C$tactics |    00000EA1  A$lcc2663 |    00000EA2  A$lcc2663
     00000EA3  A$lcc2663 |    00000EA4  A$lcc2663 |    00000EA6  A$lcc2663
     00000EA8  A$lcc2663 |    00000EAA  A$lcc2663 |    00000EAC  A$lcc2663
     00000EAD  A$lcc2663 |    00000EAF  A$lcc2663 |    00000EB0  A$lcc2663
     00000EB2  A$lcc2663 |    00000EB3  A$lcc2663 |    00000EB4  A$lcc2663
     00000EB5  A$lcc2663 |    00000EB7  A$lcc2663 |    00000EB9  A$lcc2663
ASxxxx Linker V03.00 + NoICE + sdld,  page 5.
Hexadecimal  [32-Bits]

Area                       Addr        Size        Decimal Bytes (Attributes)
--------------------       ----        ----        ------- ----- ------------
_CODE                  00000200    00000EA1 =        3745. bytes (REL,CON)

        Value  Global            Value  Global            Value  Global    
        -----  ------            -----  ------            -----  ------    
     00000EBA  A$lcc2663 |    00000EBB  A$lcc2663 |    00000EBC  A$lcc2663
     00000EBD  A$lcc2663 |    00000EBE  A$lcc2663 |    00000EBF  A$lcc2663
     00000EC2  A$lcc2663 |    00000EC3  A$lcc2663 |    00000EC5  A$lcc2663
     00000EC5  C$tactics |    00000EC7  A$lcc2663 |    00000EC8  A$lcc2663
     00000ECA  A$lcc2663 |    00000ECA  C$tactics |    00000ECC  A$lcc2663
     00000ECD  A$lcc2663 |    00000ECF  A$lcc2663 |    00000ECF  C$tactics
     00000ED2  A$lcc2663 |    00000ED3  A$lcc2663 |    00000ED6  A$lcc2663
     00000ED7  A$lcc2663 |    00000EDA  A$lcc2663 |    00000EDC  A$lcc2663
     00000EDF  A$lcc2663 |    00000EE1  A$lcc2663 |    00000EE4  A$lcc2663
     00000EE6  A$lcc2663 |    00000EE9  A$lcc2663 |    00000EEB  A$lcc2663
     00000EEE  A$lcc2663 |    00000EF0  A$lcc2663 |    00000EF0  C$tactics
     00000EF3  A$lcc2663 |    00000EF6  A$lcc2663 |    00000EF6  C$tactics
     00000EF8  A$lcc2663 |    00000EFA  A$lcc2663 |    00000EFA  C$tactics
     00000EFC  A$lcc2663 |    00000EFE  A$lcc2663 |    00000EFE  C$tactics
     00000EFE  C$tactics |    00000F01  A$lcc2663 |    00000F04  A$lcc2663
     00000F06  A$lcc2663 |    00000F08  A$lcc2663 |    00000F0A  A$lcc2663
     00000F0B  A$lcc2663 |    00000F0E  A$lcc2663 |    00000F10  A$lcc2663
     00000F12  A$lcc2663 |    00000F14  A$lcc2663 |    00000F15  A$lcc2663
     00000F18  A$lcc2663 |    00000F19  A$lcc2663 |    00000F1A  A$lcc2663
     00000F1B  A$lcc2663 |    00000F1E  A$lcc2663 |    00000F20  A$lcc2663
     00000F22  A$lcc2663 |    00000F24  A$lcc2663 |    00000F25  A$lcc2663
     00000F28  A$lcc2663 |    00000F2A  A$lcc2663 |    00000F2C  A$lcc2663
     00000F2E  A$lcc2663 |    00000F2F  A$lcc2663 |    00000F32  A$lcc2663
     00000F33  A$lcc2663 |    00000F34  A$lcc2663 |    00000F35  A$lcc2663
     00000F38  A$lcc2663 |    00000F3A  A$lcc2663 |    00000F3C  A$lcc2663
     00000F3E  A$lcc2663 |    00000F3F  A$lcc2663 |    00000F42  A$lcc2663
     00000F44  A$lcc2663 |    00000F46  A$lcc2663 |    00000F48  A$lcc2663
     00000F49  A$lcc2663 |    00000F4C  A$lcc2663 |    00000F4D  A$lcc2663
     00000F4E  A$lcc2663 |    00000F4F  A$lcc2663 |    00000F52  A$lcc2663
     00000F54  A$lcc2663 |    00000F56  A$lcc2663 |    00000F58  A$lcc2663
     00000F59  A$lcc2663 |    00000F5C  A$lcc2663 |    00000F5E  A$lcc2663
     00000F60  A$lcc2663 |    00000F62  A$lcc2663 |    00000F63  A$lcc2663
     00000F66  A$lcc2663 |    00000F67  A$lcc2663 |    00000F68  A$lcc2663
     00000F69  A$lcc2663 |    00000F69  C$tactics |    00000F6C  A$lcc2663
     00000F6D  A$lcc2663 |    00000F6D  C$tactics |    00000F6E  A$lcc2663
     00000F70  A$lcc2663 |    00000F72  A$lcc2663 |    00000F72  C$tactics
     00000F75  A$lcc2663 |    00000F77  A$lcc2663 |    00000F7A  A$lcc2663
     00000F7C  A$lcc2663 |    00000F7F  A$lcc2663 |    00000F81  A$lcc2663
     00000F84  A$lcc2663 |    00000F86  A$lcc2663 |    00000F89  A$lcc2663
     00000F8B  A$lcc2663 |    00000F8B  C$tactics |    00000F8D  A$lcc2663
     00000F8D  C$tactics |    00000F90  A$lcc2663 |    00000F92  A$lcc2663
     00000F94  A$lcc2663 |    00000F97  A$lcc2663 |    00000F99  A$lcc2663
     00000F9C  A$lcc2663 |    00000F9E  A$lcc2663 |    00000FA1  A$lcc2663
     00000FA3  A$lcc2663 |    00000FA6  A$lcc2663 |    00000FA8  A$lcc2663
     00000FA8  C$tactics |    00000FA8  C$tactics |    00000FAB  A$lcc2663
     00000FAC  A$lcc2663 |    00000FAD  A$lcc2663 |    00000FAF  A$lcc2663
     00000FAF  C$tactics |    00000FB0  A$lcc2663 |    00000FB0  C$tactics
     00000FB3  A$lcc2663 |    00000FB3  C$tactics |    00000FB6  A$lcc2663
     00000FB7  A$lcc2663 |    00000FB7  C$tactics |    00000FB9  A$lcc2663
     00000FBB  A$lcc2663 |    00000FBB  C$tactics |    00000FBE  A$lcc2663
     00000FBF  A$lcc2663 |    00000FC0  A$lcc2663 |    00000FC2  A$lcc2663
ASxxxx Linker V03.00 + NoICE + sdld,  page 6.
Hexadecimal  [32-Bits]

Area                       Addr        Size        Decimal Bytes (Attributes)
--------------------       ----        ----        ------- ----- ------------
_CODE                  00000200    00000EA1 =        3745. bytes (REL,CON)

        Value  Global            Value  Global            Value  Global    
        -----  ------            -----  ------            -----  ------    
     00000FC2  C$tactics |    00000FC3  A$lcc2663 |    00000FC5  A$lcc2663
     00000FC5  C$tactics |    00000FC7  A$lcc2663 |    00000FC9  A$lcc2663
     00000FC9  C$tactics |    00000FCC  A$lcc2663 |    00000FCD  A$lcc2663
     00000FCF  A$lcc2663 |    00000FD1  A$lcc2663 |    00000FD1  C$tactics
     00000FD2  A$lcc2663 |    00000FD4  A$lcc2663 |    00000FD4  C$tactics
     00000FD6  A$lcc2663 |    00000FD8  A$lcc2663 |    00000FD8  C$tactics
     00000FDA  A$lcc2663 |    00000FDD  A$lcc2663 |    00000FDE  A$lcc2663
     00000FE0  A$lcc2663 |    00000FE0  C$tactics |    00000FE1  A$lcc2663
     00000FE3  A$lcc2663 |    00000FE3  C$tactics |    00000FE5  A$lcc2663
     00000FE7  A$lcc2663 |    00000FE7  C$tactics |    00000FEA  A$lcc2663
     00000FEB  A$lcc2663 |    00000FED  A$lcc2663 |    00000FEF  A$lcc2663
     00000FEF  C$tactics |    00000FF0  A$lcc2663 |    00000FF0  C$tactics
     00000FF1  A$lcc2663 |    00000FF2  A$lcc2663 |    00000FF4  A$lcc2663
     00000FF4  C$tactics |    00000FF7  A$lcc2663 |    00000FF9  A$lcc2663
     00000FF9  C$tactics |    00000FFC  A$lcc2663 |    00000FFD  A$lcc2663
     00000FFF  A$lcc2663 |    00001000  A$lcc2663 |    00001001  A$lcc2663
     00001002  A$lcc2663 |    00001003  A$lcc2663 |    00001004  A$lcc2663
     00001005  A$lcc2663 |    00001008  A$lcc2663 |    00001009  A$lcc2663
     0000100A  A$lcc2663 |    0000100B  A$lcc2663 |    0000100E  A$lcc2663
     0000100F  A$lcc2663 |    00001011  A$lcc2663 |    00001012  A$lcc2663
     00001013  A$lcc2663 |    00001013  C$tactics |    00001015  A$lcc2663
     00001016  A$lcc2663 |    00001017  A$lcc2663 |    00001018  A$lcc2663
     00001019  A$lcc2663 |    0000101A  A$lcc2663 |    0000101B  A$lcc2663
     0000101C  A$lcc2663 |    0000101E  A$lcc2663 |    0000101F  A$lcc2663
     00001020  A$lcc2663 |    00001021  A$lcc2663 |    00001023  A$lcc2663
     00001024  A$lcc2663 |    00001026  A$lcc2663 |    00001027  A$lcc2663
     00001028  A$lcc2663 |    00001029  A$lcc2663 |    0000102A  A$lcc2663
     0000102D  A$lcc2663 |    0000102E  A$lcc2663 |    0000102F  A$lcc2663
     00001030  A$lcc2663 |    00001032  A$lcc2663 |    00001033  A$lcc2663
     00001034  A$lcc2663 |    00001035  A$lcc2663 |    00001037  A$lcc2663
     00001038  A$lcc2663 |    00001039  A$lcc2663 |    0000103A  A$lcc2663
     0000103B  A$lcc2663 |    0000103C  A$lcc2663 |    0000103D  A$lcc2663
     0000103E  A$lcc2663 |    0000103F  A$lcc2663 |    00001040  A$lcc2663
     00001040  C$tactics |    00001041  A$lcc2663 |    00001042  A$lcc2663
     00001043  A$lcc2663 |    00001044  A$lcc2663 |    00001047  A$lcc2663
     0000104A  A$lcc2663 |    0000104C  A$lcc2663 |    0000104C  C$tactics
     0000104C  XG$main$0 |    0000104D  Ftactics$ |    00001054  Ftactics$
     0000105B  Ftactics$ |    00001062  Ftactics$ |    00001069  Ftactics$
     00001070  Ftactics$ |    00001077  Ftactics$ |    0000107E  Ftactics$
     00001085  Ftactics$ |    0000108C  Ftactics$ |    00001093  Ftactics$
     0000109A  Ftactics$
ASxxxx Linker V03.00 + NoICE + sdld,  page 7.
Hexadecimal  [32-Bits]

Area                       Addr        Size        Decimal Bytes (Attributes)
--------------------       ----        ----        ------- ----- ------------
_HEADER0               00000000    00000001 =           1. bytes (ABS,CON)

        Value  Global            Value  Global            Value  Global    
        -----  ------            -----  ------            -----  ------    
     00000020  .call_hl 
ASxxxx Linker V03.00 + NoICE + sdld,  page 8.
Hexadecimal  [32-Bits]

Area                       Addr        Size        Decimal Bytes (Attributes)
--------------------       ----        ----        ------- ----- ------------
_HEADER1               00000000    00000005 =           5. bytes (ABS,CON)

        Value  Global            Value  Global            Value  Global    
        -----  ------            -----  ------            -----  ------    
     00000028  .MemsetSm
ASxxxx Linker V03.00 + NoICE + sdld,  page 9.
Hexadecimal  [32-Bits]

Area                       Addr        Size        Decimal Bytes (Attributes)
--------------------       ----        ----        ------- ----- ------------
_HEADER2               00000000    00000007 =           7. bytes (ABS,CON)

        Value  Global            Value  Global            Value  Global    
        -----  ------            -----  ------            -----  ------    
     00000030  .MemcpySm
ASxxxx Linker V03.00 + NoICE + sdld,  page 10.
Hexadecimal  [32-Bits]

Area                       Addr        Size        Decimal Bytes (Attributes)
--------------------       ----        ----        ------- ----- ------------
_HEADER3               00000000    00000008 =           8. bytes (ABS,CON)

        Value  Global            Value  Global            Value  Global    
        -----  ------            -----  ------            -----  ------    
ASxxxx Linker V03.00 + NoICE + sdld,  page 11.
Hexadecimal  [32-Bits]

Area                       Addr        Size        Decimal Bytes (Attributes)
--------------------       ----        ----        ------- ----- ------------
_HEADER4               00000000    0000004C =          76. bytes (ABS,CON)

        Value  Global            Value  Global            Value  Global    
        -----  ------            -----  ------            -----  ------    
     00000080  .int      |    0000008F  _wait_int |    0000009C  __standar
     000000AC  _refresh_
ASxxxx Linker V03.00 + NoICE + sdld,  page 12.
Hexadecimal  [32-Bits]

Area                       Addr        Size        Decimal Bytes (Attributes)
--------------------       ----        ----        ------- ----- ------------
_HEADER5               00000000    00000002 =           2. bytes (ABS,CON)

        Value  Global            Value  Global            Value  Global    
        -----  ------            -----  ------            -----  ------    
ASxxxx Linker V03.00 + NoICE + sdld,  page 13.
Hexadecimal  [32-Bits]

Area                       Addr        Size        Decimal Bytes (Attributes)
--------------------       ----        ----        ------- ----- ------------
_HEADER6               00000000    00000030 =          48. bytes (ABS,CON)

        Value  Global            Value  Global            Value  Global    
        -----  ------            -----  ------            -----  ------    
ASxxxx Linker V03.00 + NoICE + sdld,  page 14.
Hexadecimal  [32-Bits]

Area                       Addr        Size        Decimal Bytes (Attributes)
--------------------       ----        ----        ------- ----- ------------
_HEADER7               00000000    00000006 =           6. bytes (ABS,CON)

        Value  Global            Value  Global            Value  Global    
        -----  ------            -----  ------            -----  ------    
ASxxxx Linker V03.00 + NoICE + sdld,  page 15.
Hexadecimal  [32-Bits]

Area                       Addr        Size        Decimal Bytes (Attributes)
--------------------       ----        ----        ------- ----- ------------
_HEADER8               00000000    00000003 =           3. bytes (ABS,CON)

        Value  Global            Value  Global            Value  Global    
        -----  ------            -----  ------            -----  ------    
ASxxxx Linker V03.00 + NoICE + sdld,  page 16.
Hexadecimal  [32-Bits]

Area                       Addr        Size        Decimal Bytes (Attributes)
--------------------       ----        ----        ------- ----- ------------
_HEADER9               00000000    00000001 =           1. bytes (ABS,CON)

        Value  Global            Value  Global            Value  Global    
        -----  ------            -----  ------            -----  ------    
ASxxxx Linker V03.00 + NoICE + sdld,  page 17.
Hexadecimal  [32-Bits]

Area                       Addr        Size        Decimal Bytes (Attributes)
--------------------       ----        ----        ------- ----- ------------
_HEADERa               00000000    00000001 =           1. bytes (ABS,CON)

        Value  Global            Value  Global            Value  Global    
        -----  ------            -----  ------            -----  ------    
ASxxxx Linker V03.00 + NoICE + sdld,  page 18.
Hexadecimal  [32-Bits]

Area                       Addr        Size        Decimal Bytes (Attributes)
--------------------       ----        ----        ------- ----- ------------
_HEADERb               00000000    00000001 =           1. bytes (ABS,CON)

        Value  Global            Value  Global            Value  Global    
        -----  ------            -----  ------            -----  ------    
ASxxxx Linker V03.00 + NoICE + sdld,  page 19.
Hexadecimal  [32-Bits]

Area                       Addr        Size        Decimal Bytes (Attributes)
--------------------       ----        ----        ------- ----- ------------
_HEADERc               00000000    00000002 =           2. bytes (ABS,CON)

        Value  Global            Value  Global            Value  Global    
        -----  ------            -----  ------            -----  ------    
ASxxxx Linker V03.00 + NoICE + sdld,  page 20.
Hexadecimal  [32-Bits]

Area                       Addr        Size        Decimal Bytes (Attributes)
--------------------       ----        ----        ------- ----- ------------
_HEADERd               00000000    00000001 =           1. bytes (ABS,CON)

        Value  Global            Value  Global            Value  Global    
        -----  ------            -----  ------            -----  ------    
ASxxxx Linker V03.00 + NoICE + sdld,  page 21.
Hexadecimal  [32-Bits]

Area                       Addr        Size        Decimal Bytes (Attributes)
--------------------       ----        ----        ------- ----- ------------
_HEADERe               00000000    00000001 =           1. bytes (ABS,CON)

        Value  Global            Value  Global            Value  Global    
        -----  ------            -----  ------            -----  ------    
ASxxxx Linker V03.00 + NoICE + sdld,  page 22.
Hexadecimal  [32-Bits]

Area                       Addr        Size        Decimal Bytes (Attributes)
--------------------       ----        ----        ------- ----- ------------
_HEADERf               00000000    00000002 =           2. bytes (ABS,CON)

        Value  Global            Value  Global            Value  Global    
        -----  ------            -----  ------            -----  ------    
ASxxxx Linker V03.00 + NoICE + sdld,  page 23.
Hexadecimal  [32-Bits]

Area                       Addr        Size        Decimal Bytes (Attributes)
--------------------       ----        ----        ------- ----- ------------
_HEADER10              00000000    00000084 =         132. bytes (ABS,CON)

        Value  Global            Value  Global            Value  Global    
        -----  ------            -----  ------            -----  ------    
     00000150  .reset    |    00000150  _reset    |    00000157  .code_sta
     000001B9  _exit     |    000001BD  _set_inte
ASxxxx Linker V03.00 + NoICE + sdld,  page 24.
Hexadecimal  [32-Bits]

Area                       Addr        Size        Decimal Bytes (Attributes)
--------------------       ----        ----        ------- ----- ------------
_HEADER11              00000000    00000001 =           1. bytes (ABS,CON)

        Value  Global            Value  Global            Value  Global    
        -----  ------            -----  ------            -----  ------    
ASxxxx Linker V03.00 + NoICE + sdld,  page 25.
Hexadecimal  [32-Bits]

Area                       Addr        Size        Decimal Bytes (Attributes)
--------------------       ----        ----        ------- ----- ------------
_HOME                  000010A1    0000010F =         271. bytes (REL,CON)

        Value  Global            Value  Global            Value  Global    
        -----  ------            -----  ------            -----  ------    
     000010A1  .memset_s |    000010AA  .memcpy_s |    000010C7  .remove_V
     000010CA  .remove_i |    000010E7  .add_VBL  |    000010EA  .add_int 
     000010F5  .wait_vbl |    000010F5  _wait_vbl |    00001105  .display_
     00001105  _display_ |    0000111D  _remove_V |    00001128  _add_VBL 
     00001133  _set_tile |    00001138  _set_bkg_ |    00001138  _set_win_
     00001140  _set_spri |    00001170  .padup    |    00001170  _waitpadu
     00001180  .jpad     |    00001180  _joypad   |    000011A8  _waitpad 
     000011A9  .wait_pad
ASxxxx Linker V03.00 + NoICE + sdld,  page 26.
Hexadecimal  [32-Bits]

Area                       Addr        Size        Decimal Bytes (Attributes)
--------------------       ----        ----        ------- ----- ------------
_INITIALIZER           000011B0    00000056 =          86. bytes (REL,CON)

        Value  Global            Value  Global            Value  Global    
        -----  ------            -----  ------            -----  ------    
     000011B0  Ftactics$ |    000011EC  Ftactics$
ASxxxx Linker V03.00 + NoICE + sdld,  page 27.
Hexadecimal  [32-Bits]

Area                       Addr        Size        Decimal Bytes (Attributes)
--------------------       ----        ----        ------- ----- ------------
_GSINIT                00001206    00000020 =          32. bytes (REL,CON)

        Value  Global            Value  Global            Value  Global    
        -----  ------            -----  ------            -----  ------    
     00001206  gsinit    |    00001212  A$lcc2663 |    00001212  C$tactics
     00001215  A$lcc2663 |    00001217  A$lcc2663 |    00001217  C$tactics
     0000121A  A$lcc2663 |    0000121C  A$lcc2663 |    0000121C  C$tactics
     0000121F  A$lcc2663 |    00001221  A$lcc2663 |    00001221  C$tactics
     00001224  A$lcc2663
ASxxxx Linker V03.00 + NoICE + sdld,  page 28.
Hexadecimal  [32-Bits]

Area                       Addr        Size        Decimal Bytes (Attributes)
--------------------       ----        ----        ------- ----- ------------
_GSFINAL               00001226    00000001 =           1. bytes (REL,CON)

        Value  Global            Value  Global            Value  Global    
        -----  ------            -----  ------            -----  ------    
ASxxxx Linker V03.00 + NoICE + sdld,  page 29.
Hexadecimal  [32-Bits]

Area                       Addr        Size        Decimal Bytes (Attributes)
--------------------       ----        ----        ------- ----- ------------
_DATA                  0000C0A0    00000016 =          22. bytes (REL,CON)

        Value  Global            Value  Global            Value  Global    
        -----  ------            -----  ------            -----  ------    
     0000C0A0  __cpu     |    0000C0A1  __is_GBA  |    0000C0A2  .mode    
     0000C0A3  .sys_time |    0000C0A3  _sys_time |    0000C0A5  .int_0x40
     0000C0B1  Ltactics. |    0000C0B2  Ltactics. |    0000C0B3  Ltactics.
     0000C0B4  Ltactics. |    0000C0B5  Ltactics.
ASxxxx Linker V03.00 + NoICE + sdld,  page 30.
Hexadecimal  [32-Bits]

Area                       Addr        Size        Decimal Bytes (Attributes)
--------------------       ----        ----        ------- ----- ------------
_INITIALIZED           0000C0B6    00000056 =          86. bytes (REL,CON)

        Value  Global            Value  Global            Value  Global    
        -----  ------            -----  ------            -----  ------    
     0000C0B6  G$display |    0000C0B6  _displayT |    0000C0F2  G$letter_
     0000C0F2  _letter_t
ASxxxx Linker V03.00 + NoICE + sdld,  page 31.
Hexadecimal  [32-Bits]

Area                       Addr        Size        Decimal Bytes (Attributes)
--------------------       ----        ----        ------- ----- ------------
_HRAM12                00000000    00000003 =           3. bytes (ABS,CON)

        Value  Global            Value  Global            Value  Global    
        -----  ------            -----  ------            -----  ------    
     0000FF90  __current |    0000FF92  __shadow_
ASxxxx Linker V03.00 + NoICE + sdld,  page 32.

Files Linked                              [ module(s) ]

C:\Users\gerzy\OneDrive - Florida Polytechnic University\Documents\Merpcraft Stuff\codeforces\gmamer_boy\gbdk\lib/gb/crt0.o
                                          [ Runtime ]
C:\Users\gerzy\AppData\Local\Temp/lcc266320.o
                                          [ tactics ]


Libraries Linked                          [ object file ]

C:\Users\gerzy\OneDrive - Florida Polytechnic University\Documents\Merpcraft Stuff\codeforces\gmamer_boy\gbdk\lib/gb/gb.lib
                                          [ set_data.o ]
C:\Users\gerzy\OneDrive - Florida Polytechnic University\Documents\Merpcraft Stuff\codeforces\gmamer_boy\gbdk\lib/gb/gb.lib
                                          [ pad.o ]
C:\Users\gerzy\OneDrive - Florida Polytechnic University\Documents\Merpcraft Stuff\codeforces\gmamer_boy\gbdk\lib/gb/gb.lib
                                          [ sfr.o ]

ASxxxx Linker V03.00 + NoICE + sdld,  page 33.

User Base Address Definitions

_DATA=0xC0A0
_CODE=0x0200
ASxxxx Linker V03.00 + NoICE + sdld,  page 34.

User Global Definitions

_shadow_OAM=0xC000
.STACK=0xE000
.refresh_OAM=0xFF80

