ASxxxx Linker V03.00 + NoICE + sdld,  page 1.
Hexadecimal  [32-Bits]

Area                       Addr        Size        Decimal Bytes (Attributes)
--------------------       ----        ----        ------- ----- ------------
.  .ABS.               00000000    00000000 =           0. bytes (ABS,CON)

        Value  Global            Value  Global            Value  Global    
        -----  ------            -----  ------            -----  ------    
     00000000  .__.ABS.  |    00000000  _rRAMG    |    00000000  l__BASE  
     00000000  l__BSS    |    00000000  l__CABS   |    00000000  l__CODE_0
     00000000  l__DABS   |    00000000  l__HEADER |    00000000  l__HEAP  
     00000000  l__HEAP_E |    00000000  l__HRAM   |    00000000  l__INITIA
     00000000  l__INITIA |    00000000  l__LIT    |    00000000  s__CABS  
     00000000  s__DABS   |    00000000  s__HEADER |    00000000  s__HEADER
     00000000  s__HEADER |    00000000  s__HEADER |    00000000  s__HEADER
     00000000  s__HEADER |    00000000  s__HEADER |    00000000  s__HEADER
     00000000  s__HEADER |    00000000  s__HEADER |    00000000  s__HEADER
     00000000  s__HEADER |    00000000  s__HEADER |    00000000  s__HEADER
     00000000  s__HEADER |    00000000  s__HEADER |    00000000  s__HEADER
     00000000  s__HEADER |    00000000  s__HEADER |    00000000  s__HRAM  
     00000000  s__HRAM12 |    00000001  l__GSFINA |    00000001  l__HEADER
     00000001  l__HEADER |    00000001  l__HEADER |    00000001  l__HEADER
     00000001  l__HEADER |    00000001  l__HEADER |    00000001  l__HEADER
     00000002  l__HEADER |    00000002  l__HEADER |    00000002  l__HEADER
     00000003  l__HEADER |    00000003  l__HRAM12 |    00000005  l__HEADER
     00000006  l__HEADER |    00000007  l__HEADER |    00000008  l__HEADER
     00000020  l__GSINIT |    00000030  l__HEADER |    0000004C  l__HEADER
     00000084  l__HEADER |    0000010F  l__HOME   |    00000200  s__CODE  
     00000415  l__DATA   |    00000A7E  l__CODE   |    00000C7E  s__HOME  
     00000D8D  s__BASE   |    00000D8D  s__CODE_0 |    00000D8D  s__GSINIT
     00000D8D  s__INITIA |    00000D8D  s__LIT    |    00000DAD  s__GSFINA
     00002000  _rROMB0   |    00003000  _rROMB1   |    00004000  _rRAMB   
     00008000  __VRAM    |    00008000  __VRAM800 |    00008800  __VRAM880
     00009000  __VRAM900 |    00009800  __SCRN0   |    00009C00  __SCRN1  
     0000A000  __SRAM    |    0000C000  __RAM     |    0000C000  _shadow_O
     0000C0A0  s__DATA   |    0000C4B5  s__BSS    |    0000C4B5  s__HEAP  
     0000C4B5  s__HEAP_E |    0000C4B5  s__INITIA |    0000D000  __RAMBANK
     0000E000  .STACK    |    0000FE00  __OAMRAM  |    0000FF00  _P1_REG  
     0000FF00  __IO      |    0000FF01  _SB_REG   |    0000FF02  _SC_REG  
     0000FF04  _DIV_REG  |    0000FF05  _TIMA_REG |    0000FF06  _TMA_REG 
     0000FF07  _TAC_REG  |    0000FF0F  _IF_REG   |    0000FF10  _NR10_REG
     0000FF11  _NR11_REG |    0000FF12  _NR12_REG |    0000FF13  _NR13_REG
     0000FF14  _NR14_REG |    0000FF16  _NR21_REG |    0000FF17  _NR22_REG
     0000FF18  _NR23_REG |    0000FF19  _NR24_REG |    0000FF1A  _NR30_REG
     0000FF1B  _NR31_REG |    0000FF1C  _NR32_REG |    0000FF1D  _NR33_REG
     0000FF1E  _NR34_REG |    0000FF20  _NR41_REG |    0000FF21  _NR42_REG
     0000FF22  _NR43_REG |    0000FF23  _NR44_REG |    0000FF24  _NR50_REG
     0000FF25  _NR51_REG |    0000FF26  _NR52_REG |    0000FF30  _AUD3WAVE
     0000FF30  _PCM_SAMP |    0000FF30  __AUD3WAV |    0000FF40  _LCDC_REG
     0000FF41  _STAT_REG |    0000FF42  _SCY_REG  |    0000FF43  _SCX_REG 
     0000FF44  _LY_REG   |    0000FF45  _LYC_REG  |    0000FF46  _DMA_REG 
     0000FF47  _BGP_REG  |    0000FF48  _OBP0_REG |    0000FF49  _OBP1_REG
     0000FF4A  _WY_REG   |    0000FF4B  _WX_REG   |    0000FF4D  _KEY1_REG
     0000FF4F  _VBK_REG  |    0000FF51  _HDMA1_RE |    0000FF52  _HDMA2_RE
     0000FF53  _HDMA3_RE |    0000FF54  _HDMA4_RE |    0000FF55  _HDMA5_RE
     0000FF56  _RP_REG   |    0000FF68  _BCPS_REG |    0000FF69  _BCPD_REG
     0000FF6A  _OCPS_REG |    0000FF6B  _OCPD_REG |    0000FF70  _SVBK_REG
     0000FF76  _PCM12_RE |    0000FF77  _PCM34_RE |    0000FF80  .refresh_
ASxxxx Linker V03.00 + NoICE + sdld,  page 2.
Hexadecimal  [32-Bits]

Area                       Addr        Size        Decimal Bytes (Attributes)
--------------------       ----        ----        ------- ----- ------------
.  .ABS.               00000000    00000000 =           0. bytes (ABS,CON)

        Value  Global            Value  Global            Value  Global    
        -----  ------            -----  ------            -----  ------    
     0000FF80  __HRAM    |    0000FFFF  _IE_REG  
ASxxxx Linker V03.00 + NoICE + sdld,  page 3.
Hexadecimal  [32-Bits]

Area                       Addr        Size        Decimal Bytes (Attributes)
--------------------       ----        ----        ------- ----- ------------
_CODE                  00000200    00000A7E =        2686. bytes (REL,CON)

        Value  Global            Value  Global            Value  Global    
        -----  ------            -----  ------            -----  ------    
     00000200  A$lcc6600 |    00000200  C$tactics |    00000200  G$main$0$
     00000200  _main     |    00000202  A$lcc6600 |    00000202  C$tactics
     00000205  A$lcc6600 |    00000205  C$tactics |    00000208  A$lcc6600
     00000208  C$tactics |    00000209  A$lcc6600 |    0000020B  A$lcc6600
     0000020B  C$tactics |    0000020E  A$lcc6600 |    0000020F  A$lcc6600
     00000212  A$lcc6600 |    00000213  A$lcc6600 |    00000216  A$lcc6600
     00000218  A$lcc6600 |    00000218  C$tactics |    0000021A  A$lcc6600
     0000021B  A$lcc6600 |    0000021D  A$lcc6600 |    00000220  A$lcc6600
     00000220  C$tactics |    00000222  A$lcc6600 |    00000224  A$lcc6600
     00000226  A$lcc6600 |    00000227  A$lcc6600 |    00000229  A$lcc6600
     0000022C  A$lcc6600 |    0000022C  C$tactics |    0000022E  A$lcc6600
     0000022F  A$lcc6600 |    00000230  A$lcc6600 |    00000231  A$lcc6600
     00000232  A$lcc6600 |    00000233  A$lcc6600 |    00000235  A$lcc6600
     00000236  A$lcc6600 |    00000238  A$lcc6600 |    00000239  A$lcc6600
     0000023B  A$lcc6600 |    0000023C  A$lcc6600 |    0000023E  A$lcc6600
     00000240  A$lcc6600 |    00000242  A$lcc6600 |    00000243  A$lcc6600
     00000244  A$lcc6600 |    00000245  A$lcc6600 |    00000246  A$lcc6600
     00000247  A$lcc6600 |    00000248  A$lcc6600 |    00000249  A$lcc6600
     0000024B  A$lcc6600 |    0000024C  A$lcc6600 |    0000024D  A$lcc6600
     0000024E  A$lcc6600 |    00000250  A$lcc6600 |    00000251  A$lcc6600
     00000253  A$lcc6600 |    00000255  A$lcc6600 |    00000256  A$lcc6600
     00000258  A$lcc6600 |    00000259  A$lcc6600 |    0000025A  A$lcc6600
     0000025B  A$lcc6600 |    0000025C  A$lcc6600 |    0000025D  A$lcc6600
     0000025E  A$lcc6600 |    0000025F  A$lcc6600 |    00000260  A$lcc6600
     00000261  A$lcc6600 |    00000262  A$lcc6600 |    00000263  A$lcc6600
     00000265  A$lcc6600 |    00000266  A$lcc6600 |    00000267  A$lcc6600
     00000268  A$lcc6600 |    0000026A  A$lcc6600 |    0000026B  A$lcc6600
     0000026C  A$lcc6600 |    0000026D  A$lcc6600 |    0000026E  A$lcc6600
     00000271  A$lcc6600 |    00000272  A$lcc6600 |    00000273  A$lcc6600
     00000274  A$lcc6600 |    00000276  A$lcc6600 |    00000277  A$lcc6600
     00000278  A$lcc6600 |    00000279  A$lcc6600 |    0000027B  A$lcc6600
     0000027C  A$lcc6600 |    0000027E  A$lcc6600 |    0000027F  A$lcc6600
     00000281  A$lcc6600 |    00000282  A$lcc6600 |    00000283  A$lcc6600
     00000284  A$lcc6600 |    00000285  A$lcc6600 |    00000286  A$lcc6600
     00000287  A$lcc6600 |    00000288  A$lcc6600 |    00000289  A$lcc6600
     0000028A  A$lcc6600 |    0000028B  A$lcc6600 |    0000028D  A$lcc6600
     0000028F  A$lcc6600 |    00000290  A$lcc6600 |    00000291  A$lcc6600
     00000292  A$lcc6600 |    00000293  A$lcc6600 |    00000294  A$lcc6600
     00000295  A$lcc6600 |    00000296  A$lcc6600 |    00000297  A$lcc6600
     00000298  A$lcc6600 |    0000029A  A$lcc6600 |    0000029B  A$lcc6600
     0000029C  A$lcc6600 |    0000029D  A$lcc6600 |    0000029F  A$lcc6600
     000002A0  A$lcc6600 |    000002A2  A$lcc6600 |    000002A3  A$lcc6600
     000002A4  A$lcc6600 |    000002A5  A$lcc6600 |    000002A7  A$lcc6600
     000002A9  A$lcc6600 |    000002AB  A$lcc6600 |    000002AC  A$lcc6600
     000002AD  A$lcc6600 |    000002AE  A$lcc6600 |    000002AF  A$lcc6600
     000002B0  A$lcc6600 |    000002B1  A$lcc6600 |    000002B2  A$lcc6600
     000002B3  A$lcc6600 |    000002B4  A$lcc6600 |    000002B5  A$lcc6600
     000002B5  C$tactics |    000002B6  A$lcc6600 |    000002B8  A$lcc6600
     000002B9  A$lcc6600 |    000002BA  A$lcc6600 |    000002BC  A$lcc6600
     000002BD  A$lcc6600 |    000002BF  A$lcc6600 |    000002C0  A$lcc6600
ASxxxx Linker V03.00 + NoICE + sdld,  page 4.
Hexadecimal  [32-Bits]

Area                       Addr        Size        Decimal Bytes (Attributes)
--------------------       ----        ----        ------- ----- ------------
_CODE                  00000200    00000A7E =        2686. bytes (REL,CON)

        Value  Global            Value  Global            Value  Global    
        -----  ------            -----  ------            -----  ------    
     000002C1  A$lcc6600 |    000002C2  A$lcc6600 |    000002C2  C$tactics
     000002C4  A$lcc6600 |    000002C5  A$lcc6600 |    000002C6  A$lcc6600
     000002C7  A$lcc6600 |    000002C9  A$lcc6600 |    000002CA  A$lcc6600
     000002CC  A$lcc6600 |    000002CD  A$lcc6600 |    000002CF  A$lcc6600
     000002D0  A$lcc6600 |    000002D2  A$lcc6600 |    000002D3  A$lcc6600
     000002D5  A$lcc6600 |    000002D6  A$lcc6600 |    000002D8  A$lcc6600
     000002D9  A$lcc6600 |    000002DA  A$lcc6600 |    000002DB  A$lcc6600
     000002DC  A$lcc6600 |    000002DD  A$lcc6600 |    000002DE  A$lcc6600
     000002E1  A$lcc6600 |    000002E2  A$lcc6600 |    000002E3  A$lcc6600
     000002E4  A$lcc6600 |    000002E6  A$lcc6600 |    000002E7  A$lcc6600
     000002E8  A$lcc6600 |    000002E9  A$lcc6600 |    000002EB  A$lcc6600
     000002EC  A$lcc6600 |    000002ED  A$lcc6600 |    000002EE  A$lcc6600
     000002EF  A$lcc6600 |    000002F0  A$lcc6600 |    000002F0  C$tactics
     000002F1  A$lcc6600 |    000002F2  A$lcc6600 |    000002F3  A$lcc6600
     000002F6  A$lcc6600 |    000002F6  C$tactics |    000002F7  A$lcc6600
     000002FA  A$lcc6600 |    000002FA  C$tactics |    000002FD  A$lcc6600
     000002FE  A$lcc6600 |    00000301  A$lcc6600 |    00000302  A$lcc6600
     00000305  A$lcc6600 |    00000307  A$lcc6600 |    0000030A  A$lcc6600
     0000030C  A$lcc6600 |    0000030F  A$lcc6600 |    00000311  A$lcc6600
     00000314  A$lcc6600 |    00000316  A$lcc6600 |    00000319  A$lcc6600
     0000031B  A$lcc6600 |    0000031B  C$tactics |    0000031D  A$lcc6600
     0000031F  A$lcc6600 |    0000031F  C$tactics |    00000321  A$lcc6600
     00000323  A$lcc6600 |    00000323  C$tactics |    00000323  C$tactics
     00000326  A$lcc6600 |    00000329  A$lcc6600 |    0000032B  A$lcc6600
     0000032D  A$lcc6600 |    0000032F  A$lcc6600 |    00000330  A$lcc6600
     00000333  A$lcc6600 |    00000335  A$lcc6600 |    00000337  A$lcc6600
     00000339  A$lcc6600 |    0000033A  A$lcc6600 |    0000033D  A$lcc6600
     0000033E  A$lcc6600 |    0000033F  A$lcc6600 |    00000340  A$lcc6600
     00000343  A$lcc6600 |    00000345  A$lcc6600 |    00000347  A$lcc6600
     00000349  A$lcc6600 |    0000034A  A$lcc6600 |    0000034D  A$lcc6600
     0000034F  A$lcc6600 |    00000351  A$lcc6600 |    00000353  A$lcc6600
     00000354  A$lcc6600 |    00000357  A$lcc6600 |    00000358  A$lcc6600
     00000359  A$lcc6600 |    0000035A  A$lcc6600 |    0000035D  A$lcc6600
     0000035F  A$lcc6600 |    00000361  A$lcc6600 |    00000363  A$lcc6600
     00000364  A$lcc6600 |    00000367  A$lcc6600 |    00000369  A$lcc6600
     0000036B  A$lcc6600 |    0000036D  A$lcc6600 |    0000036E  A$lcc6600
     00000371  A$lcc6600 |    00000372  A$lcc6600 |    00000373  A$lcc6600
     00000374  A$lcc6600 |    00000377  A$lcc6600 |    00000379  A$lcc6600
     0000037B  A$lcc6600 |    0000037D  A$lcc6600 |    0000037E  A$lcc6600
     00000381  A$lcc6600 |    00000383  A$lcc6600 |    00000385  A$lcc6600
     00000387  A$lcc6600 |    00000388  A$lcc6600 |    0000038B  A$lcc6600
     0000038C  A$lcc6600 |    0000038D  A$lcc6600 |    0000038E  A$lcc6600
     0000038E  C$tactics |    00000391  A$lcc6600 |    00000392  A$lcc6600
     00000392  C$tactics |    00000393  A$lcc6600 |    00000395  A$lcc6600
     00000397  A$lcc6600 |    00000397  C$tactics |    0000039A  A$lcc6600
     0000039C  A$lcc6600 |    0000039F  A$lcc6600 |    000003A1  A$lcc6600
     000003A4  A$lcc6600 |    000003A6  A$lcc6600 |    000003A9  A$lcc6600
     000003AB  A$lcc6600 |    000003AE  A$lcc6600 |    000003B0  A$lcc6600
     000003B0  C$tactics |    000003B2  A$lcc6600 |    000003B2  C$tactics
     000003B5  A$lcc6600 |    000003B7  A$lcc6600 |    000003B9  A$lcc6600
     000003BC  A$lcc6600 |    000003BE  A$lcc6600 |    000003C1  A$lcc6600
ASxxxx Linker V03.00 + NoICE + sdld,  page 5.
Hexadecimal  [32-Bits]

Area                       Addr        Size        Decimal Bytes (Attributes)
--------------------       ----        ----        ------- ----- ------------
_CODE                  00000200    00000A7E =        2686. bytes (REL,CON)

        Value  Global            Value  Global            Value  Global    
        -----  ------            -----  ------            -----  ------    
     000003C3  A$lcc6600 |    000003C6  A$lcc6600 |    000003C8  A$lcc6600
     000003CB  A$lcc6600 |    000003CD  A$lcc6600 |    000003CD  C$tactics
     000003CD  C$tactics |    000003D0  A$lcc6600 |    000003D1  A$lcc6600
     000003D2  A$lcc6600 |    000003D4  A$lcc6600 |    000003D4  C$tactics
     000003D5  A$lcc6600 |    000003D5  C$tactics |    000003D8  A$lcc6600
     000003D8  C$tactics |    000003DB  A$lcc6600 |    000003DC  A$lcc6600
     000003DC  C$tactics |    000003DE  A$lcc6600 |    000003E0  A$lcc6600
     000003E0  C$tactics |    000003E3  A$lcc6600 |    000003E4  A$lcc6600
     000003E5  A$lcc6600 |    000003E7  A$lcc6600 |    000003E7  C$tactics
     000003E8  A$lcc6600 |    000003EA  A$lcc6600 |    000003EA  C$tactics
     000003EC  A$lcc6600 |    000003EE  A$lcc6600 |    000003EE  C$tactics
     000003F1  A$lcc6600 |    000003F2  A$lcc6600 |    000003F4  A$lcc6600
     000003F6  A$lcc6600 |    000003F6  C$tactics |    000003F7  A$lcc6600
     000003F9  A$lcc6600 |    000003F9  C$tactics |    000003FB  A$lcc6600
     000003FD  A$lcc6600 |    000003FD  C$tactics |    00000400  A$lcc6600
     00000401  A$lcc6600 |    00000402  A$lcc6600 |    00000404  A$lcc6600
     00000404  C$tactics |    00000405  A$lcc6600 |    00000407  A$lcc6600
     00000407  C$tactics |    00000409  A$lcc6600 |    0000040B  A$lcc6600
     0000040B  C$tactics |    0000040E  A$lcc6600 |    0000040F  A$lcc6600
     00000411  A$lcc6600 |    00000413  A$lcc6600 |    00000413  C$tactics
     00000414  A$lcc6600 |    00000414  C$tactics |    00000415  A$lcc6600
     00000416  A$lcc6600 |    00000419  A$lcc6600 |    00000419  C$tactics
     0000041C  A$lcc6600 |    0000041E  A$lcc6600 |    00000421  A$lcc6600
     00000423  A$lcc6600 |    00000423  C$tactics |    00000423  XG$main$0
     00000424  G$Tiles$0 |    00000424  _Tiles    |    00000C24  G$MAP$0_0
     00000C24  _MAP     
ASxxxx Linker V03.00 + NoICE + sdld,  page 6.
Hexadecimal  [32-Bits]

Area                       Addr        Size        Decimal Bytes (Attributes)
--------------------       ----        ----        ------- ----- ------------
_HEADER0               00000000    00000001 =           1. bytes (ABS,CON)

        Value  Global            Value  Global            Value  Global    
        -----  ------            -----  ------            -----  ------    
     00000020  .call_hl 
ASxxxx Linker V03.00 + NoICE + sdld,  page 7.
Hexadecimal  [32-Bits]

Area                       Addr        Size        Decimal Bytes (Attributes)
--------------------       ----        ----        ------- ----- ------------
_HEADER1               00000000    00000005 =           5. bytes (ABS,CON)

        Value  Global            Value  Global            Value  Global    
        -----  ------            -----  ------            -----  ------    
     00000028  .MemsetSm
ASxxxx Linker V03.00 + NoICE + sdld,  page 8.
Hexadecimal  [32-Bits]

Area                       Addr        Size        Decimal Bytes (Attributes)
--------------------       ----        ----        ------- ----- ------------
_HEADER2               00000000    00000007 =           7. bytes (ABS,CON)

        Value  Global            Value  Global            Value  Global    
        -----  ------            -----  ------            -----  ------    
     00000030  .MemcpySm
ASxxxx Linker V03.00 + NoICE + sdld,  page 9.
Hexadecimal  [32-Bits]

Area                       Addr        Size        Decimal Bytes (Attributes)
--------------------       ----        ----        ------- ----- ------------
_HEADER3               00000000    00000008 =           8. bytes (ABS,CON)

        Value  Global            Value  Global            Value  Global    
        -----  ------            -----  ------            -----  ------    
ASxxxx Linker V03.00 + NoICE + sdld,  page 10.
Hexadecimal  [32-Bits]

Area                       Addr        Size        Decimal Bytes (Attributes)
--------------------       ----        ----        ------- ----- ------------
_HEADER4               00000000    0000004C =          76. bytes (ABS,CON)

        Value  Global            Value  Global            Value  Global    
        -----  ------            -----  ------            -----  ------    
     00000080  .int      |    0000008F  _wait_int |    0000009C  __standar
     000000AC  _refresh_
ASxxxx Linker V03.00 + NoICE + sdld,  page 11.
Hexadecimal  [32-Bits]

Area                       Addr        Size        Decimal Bytes (Attributes)
--------------------       ----        ----        ------- ----- ------------
_HEADER5               00000000    00000002 =           2. bytes (ABS,CON)

        Value  Global            Value  Global            Value  Global    
        -----  ------            -----  ------            -----  ------    
ASxxxx Linker V03.00 + NoICE + sdld,  page 12.
Hexadecimal  [32-Bits]

Area                       Addr        Size        Decimal Bytes (Attributes)
--------------------       ----        ----        ------- ----- ------------
_HEADER6               00000000    00000030 =          48. bytes (ABS,CON)

        Value  Global            Value  Global            Value  Global    
        -----  ------            -----  ------            -----  ------    
ASxxxx Linker V03.00 + NoICE + sdld,  page 13.
Hexadecimal  [32-Bits]

Area                       Addr        Size        Decimal Bytes (Attributes)
--------------------       ----        ----        ------- ----- ------------
_HEADER7               00000000    00000006 =           6. bytes (ABS,CON)

        Value  Global            Value  Global            Value  Global    
        -----  ------            -----  ------            -----  ------    
ASxxxx Linker V03.00 + NoICE + sdld,  page 14.
Hexadecimal  [32-Bits]

Area                       Addr        Size        Decimal Bytes (Attributes)
--------------------       ----        ----        ------- ----- ------------
_HEADER8               00000000    00000003 =           3. bytes (ABS,CON)

        Value  Global            Value  Global            Value  Global    
        -----  ------            -----  ------            -----  ------    
ASxxxx Linker V03.00 + NoICE + sdld,  page 15.
Hexadecimal  [32-Bits]

Area                       Addr        Size        Decimal Bytes (Attributes)
--------------------       ----        ----        ------- ----- ------------
_HEADER9               00000000    00000001 =           1. bytes (ABS,CON)

        Value  Global            Value  Global            Value  Global    
        -----  ------            -----  ------            -----  ------    
ASxxxx Linker V03.00 + NoICE + sdld,  page 16.
Hexadecimal  [32-Bits]

Area                       Addr        Size        Decimal Bytes (Attributes)
--------------------       ----        ----        ------- ----- ------------
_HEADERa               00000000    00000001 =           1. bytes (ABS,CON)

        Value  Global            Value  Global            Value  Global    
        -----  ------            -----  ------            -----  ------    
ASxxxx Linker V03.00 + NoICE + sdld,  page 17.
Hexadecimal  [32-Bits]

Area                       Addr        Size        Decimal Bytes (Attributes)
--------------------       ----        ----        ------- ----- ------------
_HEADERb               00000000    00000001 =           1. bytes (ABS,CON)

        Value  Global            Value  Global            Value  Global    
        -----  ------            -----  ------            -----  ------    
ASxxxx Linker V03.00 + NoICE + sdld,  page 18.
Hexadecimal  [32-Bits]

Area                       Addr        Size        Decimal Bytes (Attributes)
--------------------       ----        ----        ------- ----- ------------
_HEADERc               00000000    00000002 =           2. bytes (ABS,CON)

        Value  Global            Value  Global            Value  Global    
        -----  ------            -----  ------            -----  ------    
ASxxxx Linker V03.00 + NoICE + sdld,  page 19.
Hexadecimal  [32-Bits]

Area                       Addr        Size        Decimal Bytes (Attributes)
--------------------       ----        ----        ------- ----- ------------
_HEADERd               00000000    00000001 =           1. bytes (ABS,CON)

        Value  Global            Value  Global            Value  Global    
        -----  ------            -----  ------            -----  ------    
ASxxxx Linker V03.00 + NoICE + sdld,  page 20.
Hexadecimal  [32-Bits]

Area                       Addr        Size        Decimal Bytes (Attributes)
--------------------       ----        ----        ------- ----- ------------
_HEADERe               00000000    00000001 =           1. bytes (ABS,CON)

        Value  Global            Value  Global            Value  Global    
        -----  ------            -----  ------            -----  ------    
ASxxxx Linker V03.00 + NoICE + sdld,  page 21.
Hexadecimal  [32-Bits]

Area                       Addr        Size        Decimal Bytes (Attributes)
--------------------       ----        ----        ------- ----- ------------
_HEADERf               00000000    00000002 =           2. bytes (ABS,CON)

        Value  Global            Value  Global            Value  Global    
        -----  ------            -----  ------            -----  ------    
ASxxxx Linker V03.00 + NoICE + sdld,  page 22.
Hexadecimal  [32-Bits]

Area                       Addr        Size        Decimal Bytes (Attributes)
--------------------       ----        ----        ------- ----- ------------
_HEADER10              00000000    00000084 =         132. bytes (ABS,CON)

        Value  Global            Value  Global            Value  Global    
        -----  ------            -----  ------            -----  ------    
     00000150  .reset    |    00000150  _reset    |    00000157  .code_sta
     000001B9  _exit     |    000001BD  _set_inte
ASxxxx Linker V03.00 + NoICE + sdld,  page 23.
Hexadecimal  [32-Bits]

Area                       Addr        Size        Decimal Bytes (Attributes)
--------------------       ----        ----        ------- ----- ------------
_HEADER11              00000000    00000001 =           1. bytes (ABS,CON)

        Value  Global            Value  Global            Value  Global    
        -----  ------            -----  ------            -----  ------    
ASxxxx Linker V03.00 + NoICE + sdld,  page 24.
Hexadecimal  [32-Bits]

Area                       Addr        Size        Decimal Bytes (Attributes)
--------------------       ----        ----        ------- ----- ------------
_HOME                  00000C7E    0000010F =         271. bytes (REL,CON)

        Value  Global            Value  Global            Value  Global    
        -----  ------            -----  ------            -----  ------    
     00000C7E  .memset_s |    00000C87  .memcpy_s |    00000CA4  .remove_V
     00000CA7  .remove_i |    00000CC4  .add_VBL  |    00000CC7  .add_int 
     00000CD2  .wait_vbl |    00000CD2  _wait_vbl |    00000CE2  .display_
     00000CE2  _display_ |    00000CFA  _remove_V |    00000D05  _add_VBL 
     00000D10  _set_tile |    00000D15  _set_bkg_ |    00000D15  _set_win_
     00000D1D  _set_spri |    00000D4D  .padup    |    00000D4D  _waitpadu
     00000D5D  .jpad     |    00000D5D  _joypad   |    00000D85  _waitpad 
     00000D86  .wait_pad
ASxxxx Linker V03.00 + NoICE + sdld,  page 25.
Hexadecimal  [32-Bits]

Area                       Addr        Size        Decimal Bytes (Attributes)
--------------------       ----        ----        ------- ----- ------------
_GSINIT                00000D8D    00000020 =          32. bytes (REL,CON)

        Value  Global            Value  Global            Value  Global    
        -----  ------            -----  ------            -----  ------    
     00000D8D  gsinit    |    00000D99  A$lcc6600 |    00000D99  C$tactics
     00000D9C  A$lcc6600 |    00000D9E  A$lcc6600 |    00000D9E  C$tactics
     00000DA1  A$lcc6600 |    00000DA3  A$lcc6600 |    00000DA3  C$tactics
     00000DA6  A$lcc6600 |    00000DA8  A$lcc6600 |    00000DA8  C$tactics
     00000DAB  A$lcc6600
ASxxxx Linker V03.00 + NoICE + sdld,  page 26.
Hexadecimal  [32-Bits]

Area                       Addr        Size        Decimal Bytes (Attributes)
--------------------       ----        ----        ------- ----- ------------
_GSFINAL               00000DAD    00000001 =           1. bytes (REL,CON)

        Value  Global            Value  Global            Value  Global    
        -----  ------            -----  ------            -----  ------    
ASxxxx Linker V03.00 + NoICE + sdld,  page 27.
Hexadecimal  [32-Bits]

Area                       Addr        Size        Decimal Bytes (Attributes)
--------------------       ----        ----        ------- ----- ------------
_DATA                  0000C0A0    00000415 =        1045. bytes (REL,CON)

        Value  Global            Value  Global            Value  Global    
        -----  ------            -----  ------            -----  ------    
     0000C0A0  __cpu     |    0000C0A1  __is_GBA  |    0000C0A2  .mode    
     0000C0A3  .sys_time |    0000C0A3  _sys_time |    0000C0A5  .int_0x40
     0000C0B1  G$tilemap |    0000C0B1  _tilemapM |    0000C4B1  Ltactics.
     0000C4B2  Ltactics. |    0000C4B3  Ltactics. |    0000C4B4  Ltactics.
ASxxxx Linker V03.00 + NoICE + sdld,  page 28.
Hexadecimal  [32-Bits]

Area                       Addr        Size        Decimal Bytes (Attributes)
--------------------       ----        ----        ------- ----- ------------
_HRAM12                00000000    00000003 =           3. bytes (ABS,CON)

        Value  Global            Value  Global            Value  Global    
        -----  ------            -----  ------            -----  ------    
     0000FF90  __current |    0000FF92  __shadow_
ASxxxx Linker V03.00 + NoICE + sdld,  page 29.

Files Linked                              [ module(s) ]

C:\Users\gerzy\OneDrive - Florida Polytechnic University\Documents\Merpcraft Stuff\codeforces\gmamer_boy\gbdk\lib/gb/crt0.o
                                          [ Runtime ]
C:\Users\gerzy\AppData\Local\Temp/lcc66000.o
                                          [ tactics ]


Libraries Linked                          [ object file ]

C:\Users\gerzy\OneDrive - Florida Polytechnic University\Documents\Merpcraft Stuff\codeforces\gmamer_boy\gbdk\lib/gb/gb.lib
                                          [ set_data.o ]
C:\Users\gerzy\OneDrive - Florida Polytechnic University\Documents\Merpcraft Stuff\codeforces\gmamer_boy\gbdk\lib/gb/gb.lib
                                          [ pad.o ]
C:\Users\gerzy\OneDrive - Florida Polytechnic University\Documents\Merpcraft Stuff\codeforces\gmamer_boy\gbdk\lib/gb/gb.lib
                                          [ sfr.o ]

ASxxxx Linker V03.00 + NoICE + sdld,  page 30.

User Base Address Definitions

_DATA=0xC0A0
_CODE=0x0200
ASxxxx Linker V03.00 + NoICE + sdld,  page 31.

User Global Definitions

_shadow_OAM=0xC000
.STACK=0xE000
.refresh_OAM=0xFF80

