ASxxxx Linker V03.00 + NoICE + sdld,  page 1.
Hexadecimal  [32-Bits]

Area                       Addr        Size        Decimal Bytes (Attributes)
--------------------       ----        ----        ------- ----- ------------
.  .ABS.               00000000    00000000 =           0. bytes (ABS,CON)

        Value  Global            Value  Global            Value  Global    
        -----  ------            -----  ------            -----  ------    
     00000000  .__.ABS.  |    00000000  _rRAMG    |    00000000  l__BASE  
     00000000  l__BSS    |    00000000  l__CABS   |    00000000  l__CODE_0
     00000000  l__DABS   |    00000000  l__HEADER |    00000000  l__HEAP  
     00000000  l__HEAP_E |    00000000  l__HRAM   |    00000000  l__LIT   
     00000000  s__CABS   |    00000000  s__DABS   |    00000000  s__HEADER
     00000000  s__HEADER |    00000000  s__HEADER |    00000000  s__HEADER
     00000000  s__HEADER |    00000000  s__HEADER |    00000000  s__HEADER
     00000000  s__HEADER |    00000000  s__HEADER |    00000000  s__HEADER
     00000000  s__HEADER |    00000000  s__HEADER |    00000000  s__HEADER
     00000000  s__HEADER |    00000000  s__HEADER |    00000000  s__HEADER
     00000000  s__HEADER |    00000000  s__HEADER |    00000000  s__HEADER
     00000000  s__HRAM   |    00000000  s__HRAM12 |    00000001  l__GSFINA
     00000001  l__HEADER |    00000001  l__HEADER |    00000001  l__HEADER
     00000001  l__HEADER |    00000001  l__HEADER |    00000001  l__HEADER
     00000001  l__HEADER |    00000002  l__HEADER |    00000002  l__HEADER
     00000002  l__HEADER |    00000003  l__HEADER |    00000003  l__HRAM12
     00000005  l__HEADER |    00000006  l__HEADER |    00000007  l__HEADER
     00000008  l__HEADER |    0000002A  l__GSINIT |    00000030  l__HEADER
     00000034  l__INITIA |    00000034  l__INITIA |    0000004C  l__HEADER
     0000005A  l__DATA   |    00000084  l__HEADER |    00000170  l__HOME  
     00000200  s__CODE   |    00000C1D  l__CODE   |    00000E1D  s__HOME  
     00000F8D  s__BASE   |    00000F8D  s__CODE_0 |    00000F8D  s__INITIA
     00000F8D  s__LIT    |    00000FC1  s__GSINIT |    00000FEB  s__GSFINA
     00002000  _rROMB0   |    00003000  _rROMB1   |    00004000  _rRAMB   
     00008000  __VRAM    |    00008000  __VRAM800 |    00008800  __VRAM880
     00009000  __VRAM900 |    00009800  __SCRN0   |    00009C00  __SCRN1  
     0000A000  __SRAM    |    0000C000  __RAM     |    0000C000  _shadow_O
     0000C0A0  s__DATA   |    0000C0FA  s__BSS    |    0000C0FA  s__INITIA
     0000C12E  s__HEAP   |    0000C12E  s__HEAP_E |    0000D000  __RAMBANK
     0000E000  .STACK    |    0000FE00  __OAMRAM  |    0000FF00  _P1_REG  
     0000FF00  __IO      |    0000FF01  _SB_REG   |    0000FF02  _SC_REG  
     0000FF04  _DIV_REG  |    0000FF05  _TIMA_REG |    0000FF06  _TMA_REG 
     0000FF07  _TAC_REG  |    0000FF0F  _IF_REG   |    0000FF10  _NR10_REG
     0000FF11  _NR11_REG |    0000FF12  _NR12_REG |    0000FF13  _NR13_REG
     0000FF14  _NR14_REG |    0000FF16  _NR21_REG |    0000FF17  _NR22_REG
     0000FF18  _NR23_REG |    0000FF19  _NR24_REG |    0000FF1A  _NR30_REG
     0000FF1B  _NR31_REG |    0000FF1C  _NR32_REG |    0000FF1D  _NR33_REG
     0000FF1E  _NR34_REG |    0000FF20  _NR41_REG |    0000FF21  _NR42_REG
     0000FF22  _NR43_REG |    0000FF23  _NR44_REG |    0000FF24  _NR50_REG
     0000FF25  _NR51_REG |    0000FF26  _NR52_REG |    0000FF30  _AUD3WAVE
     0000FF30  _PCM_SAMP |    0000FF30  __AUD3WAV |    0000FF40  _LCDC_REG
     0000FF41  _STAT_REG |    0000FF42  _SCY_REG  |    0000FF43  _SCX_REG 
     0000FF44  _LY_REG   |    0000FF45  _LYC_REG  |    0000FF46  _DMA_REG 
     0000FF47  _BGP_REG  |    0000FF48  _OBP0_REG |    0000FF49  _OBP1_REG
     0000FF4A  _WY_REG   |    0000FF4B  _WX_REG   |    0000FF4D  _KEY1_REG
     0000FF4F  _VBK_REG  |    0000FF51  _HDMA1_RE |    0000FF52  _HDMA2_RE
     0000FF53  _HDMA3_RE |    0000FF54  _HDMA4_RE |    0000FF55  _HDMA5_RE
     0000FF56  _RP_REG   |    0000FF68  _BCPS_REG |    0000FF69  _BCPD_REG
     0000FF6A  _OCPS_REG |    0000FF6B  _OCPD_REG |    0000FF70  _SVBK_REG
     0000FF76  _PCM12_RE |    0000FF77  _PCM34_RE |    0000FF80  .refresh_
ASxxxx Linker V03.00 + NoICE + sdld,  page 2.
Hexadecimal  [32-Bits]

Area                       Addr        Size        Decimal Bytes (Attributes)
--------------------       ----        ----        ------- ----- ------------
.  .ABS.               00000000    00000000 =           0. bytes (ABS,CON)

        Value  Global            Value  Global            Value  Global    
        -----  ------            -----  ------            -----  ------    
     0000FF80  __HRAM    |    0000FFFF  _IE_REG  
ASxxxx Linker V03.00 + NoICE + sdld,  page 3.
Hexadecimal  [32-Bits]

Area                       Addr        Size        Decimal Bytes (Attributes)
--------------------       ----        ----        ------- ----- ------------
_CODE                  00000200    00000C1D =        3101. bytes (REL,CON)

        Value  Global            Value  Global            Value  Global    
        -----  ------            -----  ------            -----  ------    
     00000200  A$lcc3108 |    00000200  C$tactics |    00000200  G$change_
     00000200  _change_t |    00000201  A$lcc3108 |    00000202  A$lcc3108
     00000203  A$lcc3108 |    00000203  C$tactics |    00000204  A$lcc3108
     00000205  A$lcc3108 |    00000205  C$tactics |    00000207  A$lcc3108
     00000207  C$tactics |    00000207  C$tactics |    00000209  A$lcc3108
     0000020B  A$lcc3108 |    0000020D  A$lcc3108 |    0000020E  A$lcc3108
     00000210  A$lcc3108 |    00000212  A$lcc3108 |    00000212  C$tactics
     00000213  A$lcc3108 |    00000215  A$lcc3108 |    00000216  A$lcc3108
     00000217  A$lcc3108 |    00000218  A$lcc3108 |    00000219  A$lcc3108
     0000021B  A$lcc3108 |    0000021D  A$lcc3108 |    0000021D  C$tactics
     00000220  A$lcc3108 |    00000222  A$lcc3108 |    00000224  A$lcc3108
     00000224  C$tactics |    00000226  A$lcc3108 |    00000227  A$lcc3108
     00000228  A$lcc3108 |    00000229  A$lcc3108 |    0000022A  A$lcc3108
     0000022D  A$lcc3108 |    0000022E  A$lcc3108 |    0000022F  A$lcc3108
     00000232  A$lcc3108 |    00000232  C$tactics |    00000235  A$lcc3108
     00000237  A$lcc3108 |    00000238  A$lcc3108 |    0000023A  A$lcc3108
     0000023B  A$lcc3108 |    0000023C  A$lcc3108 |    0000023D  A$lcc3108
     00000240  A$lcc3108 |    00000241  A$lcc3108 |    00000242  A$lcc3108
     00000242  C$tactics |    00000243  A$lcc3108 |    00000243  C$tactics
     00000245  A$lcc3108 |    00000246  A$lcc3108 |    00000248  A$lcc3108
     0000024A  A$lcc3108 |    0000024B  A$lcc3108 |    0000024D  A$lcc3108
     0000024F  A$lcc3108 |    00000250  A$lcc3108 |    00000253  A$lcc3108
     00000254  A$lcc3108 |    00000254  C$tactics |    00000256  A$lcc3108
     00000257  A$lcc3108 |    00000259  A$lcc3108 |    0000025A  A$lcc3108
     0000025A  C$tactics |    0000025A  XG$change |    0000025B  G$Tiles$0
     0000025B  _Tiles    |    0000061B  G$Letters |    0000061B  _Letters 
     000008FB  G$colors$ |    000008FB  _colors   |    0000093B  G$MAP$0_0
     0000093B  _MAP      |    000009CB  A$lcc3108 |    000009CB  C$tactics
     000009CB  G$main$0$ |    000009CB  _main     |    000009CD  A$lcc3108
     000009CD  C$tactics |    000009D0  A$lcc3108 |    000009D0  C$tactics
     000009D3  A$lcc3108 |    000009D3  C$tactics |    000009D4  A$lcc3108
     000009D6  A$lcc3108 |    000009D6  C$tactics |    000009D9  A$lcc3108
     000009DA  A$lcc3108 |    000009DD  A$lcc3108 |    000009DE  A$lcc3108
     000009E1  A$lcc3108 |    000009E3  A$lcc3108 |    000009E3  C$tactics
     000009E6  A$lcc3108 |    000009E7  A$lcc3108 |    000009EA  A$lcc3108
     000009EB  A$lcc3108 |    000009EE  A$lcc3108 |    000009F0  A$lcc3108
     000009F0  C$tactics |    000009F2  A$lcc3108 |    000009F3  A$lcc3108
     000009F5  A$lcc3108 |    000009F8  A$lcc3108 |    000009F8  C$tactics
     000009FA  A$lcc3108 |    000009FC  A$lcc3108 |    000009FE  A$lcc3108
     000009FF  A$lcc3108 |    00000A01  A$lcc3108 |    00000A04  A$lcc3108
     00000A04  C$tactics |    00000A06  A$lcc3108 |    00000A07  A$lcc3108
     00000A08  A$lcc3108 |    00000A09  A$lcc3108 |    00000A0A  A$lcc3108
     00000A0B  A$lcc3108 |    00000A0D  A$lcc3108 |    00000A0E  A$lcc3108
     00000A10  A$lcc3108 |    00000A11  A$lcc3108 |    00000A13  A$lcc3108
     00000A14  A$lcc3108 |    00000A16  A$lcc3108 |    00000A18  A$lcc3108
     00000A1A  A$lcc3108 |    00000A1B  A$lcc3108 |    00000A1C  A$lcc3108
     00000A1D  A$lcc3108 |    00000A1E  A$lcc3108 |    00000A1F  A$lcc3108
     00000A20  A$lcc3108 |    00000A21  A$lcc3108 |    00000A23  A$lcc3108
     00000A24  A$lcc3108 |    00000A25  A$lcc3108 |    00000A26  A$lcc3108
     00000A28  A$lcc3108 |    00000A29  A$lcc3108 |    00000A2B  A$lcc3108
ASxxxx Linker V03.00 + NoICE + sdld,  page 4.
Hexadecimal  [32-Bits]

Area                       Addr        Size        Decimal Bytes (Attributes)
--------------------       ----        ----        ------- ----- ------------
_CODE                  00000200    00000C1D =        3101. bytes (REL,CON)

        Value  Global            Value  Global            Value  Global    
        -----  ------            -----  ------            -----  ------    
     00000A2D  A$lcc3108 |    00000A2E  A$lcc3108 |    00000A30  A$lcc3108
     00000A31  A$lcc3108 |    00000A32  A$lcc3108 |    00000A33  A$lcc3108
     00000A34  A$lcc3108 |    00000A35  A$lcc3108 |    00000A36  A$lcc3108
     00000A37  A$lcc3108 |    00000A38  A$lcc3108 |    00000A39  A$lcc3108
     00000A3A  A$lcc3108 |    00000A3B  A$lcc3108 |    00000A3D  A$lcc3108
     00000A3E  A$lcc3108 |    00000A3F  A$lcc3108 |    00000A40  A$lcc3108
     00000A42  A$lcc3108 |    00000A43  A$lcc3108 |    00000A44  A$lcc3108
     00000A45  A$lcc3108 |    00000A46  A$lcc3108 |    00000A49  A$lcc3108
     00000A4A  A$lcc3108 |    00000A4B  A$lcc3108 |    00000A4C  A$lcc3108
     00000A4E  A$lcc3108 |    00000A4F  A$lcc3108 |    00000A50  A$lcc3108
     00000A51  A$lcc3108 |    00000A53  A$lcc3108 |    00000A54  A$lcc3108
     00000A56  A$lcc3108 |    00000A57  A$lcc3108 |    00000A59  A$lcc3108
     00000A5A  A$lcc3108 |    00000A5B  A$lcc3108 |    00000A5C  A$lcc3108
     00000A5D  A$lcc3108 |    00000A5E  A$lcc3108 |    00000A5F  A$lcc3108
     00000A60  A$lcc3108 |    00000A61  A$lcc3108 |    00000A62  A$lcc3108
     00000A63  A$lcc3108 |    00000A65  A$lcc3108 |    00000A67  A$lcc3108
     00000A68  A$lcc3108 |    00000A69  A$lcc3108 |    00000A6A  A$lcc3108
     00000A6B  A$lcc3108 |    00000A6C  A$lcc3108 |    00000A6D  A$lcc3108
     00000A6E  A$lcc3108 |    00000A6F  A$lcc3108 |    00000A70  A$lcc3108
     00000A72  A$lcc3108 |    00000A73  A$lcc3108 |    00000A74  A$lcc3108
     00000A75  A$lcc3108 |    00000A77  A$lcc3108 |    00000A78  A$lcc3108
     00000A7A  A$lcc3108 |    00000A7B  A$lcc3108 |    00000A7C  A$lcc3108
     00000A7D  A$lcc3108 |    00000A7F  A$lcc3108 |    00000A81  A$lcc3108
     00000A83  A$lcc3108 |    00000A84  A$lcc3108 |    00000A85  A$lcc3108
     00000A86  A$lcc3108 |    00000A87  A$lcc3108 |    00000A88  A$lcc3108
     00000A89  A$lcc3108 |    00000A8A  A$lcc3108 |    00000A8C  A$lcc3108
     00000A8D  A$lcc3108 |    00000A8E  A$lcc3108 |    00000A8F  A$lcc3108
     00000A8F  C$tactics |    00000A90  A$lcc3108 |    00000A92  A$lcc3108
     00000A93  A$lcc3108 |    00000A94  A$lcc3108 |    00000A96  A$lcc3108
     00000A97  A$lcc3108 |    00000A99  A$lcc3108 |    00000A9A  A$lcc3108
     00000A9B  A$lcc3108 |    00000A9C  A$lcc3108 |    00000A9C  C$tactics
     00000A9E  A$lcc3108 |    00000A9F  A$lcc3108 |    00000AA0  A$lcc3108
     00000AA1  A$lcc3108 |    00000AA3  A$lcc3108 |    00000AA4  A$lcc3108
     00000AA6  A$lcc3108 |    00000AA7  A$lcc3108 |    00000AA9  A$lcc3108
     00000AAA  A$lcc3108 |    00000AAC  A$lcc3108 |    00000AAD  A$lcc3108
     00000AAF  A$lcc3108 |    00000AB0  A$lcc3108 |    00000AB2  A$lcc3108
     00000AB3  A$lcc3108 |    00000AB4  A$lcc3108 |    00000AB5  A$lcc3108
     00000AB6  A$lcc3108 |    00000AB7  A$lcc3108 |    00000AB8  A$lcc3108
     00000ABB  A$lcc3108 |    00000ABC  A$lcc3108 |    00000ABD  A$lcc3108
     00000ABE  A$lcc3108 |    00000AC0  A$lcc3108 |    00000AC1  A$lcc3108
     00000AC3  A$lcc3108 |    00000AC3  C$tactics |    00000AC4  A$lcc3108
     00000AC5  A$lcc3108 |    00000AC6  A$lcc3108 |    00000AC9  A$lcc3108
     00000AC9  C$tactics |    00000ACA  A$lcc3108 |    00000ACD  A$lcc3108
     00000ACD  C$tactics |    00000ACF  A$lcc3108 |    00000AD1  A$lcc3108
     00000AD3  A$lcc3108 |    00000AD4  A$lcc3108 |    00000AD6  A$lcc3108
     00000AD8  A$lcc3108 |    00000AD8  C$tactics |    00000ADA  A$lcc3108
     00000ADB  A$lcc3108 |    00000ADD  A$lcc3108 |    00000ADF  A$lcc3108
     00000ADF  C$tactics |    00000AE1  A$lcc3108 |    00000AE2  A$lcc3108
     00000AE4  A$lcc3108 |    00000AE5  A$lcc3108 |    00000AE6  A$lcc3108
     00000AE7  A$lcc3108 |    00000AE8  A$lcc3108 |    00000AE9  A$lcc3108
     00000AEA  A$lcc3108 |    00000AEC  A$lcc3108 |    00000AED  A$lcc3108
ASxxxx Linker V03.00 + NoICE + sdld,  page 5.
Hexadecimal  [32-Bits]

Area                       Addr        Size        Decimal Bytes (Attributes)
--------------------       ----        ----        ------- ----- ------------
_CODE                  00000200    00000C1D =        3101. bytes (REL,CON)

        Value  Global            Value  Global            Value  Global    
        -----  ------            -----  ------            -----  ------    
     00000AEE  A$lcc3108 |    00000AF0  A$lcc3108 |    00000AF1  A$lcc3108
     00000AF3  A$lcc3108 |    00000AF3  C$tactics |    00000AF4  A$lcc3108
     00000AF6  A$lcc3108 |    00000AF6  C$tactics |    00000AF8  A$lcc3108
     00000AF9  A$lcc3108 |    00000AFB  A$lcc3108 |    00000AFB  C$tactics
     00000AFE  A$lcc3108 |    00000AFF  A$lcc3108 |    00000B02  A$lcc3108
     00000B03  A$lcc3108 |    00000B06  A$lcc3108 |    00000B08  A$lcc3108
     00000B0B  A$lcc3108 |    00000B0D  A$lcc3108 |    00000B10  A$lcc3108
     00000B12  A$lcc3108 |    00000B15  A$lcc3108 |    00000B17  A$lcc3108
     00000B1A  A$lcc3108 |    00000B1C  A$lcc3108 |    00000B1C  C$tactics
     00000B1F  A$lcc3108 |    00000B20  A$lcc3108 |    00000B22  A$lcc3108
     00000B23  A$lcc3108 |    00000B24  A$lcc3108 |    00000B27  A$lcc3108
     00000B28  A$lcc3108 |    00000B2B  A$lcc3108 |    00000B2D  A$lcc3108
     00000B2D  C$tactics |    00000B30  A$lcc3108 |    00000B33  A$lcc3108
     00000B33  C$tactics |    00000B36  A$lcc3108 |    00000B37  A$lcc3108
     00000B3A  A$lcc3108 |    00000B3B  A$lcc3108 |    00000B3E  A$lcc3108
     00000B40  A$lcc3108 |    00000B40  C$tactics |    00000B42  A$lcc3108
     00000B44  A$lcc3108 |    00000B45  A$lcc3108 |    00000B45  C$tactics
     00000B47  A$lcc3108 |    00000B49  A$lcc3108 |    00000B49  C$tactics
     00000B49  C$tactics |    00000B4C  A$lcc3108 |    00000B4D  A$lcc3108
     00000B4E  A$lcc3108 |    00000B50  A$lcc3108 |    00000B50  C$tactics
     00000B51  A$lcc3108 |    00000B53  A$lcc3108 |    00000B53  C$tactics
     00000B56  A$lcc3108 |    00000B57  A$lcc3108 |    00000B57  C$tactics
     00000B59  A$lcc3108 |    00000B5B  A$lcc3108 |    00000B5B  C$tactics
     00000B5E  A$lcc3108 |    00000B5F  A$lcc3108 |    00000B60  A$lcc3108
     00000B62  A$lcc3108 |    00000B62  C$tactics |    00000B63  A$lcc3108
     00000B65  A$lcc3108 |    00000B65  C$tactics |    00000B67  A$lcc3108
     00000B69  A$lcc3108 |    00000B69  C$tactics |    00000B6C  A$lcc3108
     00000B6D  A$lcc3108 |    00000B6F  A$lcc3108 |    00000B71  A$lcc3108
     00000B71  C$tactics |    00000B72  A$lcc3108 |    00000B74  A$lcc3108
     00000B74  C$tactics |    00000B76  A$lcc3108 |    00000B78  A$lcc3108
     00000B78  C$tactics |    00000B7B  A$lcc3108 |    00000B7C  A$lcc3108
     00000B7D  A$lcc3108 |    00000B7F  A$lcc3108 |    00000B7F  C$tactics
     00000B80  A$lcc3108 |    00000B82  A$lcc3108 |    00000B82  C$tactics
     00000B84  A$lcc3108 |    00000B86  A$lcc3108 |    00000B86  C$tactics
     00000B89  A$lcc3108 |    00000B8A  A$lcc3108 |    00000B8C  A$lcc3108
     00000B8E  A$lcc3108 |    00000B8E  C$tactics |    00000B8F  A$lcc3108
     00000B8F  C$tactics |    00000B90  A$lcc3108 |    00000B91  A$lcc3108
     00000B93  A$lcc3108 |    00000B93  C$tactics |    00000B96  A$lcc3108
     00000B98  A$lcc3108 |    00000B98  C$tactics |    00000B9B  A$lcc3108
     00000B9C  A$lcc3108 |    00000B9E  A$lcc3108 |    00000B9F  A$lcc3108
     00000BA0  A$lcc3108 |    00000BA1  A$lcc3108 |    00000BA2  A$lcc3108
     00000BA3  A$lcc3108 |    00000BA4  A$lcc3108 |    00000BA7  A$lcc3108
     00000BA8  A$lcc3108 |    00000BA9  A$lcc3108 |    00000BAA  A$lcc3108
     00000BAD  A$lcc3108 |    00000BAE  A$lcc3108 |    00000BB0  A$lcc3108
     00000BB1  A$lcc3108 |    00000BB2  A$lcc3108 |    00000BB2  C$tactics
     00000BB4  A$lcc3108 |    00000BB5  A$lcc3108 |    00000BB6  A$lcc3108
     00000BB9  A$lcc3108 |    00000BBA  A$lcc3108 |    00000BBB  A$lcc3108
     00000BBC  A$lcc3108 |    00000BBD  A$lcc3108 |    00000BBD  C$tactics
     00000BBE  A$lcc3108 |    00000BBF  A$lcc3108 |    00000BC2  A$lcc3108
     00000BC2  C$tactics |    00000BC5  A$lcc3108 |    00000BC8  A$lcc3108
     00000BC9  A$lcc3108 |    00000BCB  A$lcc3108 |    00000BCB  C$tactics
ASxxxx Linker V03.00 + NoICE + sdld,  page 6.
Hexadecimal  [32-Bits]

Area                       Addr        Size        Decimal Bytes (Attributes)
--------------------       ----        ----        ------- ----- ------------
_CODE                  00000200    00000C1D =        3101. bytes (REL,CON)

        Value  Global            Value  Global            Value  Global    
        -----  ------            -----  ------            -----  ------    
     00000BCC  A$lcc3108 |    00000BCE  A$lcc3108 |    00000BCE  C$tactics
     00000BD1  A$lcc3108 |    00000BD3  A$lcc3108 |    00000BD5  A$lcc3108
     00000BD6  A$lcc3108 |    00000BD8  A$lcc3108 |    00000BD9  A$lcc3108
     00000BDC  A$lcc3108 |    00000BDD  A$lcc3108 |    00000BDF  A$lcc3108
     00000BE0  A$lcc3108 |    00000BE1  A$lcc3108 |    00000BE2  A$lcc3108
     00000BE3  A$lcc3108 |    00000BE4  A$lcc3108 |    00000BE5  A$lcc3108
     00000BE7  A$lcc3108 |    00000BE9  A$lcc3108 |    00000BEB  A$lcc3108
     00000BED  A$lcc3108 |    00000BEE  A$lcc3108 |    00000BF0  A$lcc3108
     00000BF2  A$lcc3108 |    00000BF4  A$lcc3108 |    00000BF5  A$lcc3108
     00000BF7  A$lcc3108 |    00000BF7  C$tactics |    00000BFA  A$lcc3108
     00000BFB  A$lcc3108 |    00000BFB  C$tactics |    00000BFE  A$lcc3108
     00000C01  A$lcc3108 |    00000C02  A$lcc3108 |    00000C04  A$lcc3108
     00000C04  C$tactics |    00000C05  A$lcc3108 |    00000C07  A$lcc3108
     00000C07  C$tactics |    00000C0A  A$lcc3108 |    00000C0C  A$lcc3108
     00000C0E  A$lcc3108 |    00000C0F  A$lcc3108 |    00000C11  A$lcc3108
     00000C12  A$lcc3108 |    00000C15  A$lcc3108 |    00000C16  A$lcc3108
     00000C18  A$lcc3108 |    00000C19  A$lcc3108 |    00000C1A  A$lcc3108
     00000C1B  A$lcc3108 |    00000C1C  A$lcc3108 |    00000C1D  A$lcc3108
     00000C1E  A$lcc3108 |    00000C20  A$lcc3108 |    00000C22  A$lcc3108
     00000C24  A$lcc3108 |    00000C26  A$lcc3108 |    00000C27  A$lcc3108
     00000C29  A$lcc3108 |    00000C2B  A$lcc3108 |    00000C2D  A$lcc3108
     00000C2E  A$lcc3108 |    00000C30  A$lcc3108 |    00000C30  C$tactics
     00000C33  A$lcc3108 |    00000C34  A$lcc3108 |    00000C34  C$tactics
     00000C37  A$lcc3108 |    00000C39  A$lcc3108 |    00000C3B  A$lcc3108
     00000C3E  A$lcc3108 |    00000C3E  C$tactics |    00000C41  A$lcc3108
     00000C43  A$lcc3108 |    00000C45  A$lcc3108 |    00000C48  A$lcc3108
     00000C49  A$lcc3108 |    00000C49  C$tactics |    00000C4A  A$lcc3108
     00000C4A  C$tactics |    00000C4C  A$lcc3108 |    00000C4F  A$lcc3108
     00000C50  A$lcc3108 |    00000C52  A$lcc3108 |    00000C52  C$tactics
     00000C54  A$lcc3108 |    00000C56  A$lcc3108 |    00000C58  A$lcc3108
     00000C5A  A$lcc3108 |    00000C5A  C$tactics |    00000C5C  A$lcc3108
     00000C5D  A$lcc3108 |    00000C60  A$lcc3108 |    00000C61  A$lcc3108
     00000C63  A$lcc3108 |    00000C63  C$tactics |    00000C65  A$lcc3108
     00000C67  A$lcc3108 |    00000C69  A$lcc3108 |    00000C69  C$tactics
     00000C6B  A$lcc3108 |    00000C6E  A$lcc3108 |    00000C6F  A$lcc3108
     00000C71  A$lcc3108 |    00000C71  C$tactics |    00000C73  A$lcc3108
     00000C75  A$lcc3108 |    00000C77  A$lcc3108 |    00000C79  A$lcc3108
     00000C79  C$tactics |    00000C7B  A$lcc3108 |    00000C7C  A$lcc3108
     00000C7F  A$lcc3108 |    00000C80  A$lcc3108 |    00000C82  A$lcc3108
     00000C82  C$tactics |    00000C84  A$lcc3108 |    00000C86  A$lcc3108
     00000C88  A$lcc3108 |    00000C8B  A$lcc3108 |    00000C8E  A$lcc3108
     00000C8F  A$lcc3108 |    00000C91  A$lcc3108 |    00000C93  A$lcc3108
     00000C95  A$lcc3108 |    00000C96  A$lcc3108 |    00000C99  A$lcc3108
     00000C9C  A$lcc3108 |    00000C9D  A$lcc3108 |    00000C9F  A$lcc3108
     00000CA1  A$lcc3108 |    00000CA3  A$lcc3108 |    00000CA4  A$lcc3108
     00000CA7  A$lcc3108 |    00000CA8  A$lcc3108 |    00000CA9  A$lcc3108
     00000CAA  A$lcc3108 |    00000CAD  A$lcc3108 |    00000CB0  A$lcc3108
     00000CB1  A$lcc3108 |    00000CB3  A$lcc3108 |    00000CB5  A$lcc3108
     00000CB7  A$lcc3108 |    00000CB8  A$lcc3108 |    00000CBB  A$lcc3108
     00000CBE  A$lcc3108 |    00000CBF  A$lcc3108 |    00000CC1  A$lcc3108
     00000CC3  A$lcc3108 |    00000CC5  A$lcc3108 |    00000CC6  A$lcc3108
ASxxxx Linker V03.00 + NoICE + sdld,  page 7.
Hexadecimal  [32-Bits]

Area                       Addr        Size        Decimal Bytes (Attributes)
--------------------       ----        ----        ------- ----- ------------
_CODE                  00000200    00000C1D =        3101. bytes (REL,CON)

        Value  Global            Value  Global            Value  Global    
        -----  ------            -----  ------            -----  ------    
     00000CC9  A$lcc3108 |    00000CCA  A$lcc3108 |    00000CCB  A$lcc3108
     00000CCC  A$lcc3108 |    00000CCF  A$lcc3108 |    00000CD2  A$lcc3108
     00000CD3  A$lcc3108 |    00000CD5  A$lcc3108 |    00000CD7  A$lcc3108
     00000CD9  A$lcc3108 |    00000CDA  A$lcc3108 |    00000CDD  A$lcc3108
     00000CE0  A$lcc3108 |    00000CE1  A$lcc3108 |    00000CE3  A$lcc3108
     00000CE5  A$lcc3108 |    00000CE7  A$lcc3108 |    00000CE8  A$lcc3108
     00000CEB  A$lcc3108 |    00000CEC  A$lcc3108 |    00000CED  A$lcc3108
     00000CEE  A$lcc3108 |    00000CF1  A$lcc3108 |    00000CF4  A$lcc3108
     00000CF5  A$lcc3108 |    00000CF7  A$lcc3108 |    00000CF9  A$lcc3108
     00000CFB  A$lcc3108 |    00000CFC  A$lcc3108 |    00000CFF  A$lcc3108
     00000D02  A$lcc3108 |    00000D03  A$lcc3108 |    00000D05  A$lcc3108
     00000D07  A$lcc3108 |    00000D09  A$lcc3108 |    00000D0A  A$lcc3108
     00000D0D  A$lcc3108 |    00000D0E  A$lcc3108 |    00000D0F  A$lcc3108
     00000D10  A$lcc3108 |    00000D10  C$tactics |    00000D13  A$lcc3108
     00000D14  A$lcc3108 |    00000D14  C$tactics |    00000D15  A$lcc3108
     00000D17  A$lcc3108 |    00000D19  A$lcc3108 |    00000D19  C$tactics
     00000D1C  A$lcc3108 |    00000D1E  A$lcc3108 |    00000D21  A$lcc3108
     00000D23  A$lcc3108 |    00000D26  A$lcc3108 |    00000D28  A$lcc3108
     00000D2B  A$lcc3108 |    00000D2D  A$lcc3108 |    00000D30  A$lcc3108
     00000D32  A$lcc3108 |    00000D32  C$tactics |    00000D34  A$lcc3108
     00000D34  C$tactics |    00000D37  A$lcc3108 |    00000D39  A$lcc3108
     00000D3B  A$lcc3108 |    00000D3E  A$lcc3108 |    00000D40  A$lcc3108
     00000D43  A$lcc3108 |    00000D45  A$lcc3108 |    00000D48  A$lcc3108
     00000D4A  A$lcc3108 |    00000D4D  A$lcc3108 |    00000D4F  A$lcc3108
     00000D4F  C$tactics |    00000D4F  C$tactics |    00000D52  A$lcc3108
     00000D52  C$tactics |    00000D54  A$lcc3108 |    00000D56  A$lcc3108
     00000D56  C$tactics |    00000D58  A$lcc3108 |    00000D5A  A$lcc3108
     00000D5C  A$lcc3108 |    00000D5C  C$tactics |    00000D5E  A$lcc3108
     00000D60  A$lcc3108 |    00000D63  A$lcc3108 |    00000D65  A$lcc3108
     00000D65  C$tactics |    00000D65  XG$main$0 |    00000D66  Ftactics$
     00000D6D  Ftactics$ |    00000D74  Ftactics$ |    00000D7B  Ftactics$
     00000D82  Ftactics$ |    00000D89  Ftactics$ |    00000D90  Ftactics$
     00000D97  Ftactics$ |    00000D9E  Ftactics$ |    00000DA5  Ftactics$
     00000DAC  Ftactics$ |    00000DB3  _copy_win |    00000DD2  _set_spri
     00000DD7  _set_bkg_ |    00000DDA  .set_pale |    00000DF9  _set_spri
     00000DFE  _set_bkg_ |    00000E01  .set_pale
ASxxxx Linker V03.00 + NoICE + sdld,  page 8.
Hexadecimal  [32-Bits]

Area                       Addr        Size        Decimal Bytes (Attributes)
--------------------       ----        ----        ------- ----- ------------
_HEADER0               00000000    00000001 =           1. bytes (ABS,CON)

        Value  Global            Value  Global            Value  Global    
        -----  ------            -----  ------            -----  ------    
     00000020  .call_hl 
ASxxxx Linker V03.00 + NoICE + sdld,  page 9.
Hexadecimal  [32-Bits]

Area                       Addr        Size        Decimal Bytes (Attributes)
--------------------       ----        ----        ------- ----- ------------
_HEADER1               00000000    00000005 =           5. bytes (ABS,CON)

        Value  Global            Value  Global            Value  Global    
        -----  ------            -----  ------            -----  ------    
     00000028  .MemsetSm
ASxxxx Linker V03.00 + NoICE + sdld,  page 10.
Hexadecimal  [32-Bits]

Area                       Addr        Size        Decimal Bytes (Attributes)
--------------------       ----        ----        ------- ----- ------------
_HEADER2               00000000    00000007 =           7. bytes (ABS,CON)

        Value  Global            Value  Global            Value  Global    
        -----  ------            -----  ------            -----  ------    
     00000030  .MemcpySm
ASxxxx Linker V03.00 + NoICE + sdld,  page 11.
Hexadecimal  [32-Bits]

Area                       Addr        Size        Decimal Bytes (Attributes)
--------------------       ----        ----        ------- ----- ------------
_HEADER3               00000000    00000008 =           8. bytes (ABS,CON)

        Value  Global            Value  Global            Value  Global    
        -----  ------            -----  ------            -----  ------    
ASxxxx Linker V03.00 + NoICE + sdld,  page 12.
Hexadecimal  [32-Bits]

Area                       Addr        Size        Decimal Bytes (Attributes)
--------------------       ----        ----        ------- ----- ------------
_HEADER4               00000000    0000004C =          76. bytes (ABS,CON)

        Value  Global            Value  Global            Value  Global    
        -----  ------            -----  ------            -----  ------    
     00000080  .int      |    0000008F  _wait_int |    0000009C  __standar
     000000AC  _refresh_
ASxxxx Linker V03.00 + NoICE + sdld,  page 13.
Hexadecimal  [32-Bits]

Area                       Addr        Size        Decimal Bytes (Attributes)
--------------------       ----        ----        ------- ----- ------------
_HEADER5               00000000    00000002 =           2. bytes (ABS,CON)

        Value  Global            Value  Global            Value  Global    
        -----  ------            -----  ------            -----  ------    
ASxxxx Linker V03.00 + NoICE + sdld,  page 14.
Hexadecimal  [32-Bits]

Area                       Addr        Size        Decimal Bytes (Attributes)
--------------------       ----        ----        ------- ----- ------------
_HEADER6               00000000    00000030 =          48. bytes (ABS,CON)

        Value  Global            Value  Global            Value  Global    
        -----  ------            -----  ------            -----  ------    
ASxxxx Linker V03.00 + NoICE + sdld,  page 15.
Hexadecimal  [32-Bits]

Area                       Addr        Size        Decimal Bytes (Attributes)
--------------------       ----        ----        ------- ----- ------------
_HEADER7               00000000    00000006 =           6. bytes (ABS,CON)

        Value  Global            Value  Global            Value  Global    
        -----  ------            -----  ------            -----  ------    
ASxxxx Linker V03.00 + NoICE + sdld,  page 16.
Hexadecimal  [32-Bits]

Area                       Addr        Size        Decimal Bytes (Attributes)
--------------------       ----        ----        ------- ----- ------------
_HEADER8               00000000    00000003 =           3. bytes (ABS,CON)

        Value  Global            Value  Global            Value  Global    
        -----  ------            -----  ------            -----  ------    
ASxxxx Linker V03.00 + NoICE + sdld,  page 17.
Hexadecimal  [32-Bits]

Area                       Addr        Size        Decimal Bytes (Attributes)
--------------------       ----        ----        ------- ----- ------------
_HEADER9               00000000    00000001 =           1. bytes (ABS,CON)

        Value  Global            Value  Global            Value  Global    
        -----  ------            -----  ------            -----  ------    
ASxxxx Linker V03.00 + NoICE + sdld,  page 18.
Hexadecimal  [32-Bits]

Area                       Addr        Size        Decimal Bytes (Attributes)
--------------------       ----        ----        ------- ----- ------------
_HEADERa               00000000    00000001 =           1. bytes (ABS,CON)

        Value  Global            Value  Global            Value  Global    
        -----  ------            -----  ------            -----  ------    
ASxxxx Linker V03.00 + NoICE + sdld,  page 19.
Hexadecimal  [32-Bits]

Area                       Addr        Size        Decimal Bytes (Attributes)
--------------------       ----        ----        ------- ----- ------------
_HEADERb               00000000    00000001 =           1. bytes (ABS,CON)

        Value  Global            Value  Global            Value  Global    
        -----  ------            -----  ------            -----  ------    
ASxxxx Linker V03.00 + NoICE + sdld,  page 20.
Hexadecimal  [32-Bits]

Area                       Addr        Size        Decimal Bytes (Attributes)
--------------------       ----        ----        ------- ----- ------------
_HEADERc               00000000    00000002 =           2. bytes (ABS,CON)

        Value  Global            Value  Global            Value  Global    
        -----  ------            -----  ------            -----  ------    
ASxxxx Linker V03.00 + NoICE + sdld,  page 21.
Hexadecimal  [32-Bits]

Area                       Addr        Size        Decimal Bytes (Attributes)
--------------------       ----        ----        ------- ----- ------------
_HEADERd               00000000    00000001 =           1. bytes (ABS,CON)

        Value  Global            Value  Global            Value  Global    
        -----  ------            -----  ------            -----  ------    
ASxxxx Linker V03.00 + NoICE + sdld,  page 22.
Hexadecimal  [32-Bits]

Area                       Addr        Size        Decimal Bytes (Attributes)
--------------------       ----        ----        ------- ----- ------------
_HEADERe               00000000    00000001 =           1. bytes (ABS,CON)

        Value  Global            Value  Global            Value  Global    
        -----  ------            -----  ------            -----  ------    
ASxxxx Linker V03.00 + NoICE + sdld,  page 23.
Hexadecimal  [32-Bits]

Area                       Addr        Size        Decimal Bytes (Attributes)
--------------------       ----        ----        ------- ----- ------------
_HEADERf               00000000    00000002 =           2. bytes (ABS,CON)

        Value  Global            Value  Global            Value  Global    
        -----  ------            -----  ------            -----  ------    
ASxxxx Linker V03.00 + NoICE + sdld,  page 24.
Hexadecimal  [32-Bits]

Area                       Addr        Size        Decimal Bytes (Attributes)
--------------------       ----        ----        ------- ----- ------------
_HEADER10              00000000    00000084 =         132. bytes (ABS,CON)

        Value  Global            Value  Global            Value  Global    
        -----  ------            -----  ------            -----  ------    
     00000150  .reset    |    00000150  _reset    |    00000157  .code_sta
     000001B9  _exit     |    000001BD  _set_inte
ASxxxx Linker V03.00 + NoICE + sdld,  page 25.
Hexadecimal  [32-Bits]

Area                       Addr        Size        Decimal Bytes (Attributes)
--------------------       ----        ----        ------- ----- ------------
_HEADER11              00000000    00000001 =           1. bytes (ABS,CON)

        Value  Global            Value  Global            Value  Global    
        -----  ------            -----  ------            -----  ------    
ASxxxx Linker V03.00 + NoICE + sdld,  page 26.
Hexadecimal  [32-Bits]

Area                       Addr        Size        Decimal Bytes (Attributes)
--------------------       ----        ----        ------- ----- ------------
_HOME                  00000E1D    00000170 =         368. bytes (REL,CON)

        Value  Global            Value  Global            Value  Global    
        -----  ------            -----  ------            -----  ------    
     00000E1D  .memset_s |    00000E26  .memcpy_s |    00000E43  .remove_V
     00000E46  .remove_i |    00000E63  .add_VBL  |    00000E66  .add_int 
     00000E71  .wait_vbl |    00000E71  _wait_vbl |    00000E81  .display_
     00000E81  _display_ |    00000E99  _remove_V |    00000EA4  _add_VBL 
     00000EAF  _set_tile |    00000EB4  _set_bkg_ |    00000EB4  _set_win_
     00000EBC  _set_spri |    00000EEC  _init_win |    00000EF5  _init_bkg
     00000EFE  _vmemset  |    00000F0F  .padup    |    00000F0F  _waitpadu
     00000F1F  .jpad     |    00000F1F  _joypad   |    00000F47  _waitpad 
     00000F48  .wait_pad |    00000F4F  .init_wtt |    00000F57  .init_btt
     00000F65  .init_tt  |    00000F68  .init_vra
ASxxxx Linker V03.00 + NoICE + sdld,  page 27.
Hexadecimal  [32-Bits]

Area                       Addr        Size        Decimal Bytes (Attributes)
--------------------       ----        ----        ------- ----- ------------
_INITIALIZER           00000F8D    00000034 =          52. bytes (REL,CON)

        Value  Global            Value  Global            Value  Global    
        -----  ------            -----  ------            -----  ------    
     00000F8D  Ftactics$ |    00000FA7  Ftactics$
ASxxxx Linker V03.00 + NoICE + sdld,  page 28.
Hexadecimal  [32-Bits]

Area                       Addr        Size        Decimal Bytes (Attributes)
--------------------       ----        ----        ------- ----- ------------
_GSINIT                00000FC1    0000002A =          42. bytes (REL,CON)

        Value  Global            Value  Global            Value  Global    
        -----  ------            -----  ------            -----  ------    
     00000FC1  gsinit    |    00000FCD  A$lcc3108 |    00000FCD  C$tactics
     00000FD0  A$lcc3108 |    00000FD2  A$lcc3108 |    00000FD2  C$tactics
     00000FD5  A$lcc3108 |    00000FD7  A$lcc3108 |    00000FD7  C$tactics
     00000FDA  A$lcc3108 |    00000FDC  A$lcc3108 |    00000FDC  C$tactics
     00000FDF  A$lcc3108 |    00000FE1  A$lcc3108 |    00000FE1  C$tactics
     00000FE4  A$lcc3108 |    00000FE6  A$lcc3108 |    00000FE6  C$tactics
     00000FE9  A$lcc3108
ASxxxx Linker V03.00 + NoICE + sdld,  page 29.
Hexadecimal  [32-Bits]

Area                       Addr        Size        Decimal Bytes (Attributes)
--------------------       ----        ----        ------- ----- ------------
_GSFINAL               00000FEB    00000001 =           1. bytes (REL,CON)

        Value  Global            Value  Global            Value  Global    
        -----  ------            -----  ------            -----  ------    
ASxxxx Linker V03.00 + NoICE + sdld,  page 30.
Hexadecimal  [32-Bits]

Area                       Addr        Size        Decimal Bytes (Attributes)
--------------------       ----        ----        ------- ----- ------------
_DATA                  0000C0A0    0000005A =          90. bytes (REL,CON)

        Value  Global            Value  Global            Value  Global    
        -----  ------            -----  ------            -----  ------    
     0000C0A0  __cpu     |    0000C0A1  __is_GBA  |    0000C0A2  .mode    
     0000C0A3  .sys_time |    0000C0A3  _sys_time |    0000C0A5  .int_0x40
     0000C0B1  G$windowB |    0000C0B1  _windowBu |    0000C0F1  Ltactics.
     0000C0F2  Ltactics. |    0000C0F3  Ltactics. |    0000C0F4  Ltactics.
     0000C0F5  Ltactics. |    0000C0F6  Ltactics. |    0000C0F7  Ltactics.
     0000C0F8  Ltactics. |    0000C0F9  Ltactics.
ASxxxx Linker V03.00 + NoICE + sdld,  page 31.
Hexadecimal  [32-Bits]

Area                       Addr        Size        Decimal Bytes (Attributes)
--------------------       ----        ----        ------- ----- ------------
_INITIALIZED           0000C0FA    00000034 =          52. bytes (REL,CON)

        Value  Global            Value  Global            Value  Global    
        -----  ------            -----  ------            -----  ------    
     0000C0FA  G$display |    0000C0FA  _displayT |    0000C114  G$letter_
     0000C114  _letter_t
ASxxxx Linker V03.00 + NoICE + sdld,  page 32.
Hexadecimal  [32-Bits]

Area                       Addr        Size        Decimal Bytes (Attributes)
--------------------       ----        ----        ------- ----- ------------
_HRAM12                00000000    00000003 =           3. bytes (ABS,CON)

        Value  Global            Value  Global            Value  Global    
        -----  ------            -----  ------            -----  ------    
     0000FF90  __current |    0000FF92  __shadow_
ASxxxx Linker V03.00 + NoICE + sdld,  page 33.

Files Linked                              [ module(s) ]

C:\Users\gerzy\OneDrive - Florida Polytechnic University\Documents\Merpcraft Stuff\codeforces\gmamer_boy\gbdk\lib/gb/crt0.o
                                          [ Runtime ]
C:\Users\gerzy\AppData\Local\Temp/lcc310840.o
                                          [ tactics ]
C:\Users\gerzy\AppData\Local\Temp/lcc310841.o
                                          [  ]


Libraries Linked                          [ object file ]

C:\Users\gerzy\OneDrive - Florida Polytechnic University\Documents\Merpcraft Stuff\codeforces\gmamer_boy\gbdk\lib/gb/gb.lib
                                          [ sfr.o ]
C:\Users\gerzy\OneDrive - Florida Polytechnic University\Documents\Merpcraft Stuff\codeforces\gmamer_boy\gbdk\lib/gb/gb.lib
                                          [ cgb_palettes.o ]
C:\Users\gerzy\OneDrive - Florida Polytechnic University\Documents\Merpcraft Stuff\codeforces\gmamer_boy\gbdk\lib/gb/gb.lib
                                          [ set_data.o ]
C:\Users\gerzy\OneDrive - Florida Polytechnic University\Documents\Merpcraft Stuff\codeforces\gmamer_boy\gbdk\lib/gb/gb.lib
                                          [ init_vram.o ]
C:\Users\gerzy\OneDrive - Florida Polytechnic University\Documents\Merpcraft Stuff\codeforces\gmamer_boy\gbdk\lib/gb/gb.lib
                                          [ pad.o ]
C:\Users\gerzy\OneDrive - Florida Polytechnic University\Documents\Merpcraft Stuff\codeforces\gmamer_boy\gbdk\lib/gb/gb.lib
                                          [ init_tt.o ]

ASxxxx Linker V03.00 + NoICE + sdld,  page 34.

User Base Address Definitions

_DATA=0xC0A0
_CODE=0x0200
ASxxxx Linker V03.00 + NoICE + sdld,  page 35.

User Global Definitions

_shadow_OAM=0xC000
.STACK=0xE000
.refresh_OAM=0xFF80

